157.90.182.23 - - [10/Feb/2024:00:32:57 +0500] "GET /news/879/show HTTP/1.1" 200 25141 "-" "Mozilla/5.0 (compatible; BLEXBot/1.0; +http://webmeup-crawler.com/)"
52.167.144.217 - - [10/Feb/2024:00:32:58 +0500] "GET /news/182/show HTTP/1.1" 200 27512 "-" "Mozilla/5.0 AppleWebKit/537.36 (KHTML, like Gecko; compatible; bingbot/2.0; +http://www.bing.com/bingbot.htm) Chrome/116.0.1938.76 Safari/537.36"
157.90.182.23 - - [10/Feb/2024:00:33:01 +0500] "GET /news/1157/show HTTP/1.1" 200 28799 "-" "Mozilla/5.0 (compatible; BLEXBot/1.0; +http://webmeup-crawler.com/)"
157.90.182.23 - - [10/Feb/2024:00:33:03 +0500] "GET /news/882/show HTTP/1.1" 200 26074 "-" "Mozilla/5.0 (compatible; BLEXBot/1.0; +http://webmeup-crawler.com/)"
157.90.182.23 - - [10/Feb/2024:00:33:08 +0500] "GET /news/1158/show HTTP/1.1" 200 26510 "-" "Mozilla/5.0 (compatible; BLEXBot/1.0; +http://webmeup-crawler.com/)"
217.174.238.111 - - [10/Feb/2024:00:33:09 +0500] "GET / HTTP/1.1" 200 151406 "-" "Uptime-Kuma/1.23.3"
157.90.182.23 - - [10/Feb/2024:00:33:12 +0500] "GET /news/885/show HTTP/1.1" 200 26856 "-" "Mozilla/5.0 (compatible; BLEXBot/1.0; +http://webmeup-crawler.com/)"
157.90.182.23 - - [10/Feb/2024:00:33:14 +0500] "GET /news/1159/show HTTP/1.1" 200 27402 "-" "Mozilla/5.0 (compatible; BLEXBot/1.0; +http://webmeup-crawler.com/)"
157.90.182.23 - - [10/Feb/2024:00:33:16 +0500] "GET /news/888/show HTTP/1.1" 200 27135 "-" "Mozilla/5.0 (compatible; BLEXBot/1.0; +http://webmeup-crawler.com/)"
157.90.182.23 - - [10/Feb/2024:00:33:18 +0500] "GET /news/1160/show HTTP/1.1" 200 27747 "-" "Mozilla/5.0 (compatible; BLEXBot/1.0; +http://webmeup-crawler.com/)"
93.171.223.12 - - [10/Feb/2024:00:33:19 +0500] "GET / HTTP/1.1" 200 151406 "-" "Uptime-Kuma/1.23.3"
157.90.182.23 - - [10/Feb/2024:00:33:24 +0500] "GET /news/1161/show HTTP/1.1" 200 26971 "-" "Mozilla/5.0 (compatible; BLEXBot/1.0; +http://webmeup-crawler.com/)"
95.85.112.5 - - [10/Feb/2024:00:33:26 +0500] "GET / HTTP/1.1" 200 151374 "-" "Uptime-Kuma/1.23.1"
157.90.182.23 - - [10/Feb/2024:00:33:29 +0500] "GET /news/892/show HTTP/1.1" 200 26638 "-" "Mozilla/5.0 (compatible; BLEXBot/1.0; +http://webmeup-crawler.com/)"
217.174.238.111 - - [10/Feb/2024:00:33:29 +0500] "GET / HTTP/1.1" 200 151406 "-" "Uptime-Kuma/1.23.3"
157.90.182.23 - - [10/Feb/2024:00:33:31 +0500] "GET /news/1162/show HTTP/1.1" 200 34254 "-" "Mozilla/5.0 (compatible; BLEXBot/1.0; +http://webmeup-crawler.com/)"
157.90.182.23 - - [10/Feb/2024:00:33:39 +0500] "GET /news/1163/show HTTP/1.1" 200 25500 "-" "Mozilla/5.0 (compatible; BLEXBot/1.0; +http://webmeup-crawler.com/)"
93.171.223.12 - - [10/Feb/2024:00:33:40 +0500] "GET / HTTP/1.1" 200 151406 "-" "Uptime-Kuma/1.23.3"
52.167.144.188 - - [10/Feb/2024:00:33:47 +0500] "GET /assets/fonts/Roboto-Italic.ttf HTTP/1.1" 200 182984 "-" "Mozilla/5.0 AppleWebKit/537.36 (KHTML, like Gecko; compatible; bingbot/2.0; +http://www.bing.com/bingbot.htm) Chrome/116.0.1938.76 Safari/537.36"
52.167.144.188 - - [10/Feb/2024:00:33:47 +0500] "GET /assets/fonts/Roboto-Italic.woff HTTP/1.1" 200 99072 "-" "Mozilla/5.0 AppleWebKit/537.36 (KHTML, like Gecko; compatible; bingbot/2.0; +http://www.bing.com/bingbot.htm) Chrome/116.0.1938.76 Safari/537.36"
157.90.182.23 - - [10/Feb/2024:00:33:49 +0500] "GET /news/1164/show HTTP/1.1" 200 32141 "-" "Mozilla/5.0 (compatible; BLEXBot/1.0; +http://webmeup-crawler.com/)"
217.174.238.111 - - [10/Feb/2024:00:33:50 +0500] "GET / HTTP/1.1" 200 151406 "-" "Uptime-Kuma/1.23.3"
207.46.13.125 - - [10/Feb/2024:00:33:51 +0500] "GET /assets/fonts/Roboto-Italic.woff2 HTTP/1.1" 200 71480 "-" "Mozilla/5.0 AppleWebKit/537.36 (KHTML, like Gecko; compatible; bingbot/2.0; +http://www.bing.com/bingbot.htm) Chrome/116.0.1938.76 Safari/537.36"
157.90.182.23 - - [10/Feb/2024:00:33:55 +0500] "GET /news/895/show HTTP/1.1" 200 25521 "-" "Mozilla/5.0 (compatible; BLEXBot/1.0; +http://webmeup-crawler.com/)"
157.90.182.23 - - [10/Feb/2024:00:33:58 +0500] "GET /news/1165/show HTTP/1.1" 200 32500 "-" "Mozilla/5.0 (compatible; BLEXBot/1.0; +http://webmeup-crawler.com/)"
93.171.223.12 - - [10/Feb/2024:00:34:00 +0500] "GET / HTTP/1.1" 200 151406 "-" "Uptime-Kuma/1.23.3"
157.90.182.23 - - [10/Feb/2024:00:34:05 +0500] "GET /news/1166/show HTTP/1.1" 200 31156 "-" "Mozilla/5.0 (compatible; BLEXBot/1.0; +http://webmeup-crawler.com/)"
157.90.182.23 - - [10/Feb/2024:00:34:09 +0500] "GET /news/898/show HTTP/1.1" 200 25926 "-" "Mozilla/5.0 (compatible; BLEXBot/1.0; +http://webmeup-crawler.com/)"
217.174.238.111 - - [10/Feb/2024:00:34:11 +0500] "GET / HTTP/1.1" 200 151406 "-" "Uptime-Kuma/1.23.3"
157.90.182.23 - - [10/Feb/2024:00:34:14 +0500] "GET /news/9/show HTTP/1.1" 200 25313 "-" "Mozilla/5.0 (compatible; BLEXBot/1.0; +http://webmeup-crawler.com/)"
157.90.182.23 - - [10/Feb/2024:00:34:23 +0500] "GET /news/1168/show HTTP/1.1" 200 28546 "-" "Mozilla/5.0 (compatible; BLEXBot/1.0; +http://webmeup-crawler.com/)"
93.171.223.12 - - [10/Feb/2024:00:34:25 +0500] "GET / HTTP/1.1" 200 151406 "-" "Uptime-Kuma/1.23.3"
95.85.112.5 - - [10/Feb/2024:00:34:28 +0500] "GET / HTTP/1.1" 200 151374 "-" "Uptime-Kuma/1.23.1"
93.182.104.64 - - [10/Feb/2024:00:34:29 +0500] "GET /laws/101/show HTTP/1.1" 200 52869 "https://www.google.com/url?q=https://bp.gov.tm/laws/101/show&sa=U&sqi=2&ved=2ahUKEwiJ5umv_56EAxUOSPEDHeEdDnMQFnoECA8QAQ&usg=AOvVaw23rFJICr1HjwQq2vodBlqh" "Mozilla/5.0 (iPhone; CPU iPhone OS 17_2 like Mac OS X) AppleWebKit/605.1.15 (KHTML, like Gecko) GSA/302.0.603406840 Mobile/15E148 Safari/604.1"
93.182.104.64 - - [10/Feb/2024:00:34:30 +0500] "GET /assets/js/jquery.js HTTP/1.1" 200 89475 "https://bp.gov.tm/laws/101/show" "Mozilla/5.0 (iPhone; CPU iPhone OS 17_2 like Mac OS X) AppleWebKit/605.1.15 (KHTML, like Gecko) GSA/302.0.603406840 Mobile/15E148 Safari/604.1"
93.182.104.64 - - [10/Feb/2024:00:34:30 +0500] "GET /assets/css/main.css HTTP/1.1" 200 86481 "https://bp.gov.tm/laws/101/show" "Mozilla/5.0 (iPhone; CPU iPhone OS 17_2 like Mac OS X) AppleWebKit/605.1.15 (KHTML, like Gecko) GSA/302.0.603406840 Mobile/15E148 Safari/604.1"
93.182.104.64 - - [10/Feb/2024:00:34:30 +0500] "GET /assets/fonts/stylesheet.css HTTP/1.1" 200 4581 "https://bp.gov.tm/laws/101/show" "Mozilla/5.0 (iPhone; CPU iPhone OS 17_2 like Mac OS X) AppleWebKit/605.1.15 (KHTML, like Gecko) GSA/302.0.603406840 Mobile/15E148 Safari/604.1"
93.182.104.64 - - [10/Feb/2024:00:34:30 +0500] "GET /assets/js/custom-file-input.js HTTP/1.1" 200 898 "https://bp.gov.tm/laws/101/show" "Mozilla/5.0 (iPhone; CPU iPhone OS 17_2 like Mac OS X) AppleWebKit/605.1.15 (KHTML, like Gecko) GSA/302.0.603406840 Mobile/15E148 Safari/604.1"
93.182.104.64 - - [10/Feb/2024:00:34:30 +0500] "GET /assets/js/slider.js HTTP/1.1" 200 2115 "https://bp.gov.tm/laws/101/show" "Mozilla/5.0 (iPhone; CPU iPhone OS 17_2 like Mac OS X) AppleWebKit/605.1.15 (KHTML, like Gecko) GSA/302.0.603406840 Mobile/15E148 Safari/604.1"
93.182.104.64 - - [10/Feb/2024:00:34:30 +0500] "GET /assets/js/slick.js HTTP/1.1" 200 88955 "https://bp.gov.tm/laws/101/show" "Mozilla/5.0 (iPhone; CPU iPhone OS 17_2 like Mac OS X) AppleWebKit/605.1.15 (KHTML, like Gecko) GSA/302.0.603406840 Mobile/15E148 Safari/604.1"
93.182.104.64 - - [10/Feb/2024:00:34:30 +0500] "GET /assets/js/customSelect.js HTTP/1.1" 200 4108 "https://bp.gov.tm/laws/101/show" "Mozilla/5.0 (iPhone; CPU iPhone OS 17_2 like Mac OS X) AppleWebKit/605.1.15 (KHTML, like Gecko) GSA/302.0.603406840 Mobile/15E148 Safari/604.1"
93.182.104.64 - - [10/Feb/2024:00:34:30 +0500] "GET /assets/js/modal-close.js HTTP/1.1" 200 2202 "https://bp.gov.tm/laws/101/show" "Mozilla/5.0 (iPhone; CPU iPhone OS 17_2 like Mac OS X) AppleWebKit/605.1.15 (KHTML, like Gecko) GSA/302.0.603406840 Mobile/15E148 Safari/604.1"
93.182.104.64 - - [10/Feb/2024:00:34:30 +0500] "GET /assets/js/tabs.js HTTP/1.1" 200 1331 "https://bp.gov.tm/laws/101/show" "Mozilla/5.0 (iPhone; CPU iPhone OS 17_2 like Mac OS X) AppleWebKit/605.1.15 (KHTML, like Gecko) GSA/302.0.603406840 Mobile/15E148 Safari/604.1"
93.182.104.64 - - [10/Feb/2024:00:34:30 +0500] "GET /assets/js/main.js HTTP/1.1" 200 7016 "https://bp.gov.tm/laws/101/show" "Mozilla/5.0 (iPhone; CPU iPhone OS 17_2 like Mac OS X) AppleWebKit/605.1.15 (KHTML, like Gecko) GSA/302.0.603406840 Mobile/15E148 Safari/604.1"
93.182.104.64 - - [10/Feb/2024:00:34:30 +0500] "GET /assets/js/simpleTab.js HTTP/1.1" 200 1379 "https://bp.gov.tm/laws/101/show" "Mozilla/5.0 (iPhone; CPU iPhone OS 17_2 like Mac OS X) AppleWebKit/605.1.15 (KHTML, like Gecko) GSA/302.0.603406840 Mobile/15E148 Safari/604.1"
93.182.104.64 - - [10/Feb/2024:00:34:31 +0500] "GET /assets/images/svg/back-2.svg HTTP/1.1" 200 648 "https://bp.gov.tm/laws/101/show" "Mozilla/5.0 (iPhone; CPU iPhone OS 17_2 like Mac OS X) AppleWebKit/605.1.15 (KHTML, like Gecko) GSA/302.0.603406840 Mobile/15E148 Safari/604.1"
93.182.104.64 - - [10/Feb/2024:00:34:31 +0500] "GET /assets/fonts/Roboto-Regular.woff2 HTTP/1.1" 200 65764 "https://bp.gov.tm/laws/101/show" "Mozilla/5.0 (iPhone; CPU iPhone OS 17_2 like Mac OS X) AppleWebKit/605.1.15 (KHTML, like Gecko) GSA/302.0.603406840 Mobile/15E148 Safari/604.1"
93.182.104.64 - - [10/Feb/2024:00:34:31 +0500] "GET /assets/fonts/Roboto-Italic.woff2 HTTP/1.1" 200 71480 "https://bp.gov.tm/laws/101/show" "Mozilla/5.0 (iPhone; CPU iPhone OS 17_2 like Mac OS X) AppleWebKit/605.1.15 (KHTML, like Gecko) GSA/302.0.603406840 Mobile/15E148 Safari/604.1"
93.182.104.64 - - [10/Feb/2024:00:34:31 +0500] "GET /assets/fonts/Roboto-Bold.woff2 HTTP/1.1" 200 66004 "https://bp.gov.tm/laws/101/show" "Mozilla/5.0 (iPhone; CPU iPhone OS 17_2 like Mac OS X) AppleWebKit/605.1.15 (KHTML, like Gecko) GSA/302.0.603406840 Mobile/15E148 Safari/604.1"
93.182.104.64 - - [10/Feb/2024:00:34:31 +0500] "GET /assets/images/svg/search-icon.svg HTTP/1.1" 200 506 "https://bp.gov.tm/laws/101/show" "Mozilla/5.0 (iPhone; CPU iPhone OS 17_2 like Mac OS X) AppleWebKit/605.1.15 (KHTML, like Gecko) GSA/302.0.603406840 Mobile/15E148 Safari/604.1"
93.182.104.64 - - [10/Feb/2024:00:34:31 +0500] "GET /assets/images/svg/lang.svg HTTP/1.1" 200 2469 "https://bp.gov.tm/laws/101/show" "Mozilla/5.0 (iPhone; CPU iPhone OS 17_2 like Mac OS X) AppleWebKit/605.1.15 (KHTML, like Gecko) GSA/302.0.603406840 Mobile/15E148 Safari/604.1"
93.182.104.64 - - [10/Feb/2024:00:34:31 +0500] "GET /assets/images/svg/close.svg HTTP/1.1" 200 930 "https://bp.gov.tm/laws/101/show" "Mozilla/5.0 (iPhone; CPU iPhone OS 17_2 like Mac OS X) AppleWebKit/605.1.15 (KHTML, like Gecko) GSA/302.0.603406840 Mobile/15E148 Safari/604.1"
93.182.104.64 - - [10/Feb/2024:00:34:31 +0500] "GET /assets/images/main-logo.png HTTP/1.1" 200 136518 "https://bp.gov.tm/laws/101/show" "Mozilla/5.0 (iPhone; CPU iPhone OS 17_2 like Mac OS X) AppleWebKit/605.1.15 (KHTML, like Gecko) GSA/302.0.603406840 Mobile/15E148 Safari/604.1"
217.174.238.111 - - [10/Feb/2024:00:34:32 +0500] "GET / HTTP/1.1" 200 151406 "-" "Uptime-Kuma/1.23.3"
93.182.104.64 - - [10/Feb/2024:00:34:32 +0500] "GET /assets/images/header_tm.jpg HTTP/1.1" 200 868244 "https://bp.gov.tm/laws/101/show" "Mozilla/5.0 (iPhone; CPU iPhone OS 17_2 like Mac OS X) AppleWebKit/605.1.15 (KHTML, like Gecko) GSA/302.0.603406840 Mobile/15E148 Safari/604.1"
157.90.182.23 - - [10/Feb/2024:00:34:36 +0500] "GET /news/1170/show HTTP/1.1" 200 26963 "-" "Mozilla/5.0 (compatible; BLEXBot/1.0; +http://webmeup-crawler.com/)"
93.171.223.12 - - [10/Feb/2024:00:34:46 +0500] "GET / HTTP/1.1" 200 151406 "-" "Uptime-Kuma/1.23.3"
217.174.238.111 - - [10/Feb/2024:00:34:53 +0500] "GET / HTTP/1.1" 200 151406 "-" "Uptime-Kuma/1.23.3"
54.36.148.235 - - [10/Feb/2024:00:34:55 +0500] "GET /news/831/show HTTP/1.1" 200 31016 "-" "Mozilla/5.0 (compatible; AhrefsBot/7.0; +http://ahrefs.com/robot/)"
69.162.124.237 - - [10/Feb/2024:00:35:04 +0500] "HEAD / HTTP/1.1" 200 0 "https://bp.gov.tm" "Mozilla/5.0+(compatible; UptimeRobot/2.0; http://www.uptimerobot.com/)"
93.171.223.12 - - [10/Feb/2024:00:35:07 +0500] "GET / HTTP/1.1" 200 151406 "-" "Uptime-Kuma/1.23.3"
148.251.189.36 - - [10/Feb/2024:00:35:09 +0500] "GET / HTTP/1.1" 200 29873 "-" "python-requests/2.23.0"
217.174.238.111 - - [10/Feb/2024:00:35:14 +0500] "GET / HTTP/1.1" 200 151406 "-" "Uptime-Kuma/1.23.3"
93.171.223.12 - - [10/Feb/2024:00:35:27 +0500] "GET / HTTP/1.1" 200 151406 "-" "Uptime-Kuma/1.23.3"
95.85.112.5 - - [10/Feb/2024:00:35:29 +0500] "GET / HTTP/1.1" 200 151374 "-" "Uptime-Kuma/1.23.1"
157.90.182.23 - - [10/Feb/2024:00:35:32 +0500] "GET /news/904/show HTTP/1.1" 200 25086 "-" "Mozilla/5.0 (compatible; BLEXBot/1.0; +http://webmeup-crawler.com/)"
157.90.182.23 - - [10/Feb/2024:00:35:32 +0500] "GET /news/1171/show HTTP/1.1" 200 29149 "-" "Mozilla/5.0 (compatible; BLEXBot/1.0; +http://webmeup-crawler.com/)"
217.174.238.111 - - [10/Feb/2024:00:35:35 +0500] "GET / HTTP/1.1" 200 151406 "-" "Uptime-Kuma/1.23.3"
157.90.182.23 - - [10/Feb/2024:00:35:38 +0500] "GET /news/1172/show HTTP/1.1" 200 36537 "-" "Mozilla/5.0 (compatible; BLEXBot/1.0; +http://webmeup-crawler.com/)"
93.171.222.239 - - [10/Feb/2024:00:35:39 +0500] "GET /assets/fonts/stylesheet.css HTTP/1.1" 200 4581 "https://bp.gov.tm/laws/223/show" "Mozilla/5.0 (Linux; Android 10; K) AppleWebKit/537.36 (KHTML, like Gecko) Chrome/119.0.0.0 Mobile Safari/537.36"
93.171.222.239 - - [10/Feb/2024:00:35:39 +0500] "GET /laws/223/show HTTP/1.1" 200 50739 "https://www.google.com/" "Mozilla/5.0 (Linux; Android 10; K) AppleWebKit/537.36 (KHTML, like Gecko) Chrome/119.0.0.0 Mobile Safari/537.36"
93.171.222.239 - - [10/Feb/2024:00:35:39 +0500] "GET /assets/css/main.css HTTP/1.1" 200 86481 "https://bp.gov.tm/laws/223/show" "Mozilla/5.0 (Linux; Android 10; K) AppleWebKit/537.36 (KHTML, like Gecko) Chrome/119.0.0.0 Mobile Safari/537.36"
93.171.222.239 - - [10/Feb/2024:00:35:40 +0500] "GET /assets/images/svg/back-2.svg HTTP/1.1" 200 648 "https://bp.gov.tm/laws/223/show" "Mozilla/5.0 (Linux; Android 10; K) AppleWebKit/537.36 (KHTML, like Gecko) Chrome/119.0.0.0 Mobile Safari/537.36"
93.171.222.239 - - [10/Feb/2024:00:35:40 +0500] "GET /assets/images/svg/lang.svg HTTP/1.1" 200 2469 "https://bp.gov.tm/laws/223/show" "Mozilla/5.0 (Linux; Android 10; K) AppleWebKit/537.36 (KHTML, like Gecko) Chrome/119.0.0.0 Mobile Safari/537.36"
157.90.182.23 - - [10/Feb/2024:00:35:40 +0500] "GET /news/909/show HTTP/1.1" 200 26180 "-" "Mozilla/5.0 (compatible; BLEXBot/1.0; +http://webmeup-crawler.com/)"
93.171.222.239 - - [10/Feb/2024:00:35:40 +0500] "GET /assets/images/svg/search-icon.svg HTTP/1.1" 200 506 "https://bp.gov.tm/laws/223/show" "Mozilla/5.0 (Linux; Android 10; K) AppleWebKit/537.36 (KHTML, like Gecko) Chrome/119.0.0.0 Mobile Safari/537.36"
93.171.222.239 - - [10/Feb/2024:00:35:40 +0500] "GET /assets/js/jquery.js HTTP/1.1" 200 89475 "https://bp.gov.tm/laws/223/show" "Mozilla/5.0 (Linux; Android 10; K) AppleWebKit/537.36 (KHTML, like Gecko) Chrome/119.0.0.0 Mobile Safari/537.36"
93.171.222.239 - - [10/Feb/2024:00:35:40 +0500] "GET /assets/images/svg/close.svg HTTP/1.1" 200 930 "https://bp.gov.tm/laws/223/show" "Mozilla/5.0 (Linux; Android 10; K) AppleWebKit/537.36 (KHTML, like Gecko) Chrome/119.0.0.0 Mobile Safari/537.36"
93.171.222.239 - - [10/Feb/2024:00:35:40 +0500] "GET /assets/js/slick.js HTTP/1.1" 200 88955 "https://bp.gov.tm/laws/223/show" "Mozilla/5.0 (Linux; Android 10; K) AppleWebKit/537.36 (KHTML, like Gecko) Chrome/119.0.0.0 Mobile Safari/537.36"
93.171.222.239 - - [10/Feb/2024:00:35:41 +0500] "GET /assets/js/slider.js HTTP/1.1" 200 2115 "https://bp.gov.tm/laws/223/show" "Mozilla/5.0 (Linux; Android 10; K) AppleWebKit/537.36 (KHTML, like Gecko) Chrome/119.0.0.0 Mobile Safari/537.36"
93.171.222.239 - - [10/Feb/2024:00:35:41 +0500] "GET /assets/js/customSelect.js HTTP/1.1" 200 4108 "https://bp.gov.tm/laws/223/show" "Mozilla/5.0 (Linux; Android 10; K) AppleWebKit/537.36 (KHTML, like Gecko) Chrome/119.0.0.0 Mobile Safari/537.36"
93.171.222.239 - - [10/Feb/2024:00:35:41 +0500] "GET /assets/js/custom-file-input.js HTTP/1.1" 200 898 "https://bp.gov.tm/laws/223/show" "Mozilla/5.0 (Linux; Android 10; K) AppleWebKit/537.36 (KHTML, like Gecko) Chrome/119.0.0.0 Mobile Safari/537.36"
93.171.222.239 - - [10/Feb/2024:00:35:41 +0500] "GET /assets/js/modal-close.js HTTP/1.1" 200 2202 "https://bp.gov.tm/laws/223/show" "Mozilla/5.0 (Linux; Android 10; K) AppleWebKit/537.36 (KHTML, like Gecko) Chrome/119.0.0.0 Mobile Safari/537.36"
93.171.222.239 - - [10/Feb/2024:00:35:41 +0500] "GET /assets/js/tabs.js HTTP/1.1" 200 1331 "https://bp.gov.tm/laws/223/show" "Mozilla/5.0 (Linux; Android 10; K) AppleWebKit/537.36 (KHTML, like Gecko) Chrome/119.0.0.0 Mobile Safari/537.36"
93.171.222.239 - - [10/Feb/2024:00:35:41 +0500] "GET /assets/js/main.js HTTP/1.1" 200 7016 "https://bp.gov.tm/laws/223/show" "Mozilla/5.0 (Linux; Android 10; K) AppleWebKit/537.36 (KHTML, like Gecko) Chrome/119.0.0.0 Mobile Safari/537.36"
93.171.222.239 - - [10/Feb/2024:00:35:41 +0500] "GET /assets/js/simpleTab.js HTTP/1.1" 200 1379 "https://bp.gov.tm/laws/223/show" "Mozilla/5.0 (Linux; Android 10; K) AppleWebKit/537.36 (KHTML, like Gecko) Chrome/119.0.0.0 Mobile Safari/537.36"
93.171.222.239 - - [10/Feb/2024:00:35:41 +0500] "GET /assets/fonts/Roboto-Regular.woff2 HTTP/1.1" 200 65764 "https://bp.gov.tm/assets/fonts/stylesheet.css" "Mozilla/5.0 (Linux; Android 10; K) AppleWebKit/537.36 (KHTML, like Gecko) Chrome/119.0.0.0 Mobile Safari/537.36"
93.171.222.239 - - [10/Feb/2024:00:35:41 +0500] "GET /assets/fonts/Roboto-Bold.woff2 HTTP/1.1" 200 66004 "https://bp.gov.tm/assets/fonts/stylesheet.css" "Mozilla/5.0 (Linux; Android 10; K) AppleWebKit/537.36 (KHTML, like Gecko) Chrome/119.0.0.0 Mobile Safari/537.36"
93.171.222.239 - - [10/Feb/2024:00:35:41 +0500] "GET /assets/images/main-logo.png HTTP/1.1" 200 136518 "https://bp.gov.tm/laws/223/show" "Mozilla/5.0 (Linux; Android 10; K) AppleWebKit/537.36 (KHTML, like Gecko) Chrome/119.0.0.0 Mobile Safari/537.36"
93.171.222.239 - - [10/Feb/2024:00:35:42 +0500] "GET /assets/images/header_tm.jpg HTTP/1.1" 200 868244 "https://bp.gov.tm/laws/223/show" "Mozilla/5.0 (Linux; Android 10; K) AppleWebKit/537.36 (KHTML, like Gecko) Chrome/119.0.0.0 Mobile Safari/537.36"
93.171.222.239 - - [10/Feb/2024:00:35:43 +0500] "GET /favicon.ico HTTP/1.1" 200 99981 "https://bp.gov.tm/laws/223/show" "Mozilla/5.0 (Linux; Android 10; K) AppleWebKit/537.36 (KHTML, like Gecko) Chrome/119.0.0.0 Mobile Safari/537.36"
157.90.182.23 - - [10/Feb/2024:00:35:43 +0500] "GET /news/910/show HTTP/1.1" 200 25700 "-" "Mozilla/5.0 (compatible; BLEXBot/1.0; +http://webmeup-crawler.com/)"
157.90.182.23 - - [10/Feb/2024:00:35:49 +0500] "GET /news/1174/show HTTP/1.1" 200 32030 "-" "Mozilla/5.0 (compatible; BLEXBot/1.0; +http://webmeup-crawler.com/)"
93.171.223.12 - - [10/Feb/2024:00:35:51 +0500] "GET / HTTP/1.1" 200 151406 "-" "Uptime-Kuma/1.23.3"
157.90.182.23 - - [10/Feb/2024:00:35:56 +0500] "GET /news/912/show HTTP/1.1" 200 25510 "-" "Mozilla/5.0 (compatible; BLEXBot/1.0; +http://webmeup-crawler.com/)"
217.174.238.111 - - [10/Feb/2024:00:35:59 +0500] "GET / HTTP/1.1" 200 151430 "-" "Uptime-Kuma/1.23.3"
157.90.182.23 - - [10/Feb/2024:00:36:03 +0500] "GET /news/1175/show HTTP/1.1" 200 38117 "-" "Mozilla/5.0 (compatible; BLEXBot/1.0; +http://webmeup-crawler.com/)"
66.249.70.64 - - [10/Feb/2024:00:36:07 +0500] "GET /news/1136/show HTTP/1.1" 200 35197 "-" "Mozilla/5.0 (Linux; Android 6.0.1; Nexus 5X Build/MMB29P) AppleWebKit/537.36 (KHTML, like Gecko) Chrome/121.0.6167.85 Mobile Safari/537.36 (compatible; Googlebot/2.1; +http://www.google.com/bot.html)"
157.90.182.23 - - [10/Feb/2024:00:36:08 +0500] "GET /news/1176/show HTTP/1.1" 200 28946 "-" "Mozilla/5.0 (compatible; BLEXBot/1.0; +http://webmeup-crawler.com/)"
93.171.223.12 - - [10/Feb/2024:00:36:13 +0500] "GET / HTTP/1.1" 200 151406 "-" "Uptime-Kuma/1.23.3"
157.90.182.23 - - [10/Feb/2024:00:36:13 +0500] "GET /news/1178/show HTTP/1.1" 200 26979 "-" "Mozilla/5.0 (compatible; BLEXBot/1.0; +http://webmeup-crawler.com/)"
95.85.110.228 - - [10/Feb/2024:00:36:20 +0500] "GET / HTTP/1.1" 200 151430 "-" "Uptime-Kuma/1.20.1"
217.174.238.111 - - [10/Feb/2024:00:36:21 +0500] "GET / HTTP/1.1" 200 151406 "-" "Uptime-Kuma/1.23.3"
157.90.182.23 - - [10/Feb/2024:00:36:22 +0500] "GET /news/1179/show HTTP/1.1" 200 33244 "-" "Mozilla/5.0 (compatible; BLEXBot/1.0; +http://webmeup-crawler.com/)"
157.90.182.23 - - [10/Feb/2024:00:36:25 +0500] "GET /news/915/show HTTP/1.1" 200 25419 "-" "Mozilla/5.0 (compatible; BLEXBot/1.0; +http://webmeup-crawler.com/)"
185.69.186.143 - - [10/Feb/2024:00:36:25 +0500] "GET /laws/265/show HTTP/1.1" 200 75433 "https://www.google.com/" "Mozilla/5.0 (Linux; Android 10; K) AppleWebKit/537.36 (KHTML, like Gecko) Chrome/121.0.0.0 Mobile Safari/537.36"
185.69.186.143 - - [10/Feb/2024:00:36:26 +0500] "GET /assets/fonts/stylesheet.css HTTP/1.1" 200 4581 "-" "Mozilla/5.0 (Linux; Android 10; K) AppleWebKit/537.36 (KHTML, like Gecko) Chrome/121.0.0.0 Mobile Safari/537.36"
185.69.186.143 - - [10/Feb/2024:00:36:26 +0500] "GET /assets/css/main.css HTTP/1.1" 200 86481 "-" "Mozilla/5.0 (Linux; Android 10; K) AppleWebKit/537.36 (KHTML, like Gecko) Chrome/121.0.0.0 Mobile Safari/537.36"
185.69.186.143 - - [10/Feb/2024:00:36:27 +0500] "GET /assets/images/svg/back-2.svg HTTP/1.1" 200 648 "https://bp.gov.tm/laws/265/show" "Mozilla/5.0 (Linux; Android 10; K) AppleWebKit/537.36 (KHTML, like Gecko) Chrome/121.0.0.0 Mobile Safari/537.36"
185.69.186.143 - - [10/Feb/2024:00:36:27 +0500] "GET /assets/images/svg/lang.svg HTTP/1.1" 200 2469 "https://bp.gov.tm/laws/265/show" "Mozilla/5.0 (Linux; Android 10; K) AppleWebKit/537.36 (KHTML, like Gecko) Chrome/121.0.0.0 Mobile Safari/537.36"
185.69.186.143 - - [10/Feb/2024:00:36:27 +0500] "GET /assets/images/svg/search-icon.svg HTTP/1.1" 200 506 "https://bp.gov.tm/laws/265/show" "Mozilla/5.0 (Linux; Android 10; K) AppleWebKit/537.36 (KHTML, like Gecko) Chrome/121.0.0.0 Mobile Safari/537.36"
185.69.186.143 - - [10/Feb/2024:00:36:27 +0500] "GET /assets/fonts/Roboto-Regular.woff2 HTTP/1.1" 200 65764 "https://bp.gov.tm/assets/fonts/stylesheet.css" "Mozilla/5.0 (Linux; Android 10; K) AppleWebKit/537.36 (KHTML, like Gecko) Chrome/121.0.0.0 Mobile Safari/537.36"
185.69.186.143 - - [10/Feb/2024:00:36:28 +0500] "GET /assets/fonts/Roboto-Bold.woff2 HTTP/1.1" 200 66004 "https://bp.gov.tm/assets/fonts/stylesheet.css" "Mozilla/5.0 (Linux; Android 10; K) AppleWebKit/537.36 (KHTML, like Gecko) Chrome/121.0.0.0 Mobile Safari/537.36"
157.90.182.23 - - [10/Feb/2024:00:36:28 +0500] "GET /news/1180/show HTTP/1.1" 200 30319 "-" "Mozilla/5.0 (compatible; BLEXBot/1.0; +http://webmeup-crawler.com/)"
185.69.186.143 - - [10/Feb/2024:00:36:28 +0500] "GET /assets/fonts/Roboto-Italic.woff2 HTTP/1.1" 200 71480 "https://bp.gov.tm/assets/fonts/stylesheet.css" "Mozilla/5.0 (Linux; Android 10; K) AppleWebKit/537.36 (KHTML, like Gecko) Chrome/121.0.0.0 Mobile Safari/537.36"
185.69.186.143 - - [10/Feb/2024:00:36:28 +0500] "GET /assets/js/jquery.js HTTP/1.1" 200 89475 "https://bp.gov.tm/laws/265/show" "Mozilla/5.0 (Linux; Android 10; K) AppleWebKit/537.36 (KHTML, like Gecko) Chrome/121.0.0.0 Mobile Safari/537.36"
185.69.186.143 - - [10/Feb/2024:00:36:28 +0500] "GET /assets/js/slick.js HTTP/1.1" 200 88955 "https://bp.gov.tm/laws/265/show" "Mozilla/5.0 (Linux; Android 10; K) AppleWebKit/537.36 (KHTML, like Gecko) Chrome/121.0.0.0 Mobile Safari/537.36"
185.69.186.143 - - [10/Feb/2024:00:36:29 +0500] "GET /assets/js/slider.js HTTP/1.1" 200 2115 "https://bp.gov.tm/laws/265/show" "Mozilla/5.0 (Linux; Android 10; K) AppleWebKit/537.36 (KHTML, like Gecko) Chrome/121.0.0.0 Mobile Safari/537.36"
185.69.186.143 - - [10/Feb/2024:00:36:29 +0500] "GET /assets/js/custom-file-input.js HTTP/1.1" 200 898 "https://bp.gov.tm/laws/265/show" "Mozilla/5.0 (Linux; Android 10; K) AppleWebKit/537.36 (KHTML, like Gecko) Chrome/121.0.0.0 Mobile Safari/537.36"
185.69.186.143 - - [10/Feb/2024:00:36:29 +0500] "GET /assets/js/customSelect.js HTTP/1.1" 200 4108 "https://bp.gov.tm/laws/265/show" "Mozilla/5.0 (Linux; Android 10; K) AppleWebKit/537.36 (KHTML, like Gecko) Chrome/121.0.0.0 Mobile Safari/537.36"
185.69.186.143 - - [10/Feb/2024:00:36:29 +0500] "GET /assets/js/modal-close.js HTTP/1.1" 200 2202 "https://bp.gov.tm/laws/265/show" "Mozilla/5.0 (Linux; Android 10; K) AppleWebKit/537.36 (KHTML, like Gecko) Chrome/121.0.0.0 Mobile Safari/537.36"
185.69.186.143 - - [10/Feb/2024:00:36:29 +0500] "GET /assets/images/header_tm.jpg HTTP/1.1" 200 868244 "https://bp.gov.tm/laws/265/show" "Mozilla/5.0 (Linux; Android 10; K) AppleWebKit/537.36 (KHTML, like Gecko) Chrome/121.0.0.0 Mobile Safari/537.36"
185.69.186.143 - - [10/Feb/2024:00:36:29 +0500] "GET /assets/js/tabs.js HTTP/1.1" 200 1331 "https://bp.gov.tm/laws/265/show" "Mozilla/5.0 (Linux; Android 10; K) AppleWebKit/537.36 (KHTML, like Gecko) Chrome/121.0.0.0 Mobile Safari/537.36"
185.69.186.143 - - [10/Feb/2024:00:36:29 +0500] "GET /assets/js/main.js HTTP/1.1" 200 7016 "https://bp.gov.tm/laws/265/show" "Mozilla/5.0 (Linux; Android 10; K) AppleWebKit/537.36 (KHTML, like Gecko) Chrome/121.0.0.0 Mobile Safari/537.36"
185.69.186.143 - - [10/Feb/2024:00:36:29 +0500] "GET /assets/js/simpleTab.js HTTP/1.1" 200 1379 "https://bp.gov.tm/laws/265/show" "Mozilla/5.0 (Linux; Android 10; K) AppleWebKit/537.36 (KHTML, like Gecko) Chrome/121.0.0.0 Mobile Safari/537.36"
185.69.186.143 - - [10/Feb/2024:00:36:29 +0500] "GET /assets/images/svg/close.svg HTTP/1.1" 200 930 "https://bp.gov.tm/laws/265/show" "Mozilla/5.0 (Linux; Android 10; K) AppleWebKit/537.36 (KHTML, like Gecko) Chrome/121.0.0.0 Mobile Safari/537.36"
185.69.186.143 - - [10/Feb/2024:00:36:29 +0500] "GET /assets/images/main-logo.png HTTP/1.1" 200 136518 "https://bp.gov.tm/laws/265/show" "Mozilla/5.0 (Linux; Android 10; K) AppleWebKit/537.36 (KHTML, like Gecko) Chrome/121.0.0.0 Mobile Safari/537.36"
185.69.186.143 - - [10/Feb/2024:00:36:29 +0500] "GET /favicon.ico HTTP/1.1" 200 99981 "https://bp.gov.tm/laws/265/show" "Mozilla/5.0 (Linux; Android 10; K) AppleWebKit/537.36 (KHTML, like Gecko) Chrome/121.0.0.0 Mobile Safari/537.36"
157.90.182.23 - - [10/Feb/2024:00:36:30 +0500] "GET /news/919/show HTTP/1.1" 200 25562 "-" "Mozilla/5.0 (compatible; BLEXBot/1.0; +http://webmeup-crawler.com/)"
95.85.112.5 - - [10/Feb/2024:00:36:30 +0500] "GET / HTTP/1.1" 200 151374 "-" "Uptime-Kuma/1.23.1"
157.90.182.23 - - [10/Feb/2024:00:36:32 +0500] "GET /news/1181/show HTTP/1.1" 200 25147 "-" "Mozilla/5.0 (compatible; BLEXBot/1.0; +http://webmeup-crawler.com/)"
157.90.182.23 - - [10/Feb/2024:00:36:34 +0500] "GET /news/923/show HTTP/1.1" 200 27805 "-" "Mozilla/5.0 (compatible; BLEXBot/1.0; +http://webmeup-crawler.com/)"
93.171.223.12 - - [10/Feb/2024:00:36:37 +0500] "GET / HTTP/1.1" 200 151406 "-" "Uptime-Kuma/1.23.3"
157.90.182.23 - - [10/Feb/2024:00:36:38 +0500] "GET /news/1182/show HTTP/1.1" 200 25039 "-" "Mozilla/5.0 (compatible; BLEXBot/1.0; +http://webmeup-crawler.com/)"
157.90.182.23 - - [10/Feb/2024:00:36:41 +0500] "GET /news/1184/show HTTP/1.1" 200 26800 "-" "Mozilla/5.0 (compatible; BLEXBot/1.0; +http://webmeup-crawler.com/)"
185.69.186.58 - - [10/Feb/2024:00:36:43 +0500] "GET /laws/49/show HTTP/1.1" 200 172432 "https://www.google.com/" "Mozilla/5.0 (Linux; Android 10; K) AppleWebKit/537.36 (KHTML, like Gecko) Chrome/121.0.0.0 Mobile Safari/537.36"
185.69.186.58 - - [10/Feb/2024:00:36:43 +0500] "GET /assets/images/header_tm.jpg HTTP/1.1" 304 0 "https://bp.gov.tm/laws/49/show" "Mozilla/5.0 (Linux; Android 10; K) AppleWebKit/537.36 (KHTML, like Gecko) Chrome/121.0.0.0 Mobile Safari/537.36"
217.174.238.111 - - [10/Feb/2024:00:36:43 +0500] "GET / HTTP/1.1" 200 151406 "-" "Uptime-Kuma/1.23.3"
185.69.186.58 - - [10/Feb/2024:00:36:44 +0500] "GET /assets/fonts/stylesheet.css HTTP/1.1" 304 0 "https://bp.gov.tm/laws/49/show" "Mozilla/5.0 (Linux; Android 10; K) AppleWebKit/537.36 (KHTML, like Gecko) Chrome/121.0.0.0 Mobile Safari/537.36"
185.69.186.58 - - [10/Feb/2024:00:36:44 +0500] "GET /assets/css/main.css HTTP/1.1" 200 86481 "https://bp.gov.tm/laws/49/show" "Mozilla/5.0 (Linux; Android 10; K) AppleWebKit/537.36 (KHTML, like Gecko) Chrome/121.0.0.0 Mobile Safari/537.36"
185.69.186.58 - - [10/Feb/2024:00:36:44 +0500] "GET /assets/images/svg/back-2.svg HTTP/1.1" 304 0 "https://bp.gov.tm/laws/49/show" "Mozilla/5.0 (Linux; Android 10; K) AppleWebKit/537.36 (KHTML, like Gecko) Chrome/121.0.0.0 Mobile Safari/537.36"
185.69.186.58 - - [10/Feb/2024:00:36:44 +0500] "GET /assets/images/svg/search-icon.svg HTTP/1.1" 304 0 "https://bp.gov.tm/laws/49/show" "Mozilla/5.0 (Linux; Android 10; K) AppleWebKit/537.36 (KHTML, like Gecko) Chrome/121.0.0.0 Mobile Safari/537.36"
185.69.186.58 - - [10/Feb/2024:00:36:44 +0500] "GET /assets/images/svg/close.svg HTTP/1.1" 304 0 "https://bp.gov.tm/laws/49/show" "Mozilla/5.0 (Linux; Android 10; K) AppleWebKit/537.36 (KHTML, like Gecko) Chrome/121.0.0.0 Mobile Safari/537.36"
185.69.186.58 - - [10/Feb/2024:00:36:44 +0500] "GET /assets/images/svg/lang.svg HTTP/1.1" 304 0 "https://bp.gov.tm/laws/49/show" "Mozilla/5.0 (Linux; Android 10; K) AppleWebKit/537.36 (KHTML, like Gecko) Chrome/121.0.0.0 Mobile Safari/537.36"
185.69.186.58 - - [10/Feb/2024:00:36:44 +0500] "GET /assets/images/main-logo.png HTTP/1.1" 304 0 "https://bp.gov.tm/laws/49/show" "Mozilla/5.0 (Linux; Android 10; K) AppleWebKit/537.36 (KHTML, like Gecko) Chrome/121.0.0.0 Mobile Safari/537.36"
185.69.186.58 - - [10/Feb/2024:00:36:44 +0500] "GET /assets/js/jquery.js HTTP/1.1" 304 0 "https://bp.gov.tm/laws/49/show" "Mozilla/5.0 (Linux; Android 10; K) AppleWebKit/537.36 (KHTML, like Gecko) Chrome/121.0.0.0 Mobile Safari/537.36"
185.69.186.58 - - [10/Feb/2024:00:36:44 +0500] "GET /assets/js/slick.js HTTP/1.1" 304 0 "https://bp.gov.tm/laws/49/show" "Mozilla/5.0 (Linux; Android 10; K) AppleWebKit/537.36 (KHTML, like Gecko) Chrome/121.0.0.0 Mobile Safari/537.36"
185.69.186.58 - - [10/Feb/2024:00:36:44 +0500] "GET /assets/js/customSelect.js HTTP/1.1" 304 0 "https://bp.gov.tm/laws/49/show" "Mozilla/5.0 (Linux; Android 10; K) AppleWebKit/537.36 (KHTML, like Gecko) Chrome/121.0.0.0 Mobile Safari/537.36"
185.69.186.58 - - [10/Feb/2024:00:36:44 +0500] "GET /assets/js/custom-file-input.js HTTP/1.1" 304 0 "https://bp.gov.tm/laws/49/show" "Mozilla/5.0 (Linux; Android 10; K) AppleWebKit/537.36 (KHTML, like Gecko) Chrome/121.0.0.0 Mobile Safari/537.36"
185.69.186.58 - - [10/Feb/2024:00:36:44 +0500] "GET /assets/js/modal-close.js HTTP/1.1" 304 0 "https://bp.gov.tm/laws/49/show" "Mozilla/5.0 (Linux; Android 10; K) AppleWebKit/537.36 (KHTML, like Gecko) Chrome/121.0.0.0 Mobile Safari/537.36"
185.69.186.58 - - [10/Feb/2024:00:36:44 +0500] "GET /assets/js/tabs.js HTTP/1.1" 304 0 "https://bp.gov.tm/laws/49/show" "Mozilla/5.0 (Linux; Android 10; K) AppleWebKit/537.36 (KHTML, like Gecko) Chrome/121.0.0.0 Mobile Safari/537.36"
185.69.186.58 - - [10/Feb/2024:00:36:44 +0500] "GET /assets/js/slider.js HTTP/1.1" 304 0 "https://bp.gov.tm/laws/49/show" "Mozilla/5.0 (Linux; Android 10; K) AppleWebKit/537.36 (KHTML, like Gecko) Chrome/121.0.0.0 Mobile Safari/537.36"
185.69.186.58 - - [10/Feb/2024:00:36:44 +0500] "GET /assets/js/simpleTab.js HTTP/1.1" 304 0 "https://bp.gov.tm/laws/49/show" "Mozilla/5.0 (Linux; Android 10; K) AppleWebKit/537.36 (KHTML, like Gecko) Chrome/121.0.0.0 Mobile Safari/537.36"
185.69.186.58 - - [10/Feb/2024:00:36:44 +0500] "GET /assets/js/main.js HTTP/1.1" 304 0 "https://bp.gov.tm/laws/49/show" "Mozilla/5.0 (Linux; Android 10; K) AppleWebKit/537.36 (KHTML, like Gecko) Chrome/121.0.0.0 Mobile Safari/537.36"
185.69.186.58 - - [10/Feb/2024:00:36:45 +0500] "GET /assets/fonts/Roboto-Italic.woff2 HTTP/1.1" 304 0 "https://bp.gov.tm/assets/fonts/stylesheet.css" "Mozilla/5.0 (Linux; Android 10; K) AppleWebKit/537.36 (KHTML, like Gecko) Chrome/121.0.0.0 Mobile Safari/537.36"
185.69.186.58 - - [10/Feb/2024:00:36:45 +0500] "GET /assets/fonts/Roboto-Bold.woff2 HTTP/1.1" 304 0 "https://bp.gov.tm/assets/fonts/stylesheet.css" "Mozilla/5.0 (Linux; Android 10; K) AppleWebKit/537.36 (KHTML, like Gecko) Chrome/121.0.0.0 Mobile Safari/537.36"
185.69.186.58 - - [10/Feb/2024:00:36:45 +0500] "GET /assets/fonts/Roboto-Regular.woff2 HTTP/1.1" 304 0 "https://bp.gov.tm/assets/fonts/stylesheet.css" "Mozilla/5.0 (Linux; Android 10; K) AppleWebKit/537.36 (KHTML, like Gecko) Chrome/121.0.0.0 Mobile Safari/537.36"
185.69.186.58 - - [10/Feb/2024:00:36:45 +0500] "GET /favicon.ico HTTP/1.1" 304 0 "https://bp.gov.tm/laws/49/show" "Mozilla/5.0 (Linux; Android 10; K) AppleWebKit/537.36 (KHTML, like Gecko) Chrome/121.0.0.0 Mobile Safari/537.36"
93.171.223.12 - - [10/Feb/2024:00:36:59 +0500] "GET / HTTP/1.1" 200 151406 "-" "Uptime-Kuma/1.23.3"
138.68.139.98 - - [10/Feb/2024:00:37:00 +0500] "GET / HTTP/1.1" 200 29872 "-" "Mozilla/5.0 (Windows NT 6.2; WOW64) AppleWebKit/537.4 (KHTML, like Gecko) Chrome/98 Safari/537.4 (StatusCake)"
157.90.182.23 - - [10/Feb/2024:00:37:06 +0500] "GET /news/926/show HTTP/1.1" 200 27505 "-" "Mozilla/5.0 (compatible; BLEXBot/1.0; +http://webmeup-crawler.com/)"
217.174.238.111 - - [10/Feb/2024:00:37:08 +0500] "GET / HTTP/1.1" 200 151406 "-" "Uptime-Kuma/1.23.3"
157.90.182.23 - - [10/Feb/2024:00:37:15 +0500] "GET /news/1186/show HTTP/1.1" 200 24908 "-" "Mozilla/5.0 (compatible; BLEXBot/1.0; +http://webmeup-crawler.com/)"
93.171.223.12 - - [10/Feb/2024:00:37:20 +0500] "GET / HTTP/1.1" 200 151406 "-" "Uptime-Kuma/1.23.3"
157.90.182.23 - - [10/Feb/2024:00:37:24 +0500] "GET /news/1187/show HTTP/1.1" 200 34041 "-" "Mozilla/5.0 (compatible; BLEXBot/1.0; +http://webmeup-crawler.com/)"
217.174.238.111 - - [10/Feb/2024:00:37:29 +0500] "GET / HTTP/1.1" 200 151406 "-" "Uptime-Kuma/1.23.3"
157.90.182.23 - - [10/Feb/2024:00:37:30 +0500] "GET /news/931/show HTTP/1.1" 200 25559 "-" "Mozilla/5.0 (compatible; BLEXBot/1.0; +http://webmeup-crawler.com/)"
119.235.123.126 - - [10/Feb/2024:00:37:31 +0500] "GET /laws/96/show HTTP/1.1" 200 26994 "https://www.google.com/" "Mozilla/5.0 (Linux; Android 10; K) AppleWebKit/537.36 (KHTML, like Gecko) Chrome/121.0.0.0 Mobile Safari/537.36"
95.85.112.5 - - [10/Feb/2024:00:37:32 +0500] "GET / HTTP/1.1" 200 151374 "-" "Uptime-Kuma/1.23.1"
157.90.182.23 - - [10/Feb/2024:00:37:38 +0500] "GET /news/935/show HTTP/1.1" 200 25243 "-" "Mozilla/5.0 (compatible; BLEXBot/1.0; +http://webmeup-crawler.com/)"
93.171.223.12 - - [10/Feb/2024:00:37:41 +0500] "GET / HTTP/1.1" 200 151406 "-" "Uptime-Kuma/1.23.3"
157.90.182.23 - - [10/Feb/2024:00:37:53 +0500] "GET /news/1188/show HTTP/1.1" 200 39275 "-" "Mozilla/5.0 (compatible; BLEXBot/1.0; +http://webmeup-crawler.com/)"
157.90.182.23 - - [10/Feb/2024:00:37:54 +0500] "GET /news/940/show HTTP/1.1" 200 25377 "-" "Mozilla/5.0 (compatible; BLEXBot/1.0; +http://webmeup-crawler.com/)"
217.174.238.111 - - [10/Feb/2024:00:37:55 +0500] "GET / HTTP/1.1" 200 151406 "-" "Uptime-Kuma/1.23.3"
157.90.182.23 - - [10/Feb/2024:00:37:58 +0500] "GET /news/944/show HTTP/1.1" 200 25808 "-" "Mozilla/5.0 (compatible; BLEXBot/1.0; +http://webmeup-crawler.com/)"
157.90.182.23 - - [10/Feb/2024:00:37:59 +0500] "GET /news/1189/show HTTP/1.1" 200 31402 "-" "Mozilla/5.0 (compatible; BLEXBot/1.0; +http://webmeup-crawler.com/)"
93.171.223.12 - - [10/Feb/2024:00:38:01 +0500] "GET / HTTP/1.1" 200 151406 "-" "Uptime-Kuma/1.23.3"
157.90.182.23 - - [10/Feb/2024:00:38:16 +0500] "GET /news/946/show HTTP/1.1" 200 27786 "-" "Mozilla/5.0 (compatible; BLEXBot/1.0; +http://webmeup-crawler.com/)"
217.174.238.111 - - [10/Feb/2024:00:38:17 +0500] "GET / HTTP/1.1" 200 151406 "-" "Uptime-Kuma/1.23.3"
157.90.182.23 - - [10/Feb/2024:00:38:20 +0500] "GET /news/949/show HTTP/1.1" 200 25269 "-" "Mozilla/5.0 (compatible; BLEXBot/1.0; +http://webmeup-crawler.com/)"
157.90.182.23 - - [10/Feb/2024:00:38:26 +0500] "GET /news/1192/show HTTP/1.1" 200 29804 "-" "Mozilla/5.0 (compatible; BLEXBot/1.0; +http://webmeup-crawler.com/)"
93.171.223.12 - - [10/Feb/2024:00:38:26 +0500] "GET / HTTP/1.1" 200 151406 "-" "Uptime-Kuma/1.23.3"
157.90.182.23 - - [10/Feb/2024:00:38:27 +0500] "GET /news/951/show HTTP/1.1" 200 27426 "-" "Mozilla/5.0 (compatible; BLEXBot/1.0; +http://webmeup-crawler.com/)"
157.90.182.23 - - [10/Feb/2024:00:38:31 +0500] "GET /news/956/show HTTP/1.1" 200 25540 "-" "Mozilla/5.0 (compatible; BLEXBot/1.0; +http://webmeup-crawler.com/)"
157.90.182.23 - - [10/Feb/2024:00:38:32 +0500] "GET /news/1193/show HTTP/1.1" 200 32038 "-" "Mozilla/5.0 (compatible; BLEXBot/1.0; +http://webmeup-crawler.com/)"
157.90.182.23 - - [10/Feb/2024:00:38:35 +0500] "GET /news/957/show HTTP/1.1" 200 25618 "-" "Mozilla/5.0 (compatible; BLEXBot/1.0; +http://webmeup-crawler.com/)"
95.85.112.5 - - [10/Feb/2024:00:38:35 +0500] "GET / HTTP/1.1" 200 151374 "-" "Uptime-Kuma/1.23.1"
157.90.182.23 - - [10/Feb/2024:00:38:36 +0500] "GET /news/1194/show HTTP/1.1" 200 26587 "-" "Mozilla/5.0 (compatible; BLEXBot/1.0; +http://webmeup-crawler.com/)"
217.174.238.111 - - [10/Feb/2024:00:38:38 +0500] "GET / HTTP/1.1" 200 151406 "-" "Uptime-Kuma/1.23.3"
119.235.123.126 - - [10/Feb/2024:00:38:38 +0500] "GET /laws/96/show HTTP/1.1" 200 26994 "https://www.google.com/" "Mozilla/5.0 (Linux; Android 10; K) AppleWebKit/537.36 (KHTML, like Gecko) Chrome/121.0.0.0 Mobile Safari/537.36"
93.171.222.65 - - [10/Feb/2024:00:38:39 +0500] "GET / HTTP/1.1" 200 29873 "https://www.google.com/" "Mozilla/5.0 (Linux; Android 10; K) AppleWebKit/537.36 (KHTML, like Gecko) Chrome/120.0.0.0 Mobile Safari/537.36"
93.171.222.65 - - [10/Feb/2024:00:38:39 +0500] "GET /assets/fonts/stylesheet.css HTTP/1.1" 200 4581 "https://bp.gov.tm/" "Mozilla/5.0 (Linux; Android 10; K) AppleWebKit/537.36 (KHTML, like Gecko) Chrome/120.0.0.0 Mobile Safari/537.36"
93.171.222.65 - - [10/Feb/2024:00:38:39 +0500] "GET /assets/css/main.css HTTP/1.1" 200 86481 "https://bp.gov.tm/" "Mozilla/5.0 (Linux; Android 10; K) AppleWebKit/537.36 (KHTML, like Gecko) Chrome/120.0.0.0 Mobile Safari/537.36"
93.171.222.65 - - [10/Feb/2024:00:38:39 +0500] "GET /assets/images/svg/back-2.svg HTTP/1.1" 200 648 "https://bp.gov.tm/" "Mozilla/5.0 (Linux; Android 10; K) AppleWebKit/537.36 (KHTML, like Gecko) Chrome/120.0.0.0 Mobile Safari/537.36"
93.171.222.65 - - [10/Feb/2024:00:38:39 +0500] "GET /assets/images/svg/lang.svg HTTP/1.1" 200 2469 "https://bp.gov.tm/" "Mozilla/5.0 (Linux; Android 10; K) AppleWebKit/537.36 (KHTML, like Gecko) Chrome/120.0.0.0 Mobile Safari/537.36"
93.171.222.65 - - [10/Feb/2024:00:38:39 +0500] "GET /assets/js/jquery.js HTTP/1.1" 200 89475 "https://bp.gov.tm/" "Mozilla/5.0 (Linux; Android 10; K) AppleWebKit/537.36 (KHTML, like Gecko) Chrome/120.0.0.0 Mobile Safari/537.36"
93.171.222.65 - - [10/Feb/2024:00:38:39 +0500] "GET /assets/images/svg/search-icon.svg HTTP/1.1" 200 506 "https://bp.gov.tm/" "Mozilla/5.0 (Linux; Android 10; K) AppleWebKit/537.36 (KHTML, like Gecko) Chrome/120.0.0.0 Mobile Safari/537.36"
93.171.222.65 - - [10/Feb/2024:00:38:39 +0500] "GET /assets/js/slick.js HTTP/1.1" 200 88955 "https://bp.gov.tm/" "Mozilla/5.0 (Linux; Android 10; K) AppleWebKit/537.36 (KHTML, like Gecko) Chrome/120.0.0.0 Mobile Safari/537.36"
93.171.222.65 - - [10/Feb/2024:00:38:39 +0500] "GET /assets/js/slider.js HTTP/1.1" 200 2115 "https://bp.gov.tm/" "Mozilla/5.0 (Linux; Android 10; K) AppleWebKit/537.36 (KHTML, like Gecko) Chrome/120.0.0.0 Mobile Safari/537.36"
93.171.222.65 - - [10/Feb/2024:00:38:39 +0500] "GET /assets/js/customSelect.js HTTP/1.1" 200 4108 "https://bp.gov.tm/" "Mozilla/5.0 (Linux; Android 10; K) AppleWebKit/537.36 (KHTML, like Gecko) Chrome/120.0.0.0 Mobile Safari/537.36"
93.171.222.65 - - [10/Feb/2024:00:38:39 +0500] "GET /assets/js/custom-file-input.js HTTP/1.1" 200 898 "https://bp.gov.tm/" "Mozilla/5.0 (Linux; Android 10; K) AppleWebKit/537.36 (KHTML, like Gecko) Chrome/120.0.0.0 Mobile Safari/537.36"
93.171.222.65 - - [10/Feb/2024:00:38:40 +0500] "GET /assets/fonts/Roboto-Regular.woff2 HTTP/1.1" 200 65764 "https://bp.gov.tm/assets/fonts/stylesheet.css" "Mozilla/5.0 (Linux; Android 10; K) AppleWebKit/537.36 (KHTML, like Gecko) Chrome/120.0.0.0 Mobile Safari/537.36"
93.171.222.65 - - [10/Feb/2024:00:38:40 +0500] "GET /assets/fonts/Roboto-Bold.woff2 HTTP/1.1" 200 66004 "https://bp.gov.tm/assets/fonts/stylesheet.css" "Mozilla/5.0 (Linux; Android 10; K) AppleWebKit/537.36 (KHTML, like Gecko) Chrome/120.0.0.0 Mobile Safari/537.36"
93.171.222.65 - - [10/Feb/2024:00:38:40 +0500] "GET /assets/fonts/Roboto-Medium.woff2 HTTP/1.1" 200 66708 "https://bp.gov.tm/assets/fonts/stylesheet.css" "Mozilla/5.0 (Linux; Android 10; K) AppleWebKit/537.36 (KHTML, like Gecko) Chrome/120.0.0.0 Mobile Safari/537.36"
93.171.222.65 - - [10/Feb/2024:00:38:40 +0500] "GET /storage/articles/February2024/JwCB9EpBhES8NsGywpH1.jpg HTTP/1.1" 200 87991 "https://bp.gov.tm/" "Mozilla/5.0 (Linux; Android 10; K) AppleWebKit/537.36 (KHTML, like Gecko) Chrome/120.0.0.0 Mobile Safari/537.36"
93.171.222.65 - - [10/Feb/2024:00:38:40 +0500] "GET /assets/images/svg/date.svg HTTP/1.1" 200 1708 "https://bp.gov.tm/assets/css/main.css" "Mozilla/5.0 (Linux; Android 10; K) AppleWebKit/537.36 (KHTML, like Gecko) Chrome/120.0.0.0 Mobile Safari/537.36"
93.171.222.65 - - [10/Feb/2024:00:38:40 +0500] "GET /assets/js/modal-close.js HTTP/1.1" 200 2202 "https://bp.gov.tm/" "Mozilla/5.0 (Linux; Android 10; K) AppleWebKit/537.36 (KHTML, like Gecko) Chrome/120.0.0.0 Mobile Safari/537.36"
93.171.222.65 - - [10/Feb/2024:00:38:40 +0500] "GET /assets/js/tabs.js HTTP/1.1" 200 1331 "https://bp.gov.tm/" "Mozilla/5.0 (Linux; Android 10; K) AppleWebKit/537.36 (KHTML, like Gecko) Chrome/120.0.0.0 Mobile Safari/537.36"
93.171.222.65 - - [10/Feb/2024:00:38:40 +0500] "GET /assets/js/main.js HTTP/1.1" 200 7016 "https://bp.gov.tm/" "Mozilla/5.0 (Linux; Android 10; K) AppleWebKit/537.36 (KHTML, like Gecko) Chrome/120.0.0.0 Mobile Safari/537.36"
93.171.222.65 - - [10/Feb/2024:00:38:40 +0500] "GET /assets/js/simpleTab.js HTTP/1.1" 200 1379 "https://bp.gov.tm/" "Mozilla/5.0 (Linux; Android 10; K) AppleWebKit/537.36 (KHTML, like Gecko) Chrome/120.0.0.0 Mobile Safari/537.36"
93.171.222.65 - - [10/Feb/2024:00:38:40 +0500] "GET /assets/images/svg/close.svg HTTP/1.1" 200 930 "https://bp.gov.tm/" "Mozilla/5.0 (Linux; Android 10; K) AppleWebKit/537.36 (KHTML, like Gecko) Chrome/120.0.0.0 Mobile Safari/537.36"
93.171.222.65 - - [10/Feb/2024:00:38:40 +0500] "GET /assets/images/slogan.png HTTP/1.1" 200 127592 "https://bp.gov.tm/" "Mozilla/5.0 (Linux; Android 10; K) AppleWebKit/537.36 (KHTML, like Gecko) Chrome/120.0.0.0 Mobile Safari/537.36"
157.90.182.23 - - [10/Feb/2024:00:38:40 +0500] "GET /news/1195/show HTTP/1.1" 200 27988 "-" "Mozilla/5.0 (compatible; BLEXBot/1.0; +http://webmeup-crawler.com/)"
93.171.222.65 - - [10/Feb/2024:00:38:41 +0500] "GET /storage/websites/April2021/ooUS2uRQPVdU7Ncqt0GT.jpeg HTTP/1.1" 200 5274 "https://bp.gov.tm/" "Mozilla/5.0 (Linux; Android 10; K) AppleWebKit/537.36 (KHTML, like Gecko) Chrome/120.0.0.0 Mobile Safari/537.36"
93.171.222.65 - - [10/Feb/2024:00:38:41 +0500] "GET /storage/websites/April2021/OoLwuNz8sCqh8pujP6yn.png HTTP/1.1" 200 48670 "https://bp.gov.tm/" "Mozilla/5.0 (Linux; Android 10; K) AppleWebKit/537.36 (KHTML, like Gecko) Chrome/120.0.0.0 Mobile Safari/537.36"
93.171.222.65 - - [10/Feb/2024:00:38:42 +0500] "GET /assets/images/main-logo.png HTTP/1.1" 200 136518 "https://bp.gov.tm/" "Mozilla/5.0 (Linux; Android 10; K) AppleWebKit/537.36 (KHTML, like Gecko) Chrome/120.0.0.0 Mobile Safari/537.36"
157.90.182.23 - - [10/Feb/2024:00:38:42 +0500] "GET /news/960/show HTTP/1.1" 200 26423 "-" "Mozilla/5.0 (compatible; BLEXBot/1.0; +http://webmeup-crawler.com/)"
93.171.222.65 - - [10/Feb/2024:00:38:43 +0500] "GET /storage/websites/April2021/iSmqrC24NznXMIiN1dZM.png HTTP/1.1" 200 41647 "https://bp.gov.tm/" "Mozilla/5.0 (Linux; Android 10; K) AppleWebKit/537.36 (KHTML, like Gecko) Chrome/120.0.0.0 Mobile Safari/537.36"
93.171.222.65 - - [10/Feb/2024:00:38:45 +0500] "GET /storage/websites/April2021/VaPn2P3DNLyXbuQuwpmf.png HTTP/1.1" 200 29226 "https://bp.gov.tm/" "Mozilla/5.0 (Linux; Android 10; K) AppleWebKit/537.36 (KHTML, like Gecko) Chrome/120.0.0.0 Mobile Safari/537.36"
93.171.222.65 - - [10/Feb/2024:00:38:46 +0500] "GET /assets/images/header_tm.jpg HTTP/1.1" 200 868244 "https://bp.gov.tm/" "Mozilla/5.0 (Linux; Android 10; K) AppleWebKit/537.36 (KHTML, like Gecko) Chrome/120.0.0.0 Mobile Safari/537.36"
93.171.223.12 - - [10/Feb/2024:00:38:48 +0500] "GET / HTTP/1.1" 200 151406 "-" "Uptime-Kuma/1.23.3"
93.171.222.65 - - [10/Feb/2024:00:38:53 +0500] "GET /storage/websites/April2021/jgoRV5eJVUHPfLDecQHm.png HTTP/1.1" 200 58427 "https://bp.gov.tm/" "Mozilla/5.0 (Linux; Android 10; K) AppleWebKit/537.36 (KHTML, like Gecko) Chrome/120.0.0.0 Mobile Safari/537.36"
217.174.238.111 - - [10/Feb/2024:00:38:59 +0500] "GET / HTTP/1.1" 200 151406 "-" "Uptime-Kuma/1.23.3"
93.171.222.65 - - [10/Feb/2024:00:39:00 +0500] "GET /storage/websites/April2022/SzAZcwpZJfgNcMRUivOm.png HTTP/1.1" 200 795533 "https://bp.gov.tm/" "Mozilla/5.0 (Linux; Android 10; K) AppleWebKit/537.36 (KHTML, like Gecko) Chrome/120.0.0.0 Mobile Safari/537.36"
157.90.182.23 - - [10/Feb/2024:00:39:02 +0500] "GET /news/964/show HTTP/1.1" 200 25077 "-" "Mozilla/5.0 (compatible; BLEXBot/1.0; +http://webmeup-crawler.com/)"
93.171.222.65 - - [10/Feb/2024:00:39:02 +0500] "GET /storage/websites/April2022/4JaxbevwwPjzvh2vPtN8.png HTTP/1.1" 200 1430544 "https://bp.gov.tm/" "Mozilla/5.0 (Linux; Android 10; K) AppleWebKit/537.36 (KHTML, like Gecko) Chrome/120.0.0.0 Mobile Safari/537.36"
93.171.222.65 - - [10/Feb/2024:00:39:03 +0500] "GET /storage/websites/April2021/KyVM7uuOz9Y9kYrEb8Aw.png HTTP/1.1" 200 17700 "https://bp.gov.tm/" "Mozilla/5.0 (Linux; Android 10; K) AppleWebKit/537.36 (KHTML, like Gecko) Chrome/120.0.0.0 Mobile Safari/537.36"
93.171.222.65 - - [10/Feb/2024:00:39:03 +0500] "GET /storage/websites/April2021/GytfLXnsFUsp1LMjwETQ.png HTTP/1.1" 200 29226 "https://bp.gov.tm/" "Mozilla/5.0 (Linux; Android 10; K) AppleWebKit/537.36 (KHTML, like Gecko) Chrome/120.0.0.0 Mobile Safari/537.36"
93.171.222.65 - - [10/Feb/2024:00:39:04 +0500] "GET /storage/websites/April2022/ZXhbaRNDDeplbN7NQzXz.png HTTP/1.1" 200 1312632 "https://bp.gov.tm/" "Mozilla/5.0 (Linux; Android 10; K) AppleWebKit/537.36 (KHTML, like Gecko) Chrome/120.0.0.0 Mobile Safari/537.36"
93.171.222.65 - - [10/Feb/2024:00:39:05 +0500] "GET /storage/websites/April2022/rIoixJ0QOweW3AHFrgbg.png HTTP/1.1" 200 1139429 "https://bp.gov.tm/" "Mozilla/5.0 (Linux; Android 10; K) AppleWebKit/537.36 (KHTML, like Gecko) Chrome/120.0.0.0 Mobile Safari/537.36"
93.171.222.65 - - [10/Feb/2024:00:39:06 +0500] "GET /storage/websites/April2021/WDmrjvomuYRD5goGDJdm.jpg HTTP/1.1" 200 66817 "https://bp.gov.tm/" "Mozilla/5.0 (Linux; Android 10; K) AppleWebKit/537.36 (KHTML, like Gecko) Chrome/120.0.0.0 Mobile Safari/537.36"
93.171.223.12 - - [10/Feb/2024:00:39:08 +0500] "GET / HTTP/1.1" 200 151406 "-" "Uptime-Kuma/1.23.3"
93.171.222.65 - - [10/Feb/2024:00:39:09 +0500] "GET /storage/websites/April2022/Hrr706H2TruIkvC1rCOI.png HTTP/1.1" 200 1157805 "https://bp.gov.tm/" "Mozilla/5.0 (Linux; Android 10; K) AppleWebKit/537.36 (KHTML, like Gecko) Chrome/120.0.0.0 Mobile Safari/537.36"
93.171.222.65 - - [10/Feb/2024:00:39:09 +0500] "GET /storage/websites/April2021/qbUxPpaFVhQhj8ZPSKqV.png HTTP/1.1" 200 29226 "https://bp.gov.tm/" "Mozilla/5.0 (Linux; Android 10; K) AppleWebKit/537.36 (KHTML, like Gecko) Chrome/120.0.0.0 Mobile Safari/537.36"
93.171.222.65 - - [10/Feb/2024:00:39:10 +0500] "GET /storage/websites/April2022/zn8ES93ktrbC8Nlx7FgC.png HTTP/1.1" 200 1227110 "https://bp.gov.tm/" "Mozilla/5.0 (Linux; Android 10; K) AppleWebKit/537.36 (KHTML, like Gecko) Chrome/120.0.0.0 Mobile Safari/537.36"
157.90.182.23 - - [10/Feb/2024:00:39:11 +0500] "GET /news/966/show HTTP/1.1" 200 27309 "-" "Mozilla/5.0 (compatible; BLEXBot/1.0; +http://webmeup-crawler.com/)"
157.90.182.23 - - [10/Feb/2024:00:39:13 +0500] "GET /news/1196/show HTTP/1.1" 200 32878 "-" "Mozilla/5.0 (compatible; BLEXBot/1.0; +http://webmeup-crawler.com/)"
157.90.182.23 - - [10/Feb/2024:00:39:21 +0500] "GET /news/1197/show HTTP/1.1" 200 32455 "-" "Mozilla/5.0 (compatible; BLEXBot/1.0; +http://webmeup-crawler.com/)"
217.174.238.111 - - [10/Feb/2024:00:39:22 +0500] "GET / HTTP/1.1" 200 151437 "-" "Uptime-Kuma/1.23.3"
157.90.182.23 - - [10/Feb/2024:00:39:26 +0500] "GET /news/969/show HTTP/1.1" 200 25945 "-" "Mozilla/5.0 (compatible; BLEXBot/1.0; +http://webmeup-crawler.com/)"
157.90.182.23 - - [10/Feb/2024:00:39:29 +0500] "GET /news/1198/show HTTP/1.1" 200 28464 "-" "Mozilla/5.0 (compatible; BLEXBot/1.0; +http://webmeup-crawler.com/)"
93.171.223.12 - - [10/Feb/2024:00:39:30 +0500] "GET / HTTP/1.1" 200 151374 "-" "Uptime-Kuma/1.23.3"
95.85.112.5 - - [10/Feb/2024:00:39:39 +0500] "GET / HTTP/1.1" 200 151374 "-" "Uptime-Kuma/1.23.1"
217.174.238.111 - - [10/Feb/2024:00:39:44 +0500] "GET / HTTP/1.1" 200 151406 "-" "Uptime-Kuma/1.23.3"
157.90.182.23 - - [10/Feb/2024:00:39:45 +0500] "GET /news/975/show HTTP/1.1" 200 26588 "-" "Mozilla/5.0 (compatible; BLEXBot/1.0; +http://webmeup-crawler.com/)"
157.90.182.23 - - [10/Feb/2024:00:39:46 +0500] "GET /news/1199/show HTTP/1.1" 200 25747 "-" "Mozilla/5.0 (compatible; BLEXBot/1.0; +http://webmeup-crawler.com/)"
93.171.223.12 - - [10/Feb/2024:00:39:50 +0500] "GET / HTTP/1.1" 200 151406 "-" "Uptime-Kuma/1.23.3"
157.90.182.23 - - [10/Feb/2024:00:39:52 +0500] "GET /news/12/show HTTP/1.1" 200 26619 "-" "Mozilla/5.0 (compatible; BLEXBot/1.0; +http://webmeup-crawler.com/)"
217.174.238.111 - - [10/Feb/2024:00:40:05 +0500] "GET / HTTP/1.1" 200 151406 "-" "Uptime-Kuma/1.23.3"
69.162.124.237 - - [10/Feb/2024:00:40:06 +0500] "HEAD / HTTP/1.1" 200 0 "https://bp.gov.tm" "Mozilla/5.0+(compatible; UptimeRobot/2.0; http://www.uptimerobot.com/)"
93.171.222.65 - - [10/Feb/2024:00:40:07 +0500] "GET /storage/websites/April2022/h0GIzFgXWfioZduf6nY7.png HTTP/1.1" 200 130820 "https://bp.gov.tm/" "Mozilla/5.0 (Linux; Android 10; K) AppleWebKit/537.36 (KHTML, like Gecko) Chrome/120.0.0.0 Mobile Safari/537.36"
93.171.222.65 - - [10/Feb/2024:00:40:10 +0500] "GET /storage/websites/April2022/V7sc1MRFr5POrPHN7EVR.png HTTP/1.1" 200 589570 "https://bp.gov.tm/" "Mozilla/5.0 (Linux; Android 10; K) AppleWebKit/537.36 (KHTML, like Gecko) Chrome/120.0.0.0 Mobile Safari/537.36"
