10.104.56.201 - - [10/Feb/2024:00:08:37 +0500] "GET /assets/images/svg/back-2.svg HTTP/1.1" 200 648 "https://bp.gov.tm/laws/162/show" "Mozilla/5.0 (Windows NT 10.0; Win64; x64) AppleWebKit/537.36 (KHTML, like Gecko) Chrome/121.0.0.0 Safari/537.36"
10.104.56.201 - - [10/Feb/2024:00:08:37 +0500] "GET /assets/images/svg/lang.svg HTTP/1.1" 200 2469 "https://bp.gov.tm/laws/162/show" "Mozilla/5.0 (Windows NT 10.0; Win64; x64) AppleWebKit/537.36 (KHTML, like Gecko) Chrome/121.0.0.0 Safari/537.36"
10.104.56.201 - - [10/Feb/2024:00:08:37 +0500] "GET /assets/js/jquery.js HTTP/1.1" 200 89475 "https://bp.gov.tm/laws/162/show" "Mozilla/5.0 (Windows NT 10.0; Win64; x64) AppleWebKit/537.36 (KHTML, like Gecko) Chrome/121.0.0.0 Safari/537.36"
10.104.56.201 - - [10/Feb/2024:00:08:37 +0500] "GET /assets/images/svg/search-icon.svg HTTP/1.1" 200 506 "https://bp.gov.tm/laws/162/show" "Mozilla/5.0 (Windows NT 10.0; Win64; x64) AppleWebKit/537.36 (KHTML, like Gecko) Chrome/121.0.0.0 Safari/537.36"
10.104.56.201 - - [10/Feb/2024:00:08:37 +0500] "GET /assets/js/slick.js HTTP/1.1" 200 88955 "https://bp.gov.tm/laws/162/show" "Mozilla/5.0 (Windows NT 10.0; Win64; x64) AppleWebKit/537.36 (KHTML, like Gecko) Chrome/121.0.0.0 Safari/537.36"
10.104.56.201 - - [10/Feb/2024:00:08:37 +0500] "GET /assets/js/slider.js HTTP/1.1" 200 2115 "https://bp.gov.tm/laws/162/show" "Mozilla/5.0 (Windows NT 10.0; Win64; x64) AppleWebKit/537.36 (KHTML, like Gecko) Chrome/121.0.0.0 Safari/537.36"
10.104.56.201 - - [10/Feb/2024:00:08:37 +0500] "GET /assets/js/customSelect.js HTTP/1.1" 200 4108 "https://bp.gov.tm/laws/162/show" "Mozilla/5.0 (Windows NT 10.0; Win64; x64) AppleWebKit/537.36 (KHTML, like Gecko) Chrome/121.0.0.0 Safari/537.36"
10.104.56.201 - - [10/Feb/2024:00:08:37 +0500] "GET /assets/js/custom-file-input.js HTTP/1.1" 200 898 "https://bp.gov.tm/laws/162/show" "Mozilla/5.0 (Windows NT 10.0; Win64; x64) AppleWebKit/537.36 (KHTML, like Gecko) Chrome/121.0.0.0 Safari/537.36"
10.104.56.201 - - [10/Feb/2024:00:08:37 +0500] "GET /assets/js/modal-close.js HTTP/1.1" 200 2202 "https://bp.gov.tm/laws/162/show" "Mozilla/5.0 (Windows NT 10.0; Win64; x64) AppleWebKit/537.36 (KHTML, like Gecko) Chrome/121.0.0.0 Safari/537.36"
10.104.56.201 - - [10/Feb/2024:00:08:37 +0500] "GET /assets/js/tabs.js HTTP/1.1" 200 1331 "https://bp.gov.tm/laws/162/show" "Mozilla/5.0 (Windows NT 10.0; Win64; x64) AppleWebKit/537.36 (KHTML, like Gecko) Chrome/121.0.0.0 Safari/537.36"
10.104.56.201 - - [10/Feb/2024:00:08:37 +0500] "GET /assets/js/main.js HTTP/1.1" 200 7016 "https://bp.gov.tm/laws/162/show" "Mozilla/5.0 (Windows NT 10.0; Win64; x64) AppleWebKit/537.36 (KHTML, like Gecko) Chrome/121.0.0.0 Safari/537.36"
10.104.56.201 - - [10/Feb/2024:00:08:37 +0500] "GET /assets/js/simpleTab.js HTTP/1.1" 200 1379 "https://bp.gov.tm/laws/162/show" "Mozilla/5.0 (Windows NT 10.0; Win64; x64) AppleWebKit/537.36 (KHTML, like Gecko) Chrome/121.0.0.0 Safari/537.36"
10.104.56.201 - - [10/Feb/2024:00:08:38 +0500] "GET /assets/images/svg/close.svg HTTP/1.1" 200 930 "https://bp.gov.tm/laws/162/show" "Mozilla/5.0 (Windows NT 10.0; Win64; x64) AppleWebKit/537.36 (KHTML, like Gecko) Chrome/121.0.0.0 Safari/537.36"
10.104.56.201 - - [10/Feb/2024:00:08:38 +0500] "GET /assets/images/main-logo.png HTTP/1.1" 200 136518 "https://bp.gov.tm/laws/162/show" "Mozilla/5.0 (Windows NT 10.0; Win64; x64) AppleWebKit/537.36 (KHTML, like Gecko) Chrome/121.0.0.0 Safari/537.36"
93.171.223.12 - - [10/Feb/2024:00:08:39 +0500] "GET / HTTP/1.1" 200 151406 "-" "Uptime-Kuma/1.23.3"
10.104.56.201 - - [10/Feb/2024:00:08:40 +0500] "GET /assets/css/main.css HTTP/1.1" 200 86481 "https://bp.gov.tm/laws/162/show" "Mozilla/5.0 (Windows NT 10.0; Win64; x64) AppleWebKit/537.36 (KHTML, like Gecko) Chrome/121.0.0.0 Safari/537.36"
10.104.56.201 - - [10/Feb/2024:00:08:40 +0500] "GET /assets/images/header_tm.jpg HTTP/1.1" 200 868244 "https://bp.gov.tm/laws/162/show" "Mozilla/5.0 (Windows NT 10.0; Win64; x64) AppleWebKit/537.36 (KHTML, like Gecko) Chrome/121.0.0.0 Safari/537.36"
10.104.56.201 - - [10/Feb/2024:00:08:40 +0500] "GET /assets/fonts/Roboto-Bold.woff2 HTTP/1.1" 200 66004 "https://bp.gov.tm/assets/fonts/stylesheet.css" "Mozilla/5.0 (Windows NT 10.0; Win64; x64) AppleWebKit/537.36 (KHTML, like Gecko) Chrome/121.0.0.0 Safari/537.36"
10.104.56.201 - - [10/Feb/2024:00:08:40 +0500] "GET /assets/fonts/Roboto-Italic.woff2 HTTP/1.1" 200 71480 "https://bp.gov.tm/assets/fonts/stylesheet.css" "Mozilla/5.0 (Windows NT 10.0; Win64; x64) AppleWebKit/537.36 (KHTML, like Gecko) Chrome/121.0.0.0 Safari/537.36"
10.104.56.201 - - [10/Feb/2024:00:08:40 +0500] "GET /assets/fonts/Roboto-Regular.woff2 HTTP/1.1" 200 65764 "https://bp.gov.tm/assets/fonts/stylesheet.css" "Mozilla/5.0 (Windows NT 10.0; Win64; x64) AppleWebKit/537.36 (KHTML, like Gecko) Chrome/121.0.0.0 Safari/537.36"
10.104.56.201 - - [10/Feb/2024:00:08:43 +0500] "GET /favicon.ico HTTP/1.1" 200 99981 "https://bp.gov.tm/laws/162/show" "Mozilla/5.0 (Windows NT 10.0; Win64; x64) AppleWebKit/537.36 (KHTML, like Gecko) Chrome/121.0.0.0 Safari/537.36"
95.85.112.5 - - [10/Feb/2024:00:08:43 +0500] "GET / HTTP/1.1" 200 151374 "-" "Uptime-Kuma/1.23.1"
217.174.238.111 - - [10/Feb/2024:00:08:43 +0500] "GET / HTTP/1.1" 200 151406 "-" "Uptime-Kuma/1.23.3"
193.186.4.69 - - [10/Feb/2024:00:08:46 +0500] "GET /laws/100/show HTTP/1.1" 200 36975 "https://www.google.com/" "Mozilla/5.0 (Linux; Android 10; K) AppleWebKit/537.36 (KHTML, like Gecko) Chrome/121.0.0.0 Mobile Safari/537.36"
93.171.223.12 - - [10/Feb/2024:00:09:01 +0500] "GET / HTTP/1.1" 200 151382 "-" "Uptime-Kuma/1.23.3"
217.174.238.111 - - [10/Feb/2024:00:09:04 +0500] "GET / HTTP/1.1" 200 151406 "-" "Uptime-Kuma/1.23.3"
93.171.223.12 - - [10/Feb/2024:00:09:23 +0500] "GET / HTTP/1.1" 200 151406 "-" "Uptime-Kuma/1.23.3"
217.174.238.111 - - [10/Feb/2024:00:09:25 +0500] "GET / HTTP/1.1" 200 151406 "-" "Uptime-Kuma/1.23.3"
95.85.112.5 - - [10/Feb/2024:00:09:45 +0500] "GET / HTTP/1.1" 200 151374 "-" "Uptime-Kuma/1.23.1"
217.174.238.111 - - [10/Feb/2024:00:09:46 +0500] "GET / HTTP/1.1" 200 151406 "-" "Uptime-Kuma/1.23.3"
93.171.223.12 - - [10/Feb/2024:00:09:48 +0500] "GET / HTTP/1.1" 200 151374 "-" "Uptime-Kuma/1.23.3"
10.160.99.180 - - [10/Feb/2024:00:10:06 +0500] "GET /assets/fonts/stylesheet.css HTTP/1.1" 200 4581 "-" "Mozilla/5.0 (Linux; Android 8.1.0; Redmi 6A) AppleWebKit/537.36 (KHTML, like Gecko) Chrome/104.0.0.0 Mobile Safari/537.36"
10.160.99.180 - - [10/Feb/2024:00:10:06 +0500] "GET /assets/css/main.css HTTP/1.1" 200 86481 "-" "Mozilla/5.0 (Linux; Android 8.1.0; Redmi 6A) AppleWebKit/537.36 (KHTML, like Gecko) Chrome/104.0.0.0 Mobile Safari/537.36"
10.160.99.180 - - [10/Feb/2024:00:10:06 +0500] "GET /laws/310/show HTTP/1.1" 200 71961 "https://www.google.com/" "Mozilla/5.0 (Linux; Android 8.1.0; Redmi 6A) AppleWebKit/537.36 (KHTML, like Gecko) Chrome/104.0.0.0 Mobile Safari/537.36"
157.90.212.187 - - [10/Feb/2024:00:10:06 +0500] "GET / HTTP/1.1" 200 29873 "-" "python-requests/2.23.0"
10.160.99.180 - - [10/Feb/2024:00:10:07 +0500] "GET /assets/js/jquery.js HTTP/1.1" 200 89475 "https://bp.gov.tm/laws/310/show" "Mozilla/5.0 (Linux; Android 8.1.0; Redmi 6A) AppleWebKit/537.36 (KHTML, like Gecko) Chrome/104.0.0.0 Mobile Safari/537.36"
10.160.99.180 - - [10/Feb/2024:00:10:07 +0500] "GET /assets/js/slider.js HTTP/1.1" 200 2115 "https://bp.gov.tm/laws/310/show" "Mozilla/5.0 (Linux; Android 8.1.0; Redmi 6A) AppleWebKit/537.36 (KHTML, like Gecko) Chrome/104.0.0.0 Mobile Safari/537.36"
10.160.99.180 - - [10/Feb/2024:00:10:07 +0500] "GET /assets/js/customSelect.js HTTP/1.1" 200 4108 "https://bp.gov.tm/laws/310/show" "Mozilla/5.0 (Linux; Android 8.1.0; Redmi 6A) AppleWebKit/537.36 (KHTML, like Gecko) Chrome/104.0.0.0 Mobile Safari/537.36"
10.160.99.180 - - [10/Feb/2024:00:10:07 +0500] "GET /assets/js/custom-file-input.js HTTP/1.1" 200 898 "https://bp.gov.tm/laws/310/show" "Mozilla/5.0 (Linux; Android 8.1.0; Redmi 6A) AppleWebKit/537.36 (KHTML, like Gecko) Chrome/104.0.0.0 Mobile Safari/537.36"
10.160.99.180 - - [10/Feb/2024:00:10:07 +0500] "GET /assets/js/slick.js HTTP/1.1" 200 88955 "https://bp.gov.tm/laws/310/show" "Mozilla/5.0 (Linux; Android 8.1.0; Redmi 6A) AppleWebKit/537.36 (KHTML, like Gecko) Chrome/104.0.0.0 Mobile Safari/537.36"
10.160.99.180 - - [10/Feb/2024:00:10:07 +0500] "GET /assets/js/main.js HTTP/1.1" 200 7016 "https://bp.gov.tm/laws/310/show" "Mozilla/5.0 (Linux; Android 8.1.0; Redmi 6A) AppleWebKit/537.36 (KHTML, like Gecko) Chrome/104.0.0.0 Mobile Safari/537.36"
10.160.99.180 - - [10/Feb/2024:00:10:07 +0500] "GET /assets/js/simpleTab.js HTTP/1.1" 200 1379 "https://bp.gov.tm/laws/310/show" "Mozilla/5.0 (Linux; Android 8.1.0; Redmi 6A) AppleWebKit/537.36 (KHTML, like Gecko) Chrome/104.0.0.0 Mobile Safari/537.36"
10.160.99.180 - - [10/Feb/2024:00:10:07 +0500] "GET /assets/images/svg/back-2.svg HTTP/1.1" 200 648 "https://bp.gov.tm/laws/310/show" "Mozilla/5.0 (Linux; Android 8.1.0; Redmi 6A) AppleWebKit/537.36 (KHTML, like Gecko) Chrome/104.0.0.0 Mobile Safari/537.36"
10.160.99.180 - - [10/Feb/2024:00:10:07 +0500] "GET /assets/fonts/Roboto-Regular.woff2 HTTP/1.1" 200 65764 "https://bp.gov.tm/assets/fonts/stylesheet.css" "Mozilla/5.0 (Linux; Android 8.1.0; Redmi 6A) AppleWebKit/537.36 (KHTML, like Gecko) Chrome/104.0.0.0 Mobile Safari/537.36"
10.160.99.180 - - [10/Feb/2024:00:10:07 +0500] "GET /assets/js/tabs.js HTTP/1.1" 200 1331 "https://bp.gov.tm/laws/310/show" "Mozilla/5.0 (Linux; Android 8.1.0; Redmi 6A) AppleWebKit/537.36 (KHTML, like Gecko) Chrome/104.0.0.0 Mobile Safari/537.36"
10.160.99.180 - - [10/Feb/2024:00:10:07 +0500] "GET /assets/js/modal-close.js HTTP/1.1" 200 2202 "https://bp.gov.tm/laws/310/show" "Mozilla/5.0 (Linux; Android 8.1.0; Redmi 6A) AppleWebKit/537.36 (KHTML, like Gecko) Chrome/104.0.0.0 Mobile Safari/537.36"
10.160.99.180 - - [10/Feb/2024:00:10:07 +0500] "GET /assets/fonts/Roboto-Italic.woff2 HTTP/1.1" 200 71480 "https://bp.gov.tm/assets/fonts/stylesheet.css" "Mozilla/5.0 (Linux; Android 8.1.0; Redmi 6A) AppleWebKit/537.36 (KHTML, like Gecko) Chrome/104.0.0.0 Mobile Safari/537.36"
10.160.99.180 - - [10/Feb/2024:00:10:07 +0500] "GET /assets/images/svg/lang.svg HTTP/1.1" 200 2469 "https://bp.gov.tm/laws/310/show" "Mozilla/5.0 (Linux; Android 8.1.0; Redmi 6A) AppleWebKit/537.36 (KHTML, like Gecko) Chrome/104.0.0.0 Mobile Safari/537.36"
10.160.99.180 - - [10/Feb/2024:00:10:07 +0500] "GET /assets/images/svg/search-icon.svg HTTP/1.1" 200 506 "https://bp.gov.tm/laws/310/show" "Mozilla/5.0 (Linux; Android 8.1.0; Redmi 6A) AppleWebKit/537.36 (KHTML, like Gecko) Chrome/104.0.0.0 Mobile Safari/537.36"
10.160.99.180 - - [10/Feb/2024:00:10:07 +0500] "GET /assets/fonts/Roboto-Bold.woff2 HTTP/1.1" 200 66004 "https://bp.gov.tm/assets/fonts/stylesheet.css" "Mozilla/5.0 (Linux; Android 8.1.0; Redmi 6A) AppleWebKit/537.36 (KHTML, like Gecko) Chrome/104.0.0.0 Mobile Safari/537.36"
10.160.99.180 - - [10/Feb/2024:00:10:07 +0500] "GET /assets/images/svg/close.svg HTTP/1.1" 200 930 "https://bp.gov.tm/laws/310/show" "Mozilla/5.0 (Linux; Android 8.1.0; Redmi 6A) AppleWebKit/537.36 (KHTML, like Gecko) Chrome/104.0.0.0 Mobile Safari/537.36"
217.174.238.111 - - [10/Feb/2024:00:10:08 +0500] "GET / HTTP/1.1" 200 151406 "-" "Uptime-Kuma/1.23.3"
69.162.124.237 - - [10/Feb/2024:00:10:08 +0500] "HEAD / HTTP/1.1" 200 0 "https://bp.gov.tm" "Mozilla/5.0+(compatible; UptimeRobot/2.0; http://www.uptimerobot.com/)"
10.160.99.180 - - [10/Feb/2024:00:10:09 +0500] "GET /assets/images/main-logo.png HTTP/1.1" 200 136518 "https://bp.gov.tm/laws/310/show" "Mozilla/5.0 (Linux; Android 8.1.0; Redmi 6A) AppleWebKit/537.36 (KHTML, like Gecko) Chrome/104.0.0.0 Mobile Safari/537.36"
93.171.223.12 - - [10/Feb/2024:00:10:11 +0500] "GET / HTTP/1.1" 200 151406 "-" "Uptime-Kuma/1.23.3"
10.160.99.180 - - [10/Feb/2024:00:10:11 +0500] "GET /assets/images/header_tm.jpg HTTP/1.1" 200 868244 "https://bp.gov.tm/laws/310/show" "Mozilla/5.0 (Linux; Android 8.1.0; Redmi 6A) AppleWebKit/537.36 (KHTML, like Gecko) Chrome/104.0.0.0 Mobile Safari/537.36"
10.160.99.180 - - [10/Feb/2024:00:10:11 +0500] "GET /favicon.ico HTTP/1.1" 200 99981 "https://bp.gov.tm/laws/310/show" "Mozilla/5.0 (Linux; Android 8.1.0; Redmi 6A) AppleWebKit/537.36 (KHTML, like Gecko) Chrome/104.0.0.0 Mobile Safari/537.36"
185.69.186.123 - - [10/Feb/2024:00:10:23 +0500] "GET /laws/303/show HTTP/1.1" 200 203098 "https://www.google.com/" "Mozilla/5.0 (Linux; Android 4.4.4; SM-J110H Build/KTU84P) AppleWebKit/537.36 (KHTML, like Gecko) Chrome/40.0.2214.109 Mobile Safari/537.36"
185.69.186.123 - - [10/Feb/2024:00:10:23 +0500] "GET /assets/fonts/stylesheet.css HTTP/1.1" 200 4581 "https://bp.gov.tm/laws/303/show" "Mozilla/5.0 (Linux; Android 4.4.4; SM-J110H Build/KTU84P) AppleWebKit/537.36 (KHTML, like Gecko) Chrome/40.0.2214.109 Mobile Safari/537.36"
185.69.186.123 - - [10/Feb/2024:00:10:24 +0500] "GET /assets/css/main.css HTTP/1.1" 200 86481 "https://bp.gov.tm/laws/303/show" "Mozilla/5.0 (Linux; Android 4.4.4; SM-J110H Build/KTU84P) AppleWebKit/537.36 (KHTML, like Gecko) Chrome/40.0.2214.109 Mobile Safari/537.36"
185.69.186.123 - - [10/Feb/2024:00:10:24 +0500] "GET /assets/js/slick.js HTTP/1.1" 200 88955 "https://bp.gov.tm/laws/303/show" "Mozilla/5.0 (Linux; Android 4.4.4; SM-J110H Build/KTU84P) AppleWebKit/537.36 (KHTML, like Gecko) Chrome/40.0.2214.109 Mobile Safari/537.36"
185.69.186.123 - - [10/Feb/2024:00:10:24 +0500] "GET /assets/js/jquery.js HTTP/1.1" 200 89475 "https://bp.gov.tm/laws/303/show" "Mozilla/5.0 (Linux; Android 4.4.4; SM-J110H Build/KTU84P) AppleWebKit/537.36 (KHTML, like Gecko) Chrome/40.0.2214.109 Mobile Safari/537.36"
185.69.186.123 - - [10/Feb/2024:00:10:24 +0500] "GET /assets/js/slider.js HTTP/1.1" 200 2115 "https://bp.gov.tm/laws/303/show" "Mozilla/5.0 (Linux; Android 4.4.4; SM-J110H Build/KTU84P) AppleWebKit/537.36 (KHTML, like Gecko) Chrome/40.0.2214.109 Mobile Safari/537.36"
185.69.186.123 - - [10/Feb/2024:00:10:24 +0500] "GET /assets/js/custom-file-input.js HTTP/1.1" 200 898 "https://bp.gov.tm/laws/303/show" "Mozilla/5.0 (Linux; Android 4.4.4; SM-J110H Build/KTU84P) AppleWebKit/537.36 (KHTML, like Gecko) Chrome/40.0.2214.109 Mobile Safari/537.36"
185.69.186.123 - - [10/Feb/2024:00:10:24 +0500] "GET /assets/js/customSelect.js HTTP/1.1" 200 4108 "https://bp.gov.tm/laws/303/show" "Mozilla/5.0 (Linux; Android 4.4.4; SM-J110H Build/KTU84P) AppleWebKit/537.36 (KHTML, like Gecko) Chrome/40.0.2214.109 Mobile Safari/537.36"
185.69.186.123 - - [10/Feb/2024:00:10:24 +0500] "GET /assets/images/header_tm.jpg HTTP/1.1" 200 868244 "https://bp.gov.tm/laws/303/show" "Mozilla/5.0 (Linux; Android 4.4.4; SM-J110H Build/KTU84P) AppleWebKit/537.36 (KHTML, like Gecko) Chrome/40.0.2214.109 Mobile Safari/537.36"
185.69.186.123 - - [10/Feb/2024:00:10:25 +0500] "GET /assets/js/modal-close.js HTTP/1.1" 200 2202 "https://bp.gov.tm/laws/303/show" "Mozilla/5.0 (Linux; Android 4.4.4; SM-J110H Build/KTU84P) AppleWebKit/537.36 (KHTML, like Gecko) Chrome/40.0.2214.109 Mobile Safari/537.36"
185.69.186.123 - - [10/Feb/2024:00:10:25 +0500] "GET /assets/js/tabs.js HTTP/1.1" 200 1331 "https://bp.gov.tm/laws/303/show" "Mozilla/5.0 (Linux; Android 4.4.4; SM-J110H Build/KTU84P) AppleWebKit/537.36 (KHTML, like Gecko) Chrome/40.0.2214.109 Mobile Safari/537.36"
185.69.186.123 - - [10/Feb/2024:00:10:25 +0500] "GET /assets/js/main.js HTTP/1.1" 200 7016 "https://bp.gov.tm/laws/303/show" "Mozilla/5.0 (Linux; Android 4.4.4; SM-J110H Build/KTU84P) AppleWebKit/537.36 (KHTML, like Gecko) Chrome/40.0.2214.109 Mobile Safari/537.36"
185.69.186.123 - - [10/Feb/2024:00:10:25 +0500] "GET /assets/js/simpleTab.js HTTP/1.1" 200 1379 "https://bp.gov.tm/laws/303/show" "Mozilla/5.0 (Linux; Android 4.4.4; SM-J110H Build/KTU84P) AppleWebKit/537.36 (KHTML, like Gecko) Chrome/40.0.2214.109 Mobile Safari/537.36"
185.69.186.123 - - [10/Feb/2024:00:10:25 +0500] "GET /assets/fonts/Roboto-Regular.woff2 HTTP/1.1" 200 65764 "https://bp.gov.tm/assets/fonts/stylesheet.css" "Mozilla/5.0 (Linux; Android 4.4.4; SM-J110H Build/KTU84P) AppleWebKit/537.36 (KHTML, like Gecko) Chrome/40.0.2214.109 Mobile Safari/537.36"
185.69.186.123 - - [10/Feb/2024:00:10:25 +0500] "GET /assets/fonts/Roboto-Bold.woff2 HTTP/1.1" 200 66004 "https://bp.gov.tm/assets/fonts/stylesheet.css" "Mozilla/5.0 (Linux; Android 4.4.4; SM-J110H Build/KTU84P) AppleWebKit/537.36 (KHTML, like Gecko) Chrome/40.0.2214.109 Mobile Safari/537.36"
185.69.186.123 - - [10/Feb/2024:00:10:25 +0500] "GET /assets/images/svg/back-2.svg HTTP/1.1" 200 648 "https://bp.gov.tm/laws/303/show" "Mozilla/5.0 (Linux; Android 4.4.4; SM-J110H Build/KTU84P) AppleWebKit/537.36 (KHTML, like Gecko) Chrome/40.0.2214.109 Mobile Safari/537.36"
185.69.186.123 - - [10/Feb/2024:00:10:25 +0500] "GET /assets/images/svg/lang.svg HTTP/1.1" 200 2469 "https://bp.gov.tm/laws/303/show" "Mozilla/5.0 (Linux; Android 4.4.4; SM-J110H Build/KTU84P) AppleWebKit/537.36 (KHTML, like Gecko) Chrome/40.0.2214.109 Mobile Safari/537.36"
185.69.186.123 - - [10/Feb/2024:00:10:25 +0500] "GET /assets/images/svg/search-icon.svg HTTP/1.1" 200 506 "https://bp.gov.tm/laws/303/show" "Mozilla/5.0 (Linux; Android 4.4.4; SM-J110H Build/KTU84P) AppleWebKit/537.36 (KHTML, like Gecko) Chrome/40.0.2214.109 Mobile Safari/537.36"
185.69.186.123 - - [10/Feb/2024:00:10:25 +0500] "GET /assets/images/svg/close.svg HTTP/1.1" 200 930 "https://bp.gov.tm/laws/303/show" "Mozilla/5.0 (Linux; Android 4.4.4; SM-J110H Build/KTU84P) AppleWebKit/537.36 (KHTML, like Gecko) Chrome/40.0.2214.109 Mobile Safari/537.36"
185.69.186.123 - - [10/Feb/2024:00:10:25 +0500] "GET /assets/images/main-logo.png HTTP/1.1" 200 136518 "https://bp.gov.tm/laws/303/show" "Mozilla/5.0 (Linux; Android 4.4.4; SM-J110H Build/KTU84P) AppleWebKit/537.36 (KHTML, like Gecko) Chrome/40.0.2214.109 Mobile Safari/537.36"
185.69.186.123 - - [10/Feb/2024:00:10:27 +0500] "GET /assets/fonts/Roboto-Regular.woff HTTP/1.1" 200 93404 "https://bp.gov.tm/assets/fonts/stylesheet.css" "Mozilla/5.0 (Linux; Android 4.4.4; SM-J110H Build/KTU84P) AppleWebKit/537.36 (KHTML, like Gecko) Chrome/40.0.2214.109 Mobile Safari/537.36"
185.69.186.123 - - [10/Feb/2024:00:10:27 +0500] "GET /assets/fonts/Roboto-Bold.woff HTTP/1.1" 200 93716 "https://bp.gov.tm/assets/fonts/stylesheet.css" "Mozilla/5.0 (Linux; Android 4.4.4; SM-J110H Build/KTU84P) AppleWebKit/537.36 (KHTML, like Gecko) Chrome/40.0.2214.109 Mobile Safari/537.36"
217.174.238.111 - - [10/Feb/2024:00:10:29 +0500] "GET / HTTP/1.1" 200 151406 "-" "Uptime-Kuma/1.23.3"
93.171.223.12 - - [10/Feb/2024:00:10:33 +0500] "GET / HTTP/1.1" 200 151406 "-" "Uptime-Kuma/1.23.3"
185.69.186.123 - - [10/Feb/2024:00:10:36 +0500] "GET /favicon.ico HTTP/1.1" 200 99981 "-" "Mozilla/5.0 (Linux; Android 4.4.4; SM-J110H Build/KTU84P) AppleWebKit/537.36 (KHTML, like Gecko) Chrome/40.0.2214.109 Mobile Safari/537.36"
95.85.112.5 - - [10/Feb/2024:00:10:47 +0500] "GET / HTTP/1.1" 200 151374 "-" "Uptime-Kuma/1.23.1"
217.174.238.111 - - [10/Feb/2024:00:10:51 +0500] "GET / HTTP/1.1" 200 151406 "-" "Uptime-Kuma/1.23.3"
93.171.223.12 - - [10/Feb/2024:00:10:56 +0500] "GET / HTTP/1.1" 200 151406 "-" "Uptime-Kuma/1.23.3"
217.174.238.111 - - [10/Feb/2024:00:11:12 +0500] "GET / HTTP/1.1" 200 151406 "-" "Uptime-Kuma/1.23.3"
93.171.223.12 - - [10/Feb/2024:00:11:17 +0500] "GET / HTTP/1.1" 200 151406 "-" "Uptime-Kuma/1.23.3"
95.85.110.228 - - [10/Feb/2024:00:11:17 +0500] "GET / HTTP/1.1" 200 151430 "-" "Uptime-Kuma/1.20.1"
66.249.81.105 - - [10/Feb/2024:00:11:21 +0500] "GET /.well-known/traffic-advice HTTP/1.1" 404 2346 "-" "Chrome Privacy Preserving Prefetch Proxy"
72.14.201.6 - - [10/Feb/2024:00:11:23 +0500] "GET /laws/192/show HTTP/1.1" 200 47619 "https://www.google.com/" "Mozilla/5.0 (Linux; Android 10; K) AppleWebKit/537.36 (KHTML, like Gecko) Chrome/121.0.0.0 Mobile Safari/537.36"
217.174.238.111 - - [10/Feb/2024:00:11:35 +0500] "GET / HTTP/1.1" 200 151406 "-" "Uptime-Kuma/1.23.3"
93.171.223.12 - - [10/Feb/2024:00:11:38 +0500] "GET / HTTP/1.1" 200 151406 "-" "Uptime-Kuma/1.23.3"
95.85.112.5 - - [10/Feb/2024:00:11:49 +0500] "GET / HTTP/1.1" 200 151374 "-" "Uptime-Kuma/1.23.1"
217.174.238.111 - - [10/Feb/2024:00:11:57 +0500] "GET / HTTP/1.1" 200 151406 "-" "Uptime-Kuma/1.23.3"
54.36.148.155 - - [10/Feb/2024:00:11:57 +0500] "GET /news/869/show HTTP/1.1" 200 28326 "-" "Mozilla/5.0 (compatible; AhrefsBot/7.0; +http://ahrefs.com/robot/)"
93.171.223.12 - - [10/Feb/2024:00:11:59 +0500] "GET / HTTP/1.1" 200 151406 "-" "Uptime-Kuma/1.23.3"
54.36.148.188 - - [10/Feb/2024:00:12:03 +0500] "GET /storage/articles/April2023/sSOVgk5NZdvj6Si6kQ7O.jpg HTTP/1.1" 200 95882 "-" "Mozilla/5.0 (compatible; AhrefsBot/7.0; +http://ahrefs.com/robot/)"
217.174.238.111 - - [10/Feb/2024:00:12:18 +0500] "GET / HTTP/1.1" 200 151406 "-" "Uptime-Kuma/1.23.3"
93.171.223.12 - - [10/Feb/2024:00:12:19 +0500] "GET / HTTP/1.1" 200 151406 "-" "Uptime-Kuma/1.23.3"
217.174.238.111 - - [10/Feb/2024:00:12:39 +0500] "GET / HTTP/1.1" 200 151430 "-" "Uptime-Kuma/1.23.3"
93.171.223.12 - - [10/Feb/2024:00:12:42 +0500] "GET / HTTP/1.1" 200 151406 "-" "Uptime-Kuma/1.23.3"
95.85.112.5 - - [10/Feb/2024:00:12:50 +0500] "GET / HTTP/1.1" 200 151374 "-" "Uptime-Kuma/1.23.1"
217.174.238.111 - - [10/Feb/2024:00:13:00 +0500] "GET / HTTP/1.1" 200 151406 "-" "Uptime-Kuma/1.23.3"
93.171.223.12 - - [10/Feb/2024:00:13:07 +0500] "GET / HTTP/1.1" 200 151406 "-" "Uptime-Kuma/1.23.3"
217.174.238.111 - - [10/Feb/2024:00:13:22 +0500] "GET / HTTP/1.1" 200 151406 "-" "Uptime-Kuma/1.23.3"
93.171.223.12 - - [10/Feb/2024:00:13:29 +0500] "GET / HTTP/1.1" 200 151374 "-" "Uptime-Kuma/1.23.3"
52.167.144.167 - - [10/Feb/2024:00:13:38 +0500] "GET /news/950/show HTTP/1.1" 200 30884 "-" "Mozilla/5.0 AppleWebKit/537.36 (KHTML, like Gecko; compatible; bingbot/2.0; +http://www.bing.com/bingbot.htm) Chrome/116.0.1938.76 Safari/537.36"
10.120.87.172 - - [10/Feb/2024:00:13:39 +0500] "GET / HTTP/1.1" 200 29874 "-" "Mozilla/5.0 (Linux; Android 13; 22101320G Build/TKQ1.221114.001; wv) AppleWebKit/537.36 (KHTML, like Gecko) Version/4.0 Chrome/120.0.6099.230 Mobile Safari/537.36"
10.120.87.172 - - [10/Feb/2024:00:13:39 +0500] "GET /assets/fonts/stylesheet.css HTTP/1.1" 200 4581 "https://bp.gov.tm/" "Mozilla/5.0 (Linux; Android 13; 22101320G Build/TKQ1.221114.001; wv) AppleWebKit/537.36 (KHTML, like Gecko) Version/4.0 Chrome/120.0.6099.230 Mobile Safari/537.36"
10.120.87.172 - - [10/Feb/2024:00:13:39 +0500] "GET /assets/css/main.css HTTP/1.1" 200 86481 "https://bp.gov.tm/" "Mozilla/5.0 (Linux; Android 13; 22101320G Build/TKQ1.221114.001; wv) AppleWebKit/537.36 (KHTML, like Gecko) Version/4.0 Chrome/120.0.6099.230 Mobile Safari/537.36"
10.120.87.172 - - [10/Feb/2024:00:13:39 +0500] "GET /assets/js/jquery.js HTTP/1.1" 200 89475 "https://bp.gov.tm/" "Mozilla/5.0 (Linux; Android 13; 22101320G Build/TKQ1.221114.001; wv) AppleWebKit/537.36 (KHTML, like Gecko) Version/4.0 Chrome/120.0.6099.230 Mobile Safari/537.36"
10.120.87.172 - - [10/Feb/2024:00:13:39 +0500] "GET /assets/images/svg/back-2.svg HTTP/1.1" 200 648 "https://bp.gov.tm/" "Mozilla/5.0 (Linux; Android 13; 22101320G Build/TKQ1.221114.001; wv) AppleWebKit/537.36 (KHTML, like Gecko) Version/4.0 Chrome/120.0.6099.230 Mobile Safari/537.36"
10.120.87.172 - - [10/Feb/2024:00:13:39 +0500] "GET /assets/images/svg/lang.svg HTTP/1.1" 200 2469 "https://bp.gov.tm/" "Mozilla/5.0 (Linux; Android 13; 22101320G Build/TKQ1.221114.001; wv) AppleWebKit/537.36 (KHTML, like Gecko) Version/4.0 Chrome/120.0.6099.230 Mobile Safari/537.36"
10.120.87.172 - - [10/Feb/2024:00:13:39 +0500] "GET /assets/images/svg/search-icon.svg HTTP/1.1" 200 506 "https://bp.gov.tm/" "Mozilla/5.0 (Linux; Android 13; 22101320G Build/TKQ1.221114.001; wv) AppleWebKit/537.36 (KHTML, like Gecko) Version/4.0 Chrome/120.0.6099.230 Mobile Safari/537.36"
10.120.87.172 - - [10/Feb/2024:00:13:39 +0500] "GET /assets/js/slick.js HTTP/1.1" 200 88955 "https://bp.gov.tm/" "Mozilla/5.0 (Linux; Android 13; 22101320G Build/TKQ1.221114.001; wv) AppleWebKit/537.36 (KHTML, like Gecko) Version/4.0 Chrome/120.0.6099.230 Mobile Safari/537.36"
10.120.87.172 - - [10/Feb/2024:00:13:39 +0500] "GET /assets/fonts/Roboto-Regular.woff2 HTTP/1.1" 200 65764 "https://bp.gov.tm/assets/fonts/stylesheet.css" "Mozilla/5.0 (Linux; Android 13; 22101320G Build/TKQ1.221114.001; wv) AppleWebKit/537.36 (KHTML, like Gecko) Version/4.0 Chrome/120.0.6099.230 Mobile Safari/537.36"
10.120.87.172 - - [10/Feb/2024:00:13:39 +0500] "GET /assets/fonts/Roboto-Bold.woff2 HTTP/1.1" 200 66004 "https://bp.gov.tm/assets/fonts/stylesheet.css" "Mozilla/5.0 (Linux; Android 13; 22101320G Build/TKQ1.221114.001; wv) AppleWebKit/537.36 (KHTML, like Gecko) Version/4.0 Chrome/120.0.6099.230 Mobile Safari/537.36"
10.120.87.172 - - [10/Feb/2024:00:13:39 +0500] "GET /assets/fonts/Roboto-Medium.woff2 HTTP/1.1" 200 66708 "https://bp.gov.tm/assets/fonts/stylesheet.css" "Mozilla/5.0 (Linux; Android 13; 22101320G Build/TKQ1.221114.001; wv) AppleWebKit/537.36 (KHTML, like Gecko) Version/4.0 Chrome/120.0.6099.230 Mobile Safari/537.36"
10.120.87.172 - - [10/Feb/2024:00:13:40 +0500] "GET /assets/images/svg/date.svg HTTP/1.1" 200 1708 "https://bp.gov.tm/assets/css/main.css" "Mozilla/5.0 (Linux; Android 13; 22101320G Build/TKQ1.221114.001; wv) AppleWebKit/537.36 (KHTML, like Gecko) Version/4.0 Chrome/120.0.6099.230 Mobile Safari/537.36"
10.120.87.172 - - [10/Feb/2024:00:13:40 +0500] "GET /storage/articles/February2024/JwCB9EpBhES8NsGywpH1.jpg HTTP/1.1" 200 87991 "https://bp.gov.tm/" "Mozilla/5.0 (Linux; Android 13; 22101320G Build/TKQ1.221114.001; wv) AppleWebKit/537.36 (KHTML, like Gecko) Version/4.0 Chrome/120.0.6099.230 Mobile Safari/537.36"
10.120.87.172 - - [10/Feb/2024:00:13:40 +0500] "GET /assets/js/slider.js HTTP/1.1" 200 2115 "https://bp.gov.tm/" "Mozilla/5.0 (Linux; Android 13; 22101320G Build/TKQ1.221114.001; wv) AppleWebKit/537.36 (KHTML, like Gecko) Version/4.0 Chrome/120.0.6099.230 Mobile Safari/537.36"
10.120.87.172 - - [10/Feb/2024:00:13:40 +0500] "GET /assets/js/customSelect.js HTTP/1.1" 200 4108 "https://bp.gov.tm/" "Mozilla/5.0 (Linux; Android 13; 22101320G Build/TKQ1.221114.001; wv) AppleWebKit/537.36 (KHTML, like Gecko) Version/4.0 Chrome/120.0.6099.230 Mobile Safari/537.36"
10.120.87.172 - - [10/Feb/2024:00:13:40 +0500] "GET /assets/js/custom-file-input.js HTTP/1.1" 200 898 "https://bp.gov.tm/" "Mozilla/5.0 (Linux; Android 13; 22101320G Build/TKQ1.221114.001; wv) AppleWebKit/537.36 (KHTML, like Gecko) Version/4.0 Chrome/120.0.6099.230 Mobile Safari/537.36"
10.120.87.172 - - [10/Feb/2024:00:13:40 +0500] "GET /assets/js/modal-close.js HTTP/1.1" 200 2202 "https://bp.gov.tm/" "Mozilla/5.0 (Linux; Android 13; 22101320G Build/TKQ1.221114.001; wv) AppleWebKit/537.36 (KHTML, like Gecko) Version/4.0 Chrome/120.0.6099.230 Mobile Safari/537.36"
10.120.87.172 - - [10/Feb/2024:00:13:40 +0500] "GET /assets/js/tabs.js HTTP/1.1" 200 1331 "https://bp.gov.tm/" "Mozilla/5.0 (Linux; Android 13; 22101320G Build/TKQ1.221114.001; wv) AppleWebKit/537.36 (KHTML, like Gecko) Version/4.0 Chrome/120.0.6099.230 Mobile Safari/537.36"
10.120.87.172 - - [10/Feb/2024:00:13:40 +0500] "GET /assets/js/main.js HTTP/1.1" 200 7016 "https://bp.gov.tm/" "Mozilla/5.0 (Linux; Android 13; 22101320G Build/TKQ1.221114.001; wv) AppleWebKit/537.36 (KHTML, like Gecko) Version/4.0 Chrome/120.0.6099.230 Mobile Safari/537.36"
10.120.87.172 - - [10/Feb/2024:00:13:40 +0500] "GET /assets/js/simpleTab.js HTTP/1.1" 200 1379 "https://bp.gov.tm/" "Mozilla/5.0 (Linux; Android 13; 22101320G Build/TKQ1.221114.001; wv) AppleWebKit/537.36 (KHTML, like Gecko) Version/4.0 Chrome/120.0.6099.230 Mobile Safari/537.36"
10.120.87.172 - - [10/Feb/2024:00:13:40 +0500] "GET /assets/images/svg/close.svg HTTP/1.1" 200 930 "https://bp.gov.tm/" "Mozilla/5.0 (Linux; Android 13; 22101320G Build/TKQ1.221114.001; wv) AppleWebKit/537.36 (KHTML, like Gecko) Version/4.0 Chrome/120.0.6099.230 Mobile Safari/537.36"
10.120.87.172 - - [10/Feb/2024:00:13:40 +0500] "GET /assets/images/main-logo.png HTTP/1.1" 200 136518 "https://bp.gov.tm/" "Mozilla/5.0 (Linux; Android 13; 22101320G Build/TKQ1.221114.001; wv) AppleWebKit/537.36 (KHTML, like Gecko) Version/4.0 Chrome/120.0.6099.230 Mobile Safari/537.36"
10.120.87.172 - - [10/Feb/2024:00:13:40 +0500] "GET /assets/images/slogan.png HTTP/1.1" 200 127592 "https://bp.gov.tm/" "Mozilla/5.0 (Linux; Android 13; 22101320G Build/TKQ1.221114.001; wv) AppleWebKit/537.36 (KHTML, like Gecko) Version/4.0 Chrome/120.0.6099.230 Mobile Safari/537.36"
10.120.87.172 - - [10/Feb/2024:00:13:41 +0500] "GET /storage/websites/April2021/ooUS2uRQPVdU7Ncqt0GT.jpeg HTTP/1.1" 200 5274 "https://bp.gov.tm/" "Mozilla/5.0 (Linux; Android 13; 22101320G Build/TKQ1.221114.001; wv) AppleWebKit/537.36 (KHTML, like Gecko) Version/4.0 Chrome/120.0.6099.230 Mobile Safari/537.36"
10.120.87.172 - - [10/Feb/2024:00:13:41 +0500] "GET /storage/websites/April2021/OoLwuNz8sCqh8pujP6yn.png HTTP/1.1" 200 48670 "https://bp.gov.tm/" "Mozilla/5.0 (Linux; Android 13; 22101320G Build/TKQ1.221114.001; wv) AppleWebKit/537.36 (KHTML, like Gecko) Version/4.0 Chrome/120.0.6099.230 Mobile Safari/537.36"
10.120.87.172 - - [10/Feb/2024:00:13:41 +0500] "GET /storage/websites/April2021/iSmqrC24NznXMIiN1dZM.png HTTP/1.1" 200 41647 "https://bp.gov.tm/" "Mozilla/5.0 (Linux; Android 13; 22101320G Build/TKQ1.221114.001; wv) AppleWebKit/537.36 (KHTML, like Gecko) Version/4.0 Chrome/120.0.6099.230 Mobile Safari/537.36"
10.120.87.172 - - [10/Feb/2024:00:13:42 +0500] "GET /storage/websites/April2021/VaPn2P3DNLyXbuQuwpmf.png HTTP/1.1" 200 29226 "https://bp.gov.tm/" "Mozilla/5.0 (Linux; Android 13; 22101320G Build/TKQ1.221114.001; wv) AppleWebKit/537.36 (KHTML, like Gecko) Version/4.0 Chrome/120.0.6099.230 Mobile Safari/537.36"
217.174.238.111 - - [10/Feb/2024:00:13:44 +0500] "GET / HTTP/1.1" 200 151430 "-" "Uptime-Kuma/1.23.3"
10.120.87.172 - - [10/Feb/2024:00:13:47 +0500] "GET /assets/images/header_tm.jpg HTTP/1.1" 200 868244 "https://bp.gov.tm/" "Mozilla/5.0 (Linux; Android 13; 22101320G Build/TKQ1.221114.001; wv) AppleWebKit/537.36 (KHTML, like Gecko) Version/4.0 Chrome/120.0.6099.230 Mobile Safari/537.36"
10.120.87.172 - - [10/Feb/2024:00:13:49 +0500] "GET /language/ru HTTP/1.1" 302 330 "https://bp.gov.tm/" "Mozilla/5.0 (Linux; Android 13; 22101320G Build/TKQ1.221114.001; wv) AppleWebKit/537.36 (KHTML, like Gecko) Version/4.0 Chrome/120.0.6099.230 Mobile Safari/537.36"
10.120.87.172 - - [10/Feb/2024:00:13:49 +0500] "GET /storage/websites/April2021/jgoRV5eJVUHPfLDecQHm.png HTTP/1.1" 200 58427 "https://bp.gov.tm/" "Mozilla/5.0 (Linux; Android 13; 22101320G Build/TKQ1.221114.001; wv) AppleWebKit/537.36 (KHTML, like Gecko) Version/4.0 Chrome/120.0.6099.230 Mobile Safari/537.36"
93.171.223.12 - - [10/Feb/2024:00:13:50 +0500] "GET / HTTP/1.1" 200 151374 "-" "Uptime-Kuma/1.23.3"
10.120.87.172 - - [10/Feb/2024:00:13:50 +0500] "GET / HTTP/1.1" 200 30970 "https://bp.gov.tm/" "Mozilla/5.0 (Linux; Android 13; 22101320G Build/TKQ1.221114.001; wv) AppleWebKit/537.36 (KHTML, like Gecko) Version/4.0 Chrome/120.0.6099.230 Mobile Safari/537.36"
10.120.87.172 - - [10/Feb/2024:00:13:50 +0500] "GET /storage/websites/April2022/Hrr706H2TruIkvC1rCOI.png HTTP/1.1" 200 950018 "https://bp.gov.tm/" "Mozilla/5.0 (Linux; Android 13; 22101320G Build/TKQ1.221114.001; wv) AppleWebKit/537.36 (KHTML, like Gecko) Version/4.0 Chrome/120.0.6099.230 Mobile Safari/537.36"
10.120.87.172 - - [10/Feb/2024:00:13:50 +0500] "GET /storage/websites/April2022/ZXhbaRNDDeplbN7NQzXz.png HTTP/1.1" 200 786178 "https://bp.gov.tm/" "Mozilla/5.0 (Linux; Android 13; 22101320G Build/TKQ1.221114.001; wv) AppleWebKit/537.36 (KHTML, like Gecko) Version/4.0 Chrome/120.0.6099.230 Mobile Safari/537.36"
10.120.87.172 - - [10/Feb/2024:00:13:50 +0500] "GET /storage/websites/April2022/4JaxbevwwPjzvh2vPtN8.png HTTP/1.1" 200 884482 "https://bp.gov.tm/" "Mozilla/5.0 (Linux; Android 13; 22101320G Build/TKQ1.221114.001; wv) AppleWebKit/537.36 (KHTML, like Gecko) Version/4.0 Chrome/120.0.6099.230 Mobile Safari/537.36"
10.120.87.172 - - [10/Feb/2024:00:13:50 +0500] "GET /storage/websites/April2022/SzAZcwpZJfgNcMRUivOm.png HTTP/1.1" 200 540420 "https://bp.gov.tm/" "Mozilla/5.0 (Linux; Android 13; 22101320G Build/TKQ1.221114.001; wv) AppleWebKit/537.36 (KHTML, like Gecko) Version/4.0 Chrome/120.0.6099.230 Mobile Safari/537.36"
10.120.87.172 - - [10/Feb/2024:00:13:50 +0500] "GET /storage/websites/April2022/rIoixJ0QOweW3AHFrgbg.png HTTP/1.1" 200 1031938 "https://bp.gov.tm/" "Mozilla/5.0 (Linux; Android 13; 22101320G Build/TKQ1.221114.001; wv) AppleWebKit/537.36 (KHTML, like Gecko) Version/4.0 Chrome/120.0.6099.230 Mobile Safari/537.36"
10.120.87.172 - - [10/Feb/2024:00:13:50 +0500] "GET /storage/websites/April2022/ZXhbaRNDDeplbN7NQzXz.png HTTP/1.1" 206 1 "https://bp.gov.tm/" "Mozilla/5.0 (Linux; Android 13; 22101320G Build/TKQ1.221114.001; wv) AppleWebKit/537.36 (KHTML, like Gecko) Version/4.0 Chrome/120.0.6099.230 Mobile Safari/537.36"
10.120.87.172 - - [10/Feb/2024:00:13:50 +0500] "GET /storage/websites/April2022/Hrr706H2TruIkvC1rCOI.png HTTP/1.1" 206 1 "https://bp.gov.tm/" "Mozilla/5.0 (Linux; Android 13; 22101320G Build/TKQ1.221114.001; wv) AppleWebKit/537.36 (KHTML, like Gecko) Version/4.0 Chrome/120.0.6099.230 Mobile Safari/537.36"
10.120.87.172 - - [10/Feb/2024:00:13:50 +0500] "GET /storage/websites/April2022/rIoixJ0QOweW3AHFrgbg.png HTTP/1.1" 206 1 "https://bp.gov.tm/" "Mozilla/5.0 (Linux; Android 13; 22101320G Build/TKQ1.221114.001; wv) AppleWebKit/537.36 (KHTML, like Gecko) Version/4.0 Chrome/120.0.6099.230 Mobile Safari/537.36"
10.120.87.172 - - [10/Feb/2024:00:13:50 +0500] "GET /storage/websites/April2022/4JaxbevwwPjzvh2vPtN8.png HTTP/1.1" 206 1 "https://bp.gov.tm/" "Mozilla/5.0 (Linux; Android 13; 22101320G Build/TKQ1.221114.001; wv) AppleWebKit/537.36 (KHTML, like Gecko) Version/4.0 Chrome/120.0.6099.230 Mobile Safari/537.36"
10.120.87.172 - - [10/Feb/2024:00:13:51 +0500] "GET /storage/websites/April2022/SzAZcwpZJfgNcMRUivOm.png HTTP/1.1" 206 1 "https://bp.gov.tm/" "Mozilla/5.0 (Linux; Android 13; 22101320G Build/TKQ1.221114.001; wv) AppleWebKit/537.36 (KHTML, like Gecko) Version/4.0 Chrome/120.0.6099.230 Mobile Safari/537.36"
95.85.112.5 - - [10/Feb/2024:00:13:52 +0500] "GET / HTTP/1.1" 200 151374 "-" "Uptime-Kuma/1.23.1"
10.120.87.172 - - [10/Feb/2024:00:13:53 +0500] "GET /storage/websites/April2022/Hrr706H2TruIkvC1rCOI.png HTTP/1.1" 206 322475 "https://bp.gov.tm/" "Mozilla/5.0 (Linux; Android 13; 22101320G Build/TKQ1.221114.001; wv) AppleWebKit/537.36 (KHTML, like Gecko) Version/4.0 Chrome/120.0.6099.230 Mobile Safari/537.36"
10.120.87.172 - - [10/Feb/2024:00:13:54 +0500] "GET /storage/websites/April2022/SzAZcwpZJfgNcMRUivOm.png HTTP/1.1" 206 386185 "https://bp.gov.tm/" "Mozilla/5.0 (Linux; Android 13; 22101320G Build/TKQ1.221114.001; wv) AppleWebKit/537.36 (KHTML, like Gecko) Version/4.0 Chrome/120.0.6099.230 Mobile Safari/537.36"
10.120.87.172 - - [10/Feb/2024:00:13:55 +0500] "GET /storage/websites/April2022/ZXhbaRNDDeplbN7NQzXz.png HTTP/1.1" 206 608374 "https://bp.gov.tm/" "Mozilla/5.0 (Linux; Android 13; 22101320G Build/TKQ1.221114.001; wv) AppleWebKit/537.36 (KHTML, like Gecko) Version/4.0 Chrome/120.0.6099.230 Mobile Safari/537.36"
10.120.87.172 - - [10/Feb/2024:00:13:55 +0500] "GET /storage/websites/April2021/KyVM7uuOz9Y9kYrEb8Aw.png HTTP/1.1" 200 17700 "https://bp.gov.tm/" "Mozilla/5.0 (Linux; Android 13; 22101320G Build/TKQ1.221114.001; wv) AppleWebKit/537.36 (KHTML, like Gecko) Version/4.0 Chrome/120.0.6099.230 Mobile Safari/537.36"
10.120.87.172 - - [10/Feb/2024:00:13:55 +0500] "GET /assets/images/header_ru.jpg HTTP/1.1" 200 871705 "https://bp.gov.tm/" "Mozilla/5.0 (Linux; Android 13; 22101320G Build/TKQ1.221114.001; wv) AppleWebKit/537.36 (KHTML, like Gecko) Version/4.0 Chrome/120.0.6099.230 Mobile Safari/537.36"
10.120.87.172 - - [10/Feb/2024:00:13:57 +0500] "GET /storage/websites/April2022/rIoixJ0QOweW3AHFrgbg.png HTTP/1.1" 206 484323 "https://bp.gov.tm/" "Mozilla/5.0 (Linux; Android 13; 22101320G Build/TKQ1.221114.001; wv) AppleWebKit/537.36 (KHTML, like Gecko) Version/4.0 Chrome/120.0.6099.230 Mobile Safari/537.36"
10.120.87.172 - - [10/Feb/2024:00:13:57 +0500] "GET /storage/websites/April2022/4JaxbevwwPjzvh2vPtN8.png HTTP/1.1" 206 627982 "https://bp.gov.tm/" "Mozilla/5.0 (Linux; Android 13; 22101320G Build/TKQ1.221114.001; wv) AppleWebKit/537.36 (KHTML, like Gecko) Version/4.0 Chrome/120.0.6099.230 Mobile Safari/537.36"
10.120.87.172 - - [10/Feb/2024:00:13:57 +0500] "GET /storage/websites/April2021/GytfLXnsFUsp1LMjwETQ.png HTTP/1.1" 200 29226 "https://bp.gov.tm/" "Mozilla/5.0 (Linux; Android 13; 22101320G Build/TKQ1.221114.001; wv) AppleWebKit/537.36 (KHTML, like Gecko) Version/4.0 Chrome/120.0.6099.230 Mobile Safari/537.36"
10.120.87.172 - - [10/Feb/2024:00:13:58 +0500] "GET /storage/websites/April2021/WDmrjvomuYRD5goGDJdm.jpg HTTP/1.1" 200 66817 "https://bp.gov.tm/" "Mozilla/5.0 (Linux; Android 13; 22101320G Build/TKQ1.221114.001; wv) AppleWebKit/537.36 (KHTML, like Gecko) Version/4.0 Chrome/120.0.6099.230 Mobile Safari/537.36"
10.120.87.172 - - [10/Feb/2024:00:13:59 +0500] "GET /storage/websites/April2021/qbUxPpaFVhQhj8ZPSKqV.png HTTP/1.1" 200 29226 "https://bp.gov.tm/" "Mozilla/5.0 (Linux; Android 13; 22101320G Build/TKQ1.221114.001; wv) AppleWebKit/537.36 (KHTML, like Gecko) Version/4.0 Chrome/120.0.6099.230 Mobile Safari/537.36"
10.120.87.172 - - [10/Feb/2024:00:14:02 +0500] "GET /storage/websites/April2021/UclTZZ5P0Psw4wspme9Y.jpg HTTP/1.1" 200 38970 "https://bp.gov.tm/" "Mozilla/5.0 (Linux; Android 13; 22101320G Build/TKQ1.221114.001; wv) AppleWebKit/537.36 (KHTML, like Gecko) Version/4.0 Chrome/120.0.6099.230 Mobile Safari/537.36"
10.120.87.172 - - [10/Feb/2024:00:14:05 +0500] "GET /storage/websites/April2022/zn8ES93ktrbC8Nlx7FgC.png HTTP/1.1" 200 1227110 "https://bp.gov.tm/" "Mozilla/5.0 (Linux; Android 13; 22101320G Build/TKQ1.221114.001; wv) AppleWebKit/537.36 (KHTML, like Gecko) Version/4.0 Chrome/120.0.6099.230 Mobile Safari/537.36"
10.120.87.172 - - [10/Feb/2024:00:14:05 +0500] "GET /storage/websites/April2022/h0GIzFgXWfioZduf6nY7.png HTTP/1.1" 200 874450 "https://bp.gov.tm/" "Mozilla/5.0 (Linux; Android 13; 22101320G Build/TKQ1.221114.001; wv) AppleWebKit/537.36 (KHTML, like Gecko) Version/4.0 Chrome/120.0.6099.230 Mobile Safari/537.36"
217.174.238.111 - - [10/Feb/2024:00:14:06 +0500] "GET / HTTP/1.1" 200 151430 "-" "Uptime-Kuma/1.23.3"
10.120.87.172 - - [10/Feb/2024:00:14:07 +0500] "GET /storage/websites/April2021/kAtD98J0YCM4YCHhBxOp.png HTTP/1.1" 200 90774 "https://bp.gov.tm/" "Mozilla/5.0 (Linux; Android 13; 22101320G Build/TKQ1.221114.001; wv) AppleWebKit/537.36 (KHTML, like Gecko) Version/4.0 Chrome/120.0.6099.230 Mobile Safari/537.36"
10.120.87.172 - - [10/Feb/2024:00:14:07 +0500] "GET /storage/websites/April2022/8oRG8UHB0jKDtamVkBON.png HTTP/1.1" 200 637926 "https://bp.gov.tm/" "Mozilla/5.0 (Linux; Android 13; 22101320G Build/TKQ1.221114.001; wv) AppleWebKit/537.36 (KHTML, like Gecko) Version/4.0 Chrome/120.0.6099.230 Mobile Safari/537.36"
10.120.87.172 - - [10/Feb/2024:00:14:08 +0500] "GET /storage/websites/April2021/hvmpKxj1eUTkucWhLmTF.jpeg HTTP/1.1" 200 13641 "https://bp.gov.tm/" "Mozilla/5.0 (Linux; Android 13; 22101320G Build/TKQ1.221114.001; wv) AppleWebKit/537.36 (KHTML, like Gecko) Version/4.0 Chrome/120.0.6099.230 Mobile Safari/537.36"
10.120.87.172 - - [10/Feb/2024:00:14:08 +0500] "GET /storage/websites/April2022/OkhkIgowxecDKr1yMoG0.png HTTP/1.1" 200 212738 "https://bp.gov.tm/" "Mozilla/5.0 (Linux; Android 13; 22101320G Build/TKQ1.221114.001; wv) AppleWebKit/537.36 (KHTML, like Gecko) Version/4.0 Chrome/120.0.6099.230 Mobile Safari/537.36"
10.120.87.172 - - [10/Feb/2024:00:14:08 +0500] "GET /storage/websites/April2022/4LPbcxe032AlX0op9T3I.png HTTP/1.1" 200 900866 "https://bp.gov.tm/" "Mozilla/5.0 (Linux; Android 13; 22101320G Build/TKQ1.221114.001; wv) AppleWebKit/537.36 (KHTML, like Gecko) Version/4.0 Chrome/120.0.6099.230 Mobile Safari/537.36"
10.120.87.172 - - [10/Feb/2024:00:14:08 +0500] "GET /storage/websites/April2022/V7sc1MRFr5POrPHN7EVR.png HTTP/1.1" 200 950018 "https://bp.gov.tm/" "Mozilla/5.0 (Linux; Android 13; 22101320G Build/TKQ1.221114.001; wv) AppleWebKit/537.36 (KHTML, like Gecko) Version/4.0 Chrome/120.0.6099.230 Mobile Safari/537.36"
10.120.87.172 - - [10/Feb/2024:00:14:08 +0500] "GET /storage/websites/April2022/oNFCGQuSbhLh13wEHYeg.png HTTP/1.1" 200 950018 "https://bp.gov.tm/" "Mozilla/5.0 (Linux; Android 13; 22101320G Build/TKQ1.221114.001; wv) AppleWebKit/537.36 (KHTML, like Gecko) Version/4.0 Chrome/120.0.6099.230 Mobile Safari/537.36"
10.120.87.172 - - [10/Feb/2024:00:14:08 +0500] "GET /storage/websites/April2022/yILFKRIVtbEguMR2taV7.png HTTP/1.1" 200 261890 "https://bp.gov.tm/" "Mozilla/5.0 (Linux; Android 13; 22101320G Build/TKQ1.221114.001; wv) AppleWebKit/537.36 (KHTML, like Gecko) Version/4.0 Chrome/120.0.6099.230 Mobile Safari/537.36"
93.171.223.12 - - [10/Feb/2024:00:14:14 +0500] "GET / HTTP/1.1" 200 151406 "-" "Uptime-Kuma/1.23.3"
217.174.238.111 - - [10/Feb/2024:00:14:27 +0500] "GET / HTTP/1.1" 200 151406 "-" "Uptime-Kuma/1.23.3"
93.171.223.12 - - [10/Feb/2024:00:14:39 +0500] "GET / HTTP/1.1" 200 151406 "-" "Uptime-Kuma/1.23.3"
46.253.143.73 - - [10/Feb/2024:00:14:39 +0500] "GET /answers HTTP/1.1" 200 55723 "https://www.google.com/" "Mozilla/5.0 (Linux; Android 12; SAMSUNG SM-A125F) AppleWebKit/537.36 (KHTML, like Gecko) SamsungBrowser/23.0 Chrome/115.0.0.0 Mobile Safari/537.36"
46.253.143.73 - - [10/Feb/2024:00:14:39 +0500] "GET /assets/fonts/stylesheet.css HTTP/1.1" 200 4581 "https://bp.gov.tm/answers" "Mozilla/5.0 (Linux; Android 12; SAMSUNG SM-A125F) AppleWebKit/537.36 (KHTML, like Gecko) SamsungBrowser/23.0 Chrome/115.0.0.0 Mobile Safari/537.36"
46.253.143.73 - - [10/Feb/2024:00:14:39 +0500] "GET /assets/css/main.css HTTP/1.1" 200 86481 "https://bp.gov.tm/answers" "Mozilla/5.0 (Linux; Android 12; SAMSUNG SM-A125F) AppleWebKit/537.36 (KHTML, like Gecko) SamsungBrowser/23.0 Chrome/115.0.0.0 Mobile Safari/537.36"
46.253.143.73 - - [10/Feb/2024:00:14:40 +0500] "GET /assets/js/jquery.js HTTP/1.1" 200 89475 "https://bp.gov.tm/answers" "Mozilla/5.0 (Linux; Android 12; SAMSUNG SM-A125F) AppleWebKit/537.36 (KHTML, like Gecko) SamsungBrowser/23.0 Chrome/115.0.0.0 Mobile Safari/537.36"
46.253.143.73 - - [10/Feb/2024:00:14:40 +0500] "GET /assets/images/svg/lang.svg HTTP/1.1" 200 2469 "https://bp.gov.tm/answers" "Mozilla/5.0 (Linux; Android 12; SAMSUNG SM-A125F) AppleWebKit/537.36 (KHTML, like Gecko) SamsungBrowser/23.0 Chrome/115.0.0.0 Mobile Safari/537.36"
46.253.143.73 - - [10/Feb/2024:00:14:40 +0500] "GET /assets/images/svg/back-2.svg HTTP/1.1" 200 648 "https://bp.gov.tm/answers" "Mozilla/5.0 (Linux; Android 12; SAMSUNG SM-A125F) AppleWebKit/537.36 (KHTML, like Gecko) SamsungBrowser/23.0 Chrome/115.0.0.0 Mobile Safari/537.36"
46.253.143.73 - - [10/Feb/2024:00:14:40 +0500] "GET /assets/images/header_tm.jpg HTTP/1.1" 200 868244 "https://bp.gov.tm/answers" "Mozilla/5.0 (Linux; Android 12; SAMSUNG SM-A125F) AppleWebKit/537.36 (KHTML, like Gecko) SamsungBrowser/23.0 Chrome/115.0.0.0 Mobile Safari/537.36"
46.253.143.73 - - [10/Feb/2024:00:14:40 +0500] "GET /assets/images/svg/search-icon.svg HTTP/1.1" 200 506 "https://bp.gov.tm/answers" "Mozilla/5.0 (Linux; Android 12; SAMSUNG SM-A125F) AppleWebKit/537.36 (KHTML, like Gecko) SamsungBrowser/23.0 Chrome/115.0.0.0 Mobile Safari/537.36"
46.253.143.73 - - [10/Feb/2024:00:14:41 +0500] "GET /assets/fonts/Roboto-Regular.woff2 HTTP/1.1" 200 65764 "https://bp.gov.tm/assets/fonts/stylesheet.css" "Mozilla/5.0 (Linux; Android 12; SAMSUNG SM-A125F) AppleWebKit/537.36 (KHTML, like Gecko) SamsungBrowser/23.0 Chrome/115.0.0.0 Mobile Safari/537.36"
46.253.143.73 - - [10/Feb/2024:00:14:41 +0500] "GET /assets/fonts/Roboto-Bold.woff2 HTTP/1.1" 200 66004 "https://bp.gov.tm/assets/fonts/stylesheet.css" "Mozilla/5.0 (Linux; Android 12; SAMSUNG SM-A125F) AppleWebKit/537.36 (KHTML, like Gecko) SamsungBrowser/23.0 Chrome/115.0.0.0 Mobile Safari/537.36"
46.253.143.73 - - [10/Feb/2024:00:14:41 +0500] "GET /assets/images/svg/acc-arrow.svg HTTP/1.1" 200 251 "https://bp.gov.tm/assets/css/main.css" "Mozilla/5.0 (Linux; Android 12; SAMSUNG SM-A125F) AppleWebKit/537.36 (KHTML, like Gecko) SamsungBrowser/23.0 Chrome/115.0.0.0 Mobile Safari/537.36"
46.253.143.73 - - [10/Feb/2024:00:14:42 +0500] "GET /assets/images/svg/close.svg HTTP/1.1" 200 930 "https://bp.gov.tm/answers" "Mozilla/5.0 (Linux; Android 12; SAMSUNG SM-A125F) AppleWebKit/537.36 (KHTML, like Gecko) SamsungBrowser/23.0 Chrome/115.0.0.0 Mobile Safari/537.36"
46.253.143.73 - - [10/Feb/2024:00:14:42 +0500] "GET /assets/js/slick.js HTTP/1.1" 200 88955 "https://bp.gov.tm/answers" "Mozilla/5.0 (Linux; Android 12; SAMSUNG SM-A125F) AppleWebKit/537.36 (KHTML, like Gecko) SamsungBrowser/23.0 Chrome/115.0.0.0 Mobile Safari/537.36"
46.253.143.73 - - [10/Feb/2024:00:14:42 +0500] "GET /assets/js/slider.js HTTP/1.1" 200 2115 "https://bp.gov.tm/answers" "Mozilla/5.0 (Linux; Android 12; SAMSUNG SM-A125F) AppleWebKit/537.36 (KHTML, like Gecko) SamsungBrowser/23.0 Chrome/115.0.0.0 Mobile Safari/537.36"
46.253.143.73 - - [10/Feb/2024:00:14:42 +0500] "GET /assets/js/customSelect.js HTTP/1.1" 200 4108 "https://bp.gov.tm/answers" "Mozilla/5.0 (Linux; Android 12; SAMSUNG SM-A125F) AppleWebKit/537.36 (KHTML, like Gecko) SamsungBrowser/23.0 Chrome/115.0.0.0 Mobile Safari/537.36"
46.253.143.73 - - [10/Feb/2024:00:14:43 +0500] "GET /assets/js/modal-close.js HTTP/1.1" 200 2202 "https://bp.gov.tm/answers" "Mozilla/5.0 (Linux; Android 12; SAMSUNG SM-A125F) AppleWebKit/537.36 (KHTML, like Gecko) SamsungBrowser/23.0 Chrome/115.0.0.0 Mobile Safari/537.36"
46.253.143.73 - - [10/Feb/2024:00:14:43 +0500] "GET /assets/js/custom-file-input.js HTTP/1.1" 200 898 "https://bp.gov.tm/answers" "Mozilla/5.0 (Linux; Android 12; SAMSUNG SM-A125F) AppleWebKit/537.36 (KHTML, like Gecko) SamsungBrowser/23.0 Chrome/115.0.0.0 Mobile Safari/537.36"
46.253.143.73 - - [10/Feb/2024:00:14:43 +0500] "GET /assets/js/tabs.js HTTP/1.1" 200 1331 "https://bp.gov.tm/answers" "Mozilla/5.0 (Linux; Android 12; SAMSUNG SM-A125F) AppleWebKit/537.36 (KHTML, like Gecko) SamsungBrowser/23.0 Chrome/115.0.0.0 Mobile Safari/537.36"
46.253.143.73 - - [10/Feb/2024:00:14:43 +0500] "GET /assets/js/main.js HTTP/1.1" 200 7016 "https://bp.gov.tm/answers" "Mozilla/5.0 (Linux; Android 12; SAMSUNG SM-A125F) AppleWebKit/537.36 (KHTML, like Gecko) SamsungBrowser/23.0 Chrome/115.0.0.0 Mobile Safari/537.36"
46.253.143.73 - - [10/Feb/2024:00:14:43 +0500] "GET /assets/js/simpleTab.js HTTP/1.1" 200 1379 "https://bp.gov.tm/answers" "Mozilla/5.0 (Linux; Android 12; SAMSUNG SM-A125F) AppleWebKit/537.36 (KHTML, like Gecko) SamsungBrowser/23.0 Chrome/115.0.0.0 Mobile Safari/537.36"
46.253.143.73 - - [10/Feb/2024:00:14:43 +0500] "GET /assets/images/main-logo.png HTTP/1.1" 200 136518 "https://bp.gov.tm/answers" "Mozilla/5.0 (Linux; Android 12; SAMSUNG SM-A125F) AppleWebKit/537.36 (KHTML, like Gecko) SamsungBrowser/23.0 Chrome/115.0.0.0 Mobile Safari/537.36"
46.253.143.73 - - [10/Feb/2024:00:14:44 +0500] "GET /favicon.ico HTTP/1.1" 200 99981 "https://bp.gov.tm/answers" "Mozilla/5.0 (Linux; Android 12; SAMSUNG SM-A125F) AppleWebKit/537.36 (KHTML, like Gecko) SamsungBrowser/23.0 Chrome/115.0.0.0 Mobile Safari/537.36"
217.174.238.111 - - [10/Feb/2024:00:14:48 +0500] "GET / HTTP/1.1" 200 151421 "-" "Uptime-Kuma/1.23.3"
95.85.112.5 - - [10/Feb/2024:00:14:53 +0500] "GET / HTTP/1.1" 200 151374 "-" "Uptime-Kuma/1.23.1"
93.171.223.12 - - [10/Feb/2024:00:15:00 +0500] "GET / HTTP/1.1" 200 151406 "-" "Uptime-Kuma/1.23.3"
10.152.126.172 - - [10/Feb/2024:00:15:02 +0500] "GET /laws/253/show HTTP/1.1" 200 88033 "https://www.google.com/" "Mozilla/5.0 (Linux; Android 10; K) AppleWebKit/537.36 (KHTML, like Gecko) Chrome/113.0.0.0 Mobile Safari/537.36"
10.152.126.172 - - [10/Feb/2024:00:15:02 +0500] "GET /assets/css/main.css HTTP/1.1" 200 86481 "-" "Mozilla/5.0 (Linux; Android 10; K) AppleWebKit/537.36 (KHTML, like Gecko) Chrome/113.0.0.0 Mobile Safari/537.36"
10.152.126.172 - - [10/Feb/2024:00:15:03 +0500] "GET /assets/js/jquery.js HTTP/1.1" 200 89475 "https://bp.gov.tm/laws/253/show" "Mozilla/5.0 (Linux; Android 10; K) AppleWebKit/537.36 (KHTML, like Gecko) Chrome/113.0.0.0 Mobile Safari/537.36"
10.152.126.172 - - [10/Feb/2024:00:15:03 +0500] "GET /assets/js/slick.js HTTP/1.1" 200 88955 "https://bp.gov.tm/laws/253/show" "Mozilla/5.0 (Linux; Android 10; K) AppleWebKit/537.36 (KHTML, like Gecko) Chrome/113.0.0.0 Mobile Safari/537.36"
10.152.126.172 - - [10/Feb/2024:00:15:03 +0500] "GET /assets/fonts/Roboto-Bold.woff2 HTTP/1.1" 200 66004 "https://bp.gov.tm/assets/fonts/stylesheet.css" "Mozilla/5.0 (Linux; Android 10; K) AppleWebKit/537.36 (KHTML, like Gecko) Chrome/113.0.0.0 Mobile Safari/537.36"
10.152.126.172 - - [10/Feb/2024:00:15:03 +0500] "GET /assets/fonts/Roboto-Regular.woff2 HTTP/1.1" 200 65764 "https://bp.gov.tm/assets/fonts/stylesheet.css" "Mozilla/5.0 (Linux; Android 10; K) AppleWebKit/537.36 (KHTML, like Gecko) Chrome/113.0.0.0 Mobile Safari/537.36"
10.152.126.172 - - [10/Feb/2024:00:15:03 +0500] "GET /assets/fonts/Roboto-Italic.woff2 HTTP/1.1" 200 71480 "https://bp.gov.tm/assets/fonts/stylesheet.css" "Mozilla/5.0 (Linux; Android 10; K) AppleWebKit/537.36 (KHTML, like Gecko) Chrome/113.0.0.0 Mobile Safari/537.36"
10.152.126.172 - - [10/Feb/2024:00:15:04 +0500] "GET /assets/images/main-logo.png HTTP/1.1" 200 136518 "https://bp.gov.tm/laws/253/show" "Mozilla/5.0 (Linux; Android 10; K) AppleWebKit/537.36 (KHTML, like Gecko) Chrome/113.0.0.0 Mobile Safari/537.36"
69.162.124.237 - - [10/Feb/2024:00:15:05 +0500] "HEAD / HTTP/1.1" 200 0 "https://bp.gov.tm" "Mozilla/5.0+(compatible; UptimeRobot/2.0; http://www.uptimerobot.com/)"
157.90.212.187 - - [10/Feb/2024:00:15:06 +0500] "GET / HTTP/1.1" 200 29872 "-" "python-requests/2.23.0"
10.152.126.172 - - [10/Feb/2024:00:15:08 +0500] "GET /assets/images/header_tm.jpg HTTP/1.1" 200 868244 "https://bp.gov.tm/laws/253/show" "Mozilla/5.0 (Linux; Android 10; K) AppleWebKit/537.36 (KHTML, like Gecko) Chrome/113.0.0.0 Mobile Safari/537.36"
