217.174.238.111 - - [10/Feb/2024:01:41:57 +0500] "GET / HTTP/1.1" 200 151406 "-" "Uptime-Kuma/1.23.3"
93.171.223.12 - - [10/Feb/2024:01:42:05 +0500] "GET / HTTP/1.1" 200 151406 "-" "Uptime-Kuma/1.23.3"
217.174.238.111 - - [10/Feb/2024:01:42:17 +0500] "GET / HTTP/1.1" 200 151406 "-" "Uptime-Kuma/1.23.3"
93.171.223.12 - - [10/Feb/2024:01:42:25 +0500] "GET / HTTP/1.1" 200 151406 "-" "Uptime-Kuma/1.23.3"
217.174.238.111 - - [10/Feb/2024:01:42:37 +0500] "GET / HTTP/1.1" 200 151406 "-" "Uptime-Kuma/1.23.3"
93.171.222.12 - - [10/Feb/2024:01:42:38 +0500] "GET /contact/guide/procedure HTTP/1.1" 200 24369 "https://bp.gov.tm/news/article/articles" "Mozilla/5.0 (Linux; Android 10; K) AppleWebKit/537.36 (KHTML, like Gecko) Chrome/121.0.0.0 Mobile Safari/537.36"
95.85.112.5 - - [10/Feb/2024:01:42:41 +0500] "GET / HTTP/1.1" 200 151374 "-" "Uptime-Kuma/1.23.1"
93.171.223.12 - - [10/Feb/2024:01:42:46 +0500] "GET / HTTP/1.1" 200 151406 "-" "Uptime-Kuma/1.23.3"
93.171.222.12 - - [10/Feb/2024:01:42:51 +0500] "GET /answers HTTP/1.1" 200 55725 "https://bp.gov.tm/news/article/articles" "Mozilla/5.0 (Linux; Android 10; K) AppleWebKit/537.36 (KHTML, like Gecko) Chrome/121.0.0.0 Mobile Safari/537.36"
88.243.136.177 - - [10/Feb/2024:01:42:55 +0500] "GET /laws/164/show HTTP/1.1" 200 47213 "https://www.google.com/" "Mozilla/5.0 (iPhone; CPU iPhone OS 17_2 like Mac OS X) AppleWebKit/605.1.15 (KHTML, like Gecko) CriOS/121.0.6167.171 Mobile/15E148 Safari/604.1"
88.243.136.177 - - [10/Feb/2024:01:42:55 +0500] "GET /assets/js/jquery.js HTTP/1.1" 200 89475 "https://bp.gov.tm/laws/164/show" "Mozilla/5.0 (iPhone; CPU iPhone OS 17_2 like Mac OS X) AppleWebKit/605.1.15 (KHTML, like Gecko) CriOS/121.0.6167.171 Mobile/15E148 Safari/604.1"
88.243.136.177 - - [10/Feb/2024:01:42:55 +0500] "GET /assets/js/custom-file-input.js HTTP/1.1" 200 898 "https://bp.gov.tm/laws/164/show" "Mozilla/5.0 (iPhone; CPU iPhone OS 17_2 like Mac OS X) AppleWebKit/605.1.15 (KHTML, like Gecko) CriOS/121.0.6167.171 Mobile/15E148 Safari/604.1"
88.243.136.177 - - [10/Feb/2024:01:42:55 +0500] "GET /assets/css/main.css HTTP/1.1" 200 86481 "https://bp.gov.tm/laws/164/show" "Mozilla/5.0 (iPhone; CPU iPhone OS 17_2 like Mac OS X) AppleWebKit/605.1.15 (KHTML, like Gecko) CriOS/121.0.6167.171 Mobile/15E148 Safari/604.1"
88.243.136.177 - - [10/Feb/2024:01:42:55 +0500] "GET /assets/fonts/stylesheet.css HTTP/1.1" 200 4581 "https://bp.gov.tm/laws/164/show" "Mozilla/5.0 (iPhone; CPU iPhone OS 17_2 like Mac OS X) AppleWebKit/605.1.15 (KHTML, like Gecko) CriOS/121.0.6167.171 Mobile/15E148 Safari/604.1"
88.243.136.177 - - [10/Feb/2024:01:42:56 +0500] "GET /assets/js/modal-close.js HTTP/1.1" 200 2202 "https://bp.gov.tm/laws/164/show" "Mozilla/5.0 (iPhone; CPU iPhone OS 17_2 like Mac OS X) AppleWebKit/605.1.15 (KHTML, like Gecko) CriOS/121.0.6167.171 Mobile/15E148 Safari/604.1"
88.243.136.177 - - [10/Feb/2024:01:42:56 +0500] "GET /assets/js/slider.js HTTP/1.1" 200 2115 "https://bp.gov.tm/laws/164/show" "Mozilla/5.0 (iPhone; CPU iPhone OS 17_2 like Mac OS X) AppleWebKit/605.1.15 (KHTML, like Gecko) CriOS/121.0.6167.171 Mobile/15E148 Safari/604.1"
88.243.136.177 - - [10/Feb/2024:01:42:56 +0500] "GET /assets/js/tabs.js HTTP/1.1" 200 1331 "https://bp.gov.tm/laws/164/show" "Mozilla/5.0 (iPhone; CPU iPhone OS 17_2 like Mac OS X) AppleWebKit/605.1.15 (KHTML, like Gecko) CriOS/121.0.6167.171 Mobile/15E148 Safari/604.1"
88.243.136.177 - - [10/Feb/2024:01:42:56 +0500] "GET /assets/js/main.js HTTP/1.1" 200 7016 "https://bp.gov.tm/laws/164/show" "Mozilla/5.0 (iPhone; CPU iPhone OS 17_2 like Mac OS X) AppleWebKit/605.1.15 (KHTML, like Gecko) CriOS/121.0.6167.171 Mobile/15E148 Safari/604.1"
88.243.136.177 - - [10/Feb/2024:01:42:56 +0500] "GET /assets/js/simpleTab.js HTTP/1.1" 200 1379 "https://bp.gov.tm/laws/164/show" "Mozilla/5.0 (iPhone; CPU iPhone OS 17_2 like Mac OS X) AppleWebKit/605.1.15 (KHTML, like Gecko) CriOS/121.0.6167.171 Mobile/15E148 Safari/604.1"
88.243.136.177 - - [10/Feb/2024:01:42:56 +0500] "GET /assets/fonts/Roboto-Regular.woff2 HTTP/1.1" 200 65764 "https://bp.gov.tm/laws/164/show" "Mozilla/5.0 (iPhone; CPU iPhone OS 17_2 like Mac OS X) AppleWebKit/605.1.15 (KHTML, like Gecko) CriOS/121.0.6167.171 Mobile/15E148 Safari/604.1"
88.243.136.177 - - [10/Feb/2024:01:42:56 +0500] "GET /assets/fonts/Roboto-Bold.woff2 HTTP/1.1" 200 66004 "https://bp.gov.tm/laws/164/show" "Mozilla/5.0 (iPhone; CPU iPhone OS 17_2 like Mac OS X) AppleWebKit/605.1.15 (KHTML, like Gecko) CriOS/121.0.6167.171 Mobile/15E148 Safari/604.1"
88.243.136.177 - - [10/Feb/2024:01:42:56 +0500] "GET /assets/images/svg/lang.svg HTTP/1.1" 200 2469 "https://bp.gov.tm/laws/164/show" "Mozilla/5.0 (iPhone; CPU iPhone OS 17_2 like Mac OS X) AppleWebKit/605.1.15 (KHTML, like Gecko) CriOS/121.0.6167.171 Mobile/15E148 Safari/604.1"
88.243.136.177 - - [10/Feb/2024:01:42:56 +0500] "GET /assets/images/svg/search-icon.svg HTTP/1.1" 200 506 "https://bp.gov.tm/laws/164/show" "Mozilla/5.0 (iPhone; CPU iPhone OS 17_2 like Mac OS X) AppleWebKit/605.1.15 (KHTML, like Gecko) CriOS/121.0.6167.171 Mobile/15E148 Safari/604.1"
88.243.136.177 - - [10/Feb/2024:01:42:57 +0500] "GET /assets/js/customSelect.js HTTP/1.1" 200 4108 "https://bp.gov.tm/laws/164/show" "Mozilla/5.0 (iPhone; CPU iPhone OS 17_2 like Mac OS X) AppleWebKit/605.1.15 (KHTML, like Gecko) CriOS/121.0.6167.171 Mobile/15E148 Safari/604.1"
217.174.238.111 - - [10/Feb/2024:01:42:58 +0500] "GET / HTTP/1.1" 200 151406 "-" "Uptime-Kuma/1.23.3"
88.243.136.177 - - [10/Feb/2024:01:42:58 +0500] "GET /assets/images/header_tm.jpg HTTP/1.1" 200 868244 "https://bp.gov.tm/laws/164/show" "Mozilla/5.0 (iPhone; CPU iPhone OS 17_2 like Mac OS X) AppleWebKit/605.1.15 (KHTML, like Gecko) CriOS/121.0.6167.171 Mobile/15E148 Safari/604.1"
88.243.136.177 - - [10/Feb/2024:01:42:59 +0500] "GET /assets/images/svg/back-2.svg HTTP/1.1" 200 648 "https://bp.gov.tm/laws/164/show" "Mozilla/5.0 (iPhone; CPU iPhone OS 17_2 like Mac OS X) AppleWebKit/605.1.15 (KHTML, like Gecko) CriOS/121.0.6167.171 Mobile/15E148 Safari/604.1"
88.243.136.177 - - [10/Feb/2024:01:42:59 +0500] "GET /assets/images/svg/close.svg HTTP/1.1" 200 930 "https://bp.gov.tm/laws/164/show" "Mozilla/5.0 (iPhone; CPU iPhone OS 17_2 like Mac OS X) AppleWebKit/605.1.15 (KHTML, like Gecko) CriOS/121.0.6167.171 Mobile/15E148 Safari/604.1"
88.243.136.177 - - [10/Feb/2024:01:42:59 +0500] "GET /assets/images/main-logo.png HTTP/1.1" 200 136518 "https://bp.gov.tm/laws/164/show" "Mozilla/5.0 (iPhone; CPU iPhone OS 17_2 like Mac OS X) AppleWebKit/605.1.15 (KHTML, like Gecko) CriOS/121.0.6167.171 Mobile/15E148 Safari/604.1"
88.243.136.177 - - [10/Feb/2024:01:43:01 +0500] "GET /assets/js/slick.js HTTP/1.1" 200 88955 "https://bp.gov.tm/laws/164/show" "Mozilla/5.0 (iPhone; CPU iPhone OS 17_2 like Mac OS X) AppleWebKit/605.1.15 (KHTML, like Gecko) CriOS/121.0.6167.171 Mobile/15E148 Safari/604.1"
88.243.136.177 - - [10/Feb/2024:01:43:01 +0500] "GET /favicon.ico HTTP/1.1" 200 99981 "-" "Mozilla/5.0 (iPhone; CPU iPhone OS 17_2 like Mac OS X) AppleWebKit/605.1.15 (KHTML, like Gecko) CriOS/121.0.6167.171 Mobile/15E148 Safari/604.1"
177.51.164.249 - - [10/Feb/2024:01:43:04 +0500] "GET /.git/config HTTP/1.1" 403 196 "-" "Mozilla/5.0 (Macintosh; Intel Mac OS X 10_8_3) AppleWebKit/537.36 (KHTML, like Gecko) Chrome/54.0.2866.71 Safari/537.36"
93.171.223.12 - - [10/Feb/2024:01:43:06 +0500] "GET / HTTP/1.1" 200 151406 "-" "Uptime-Kuma/1.23.3"
119.235.123.125 - - [10/Feb/2024:01:43:08 +0500] "GET /laws/211/show HTTP/1.1" 200 42707 "https://www.google.com/" "Mozilla/5.0 (Windows NT 10.0; Win64; x64) AppleWebKit/537.36 (KHTML, like Gecko) Chrome/109.0.0.0 Safari/537.36"
119.235.123.125 - - [10/Feb/2024:01:43:08 +0500] "GET /assets/fonts/stylesheet.css HTTP/1.1" 200 4581 "https://bp.gov.tm/laws/211/show" "Mozilla/5.0 (Windows NT 10.0; Win64; x64) AppleWebKit/537.36 (KHTML, like Gecko) Chrome/109.0.0.0 Safari/537.36"
119.235.123.125 - - [10/Feb/2024:01:43:08 +0500] "GET /assets/css/main.css HTTP/1.1" 200 86481 "https://bp.gov.tm/laws/211/show" "Mozilla/5.0 (Windows NT 10.0; Win64; x64) AppleWebKit/537.36 (KHTML, like Gecko) Chrome/109.0.0.0 Safari/537.36"
119.235.123.125 - - [10/Feb/2024:01:43:08 +0500] "GET /assets/images/svg/back-2.svg HTTP/1.1" 200 648 "https://bp.gov.tm/laws/211/show" "Mozilla/5.0 (Windows NT 10.0; Win64; x64) AppleWebKit/537.36 (KHTML, like Gecko) Chrome/109.0.0.0 Safari/537.36"
119.235.123.125 - - [10/Feb/2024:01:43:08 +0500] "GET /assets/images/svg/search-icon.svg HTTP/1.1" 200 506 "https://bp.gov.tm/laws/211/show" "Mozilla/5.0 (Windows NT 10.0; Win64; x64) AppleWebKit/537.36 (KHTML, like Gecko) Chrome/109.0.0.0 Safari/537.36"
119.235.123.125 - - [10/Feb/2024:01:43:08 +0500] "GET /assets/images/svg/lang.svg HTTP/1.1" 200 2469 "https://bp.gov.tm/laws/211/show" "Mozilla/5.0 (Windows NT 10.0; Win64; x64) AppleWebKit/537.36 (KHTML, like Gecko) Chrome/109.0.0.0 Safari/537.36"
119.235.123.125 - - [10/Feb/2024:01:43:08 +0500] "GET /assets/images/svg/close.svg HTTP/1.1" 200 930 "https://bp.gov.tm/laws/211/show" "Mozilla/5.0 (Windows NT 10.0; Win64; x64) AppleWebKit/537.36 (KHTML, like Gecko) Chrome/109.0.0.0 Safari/537.36"
119.235.123.125 - - [10/Feb/2024:01:43:08 +0500] "GET /assets/js/jquery.js HTTP/1.1" 200 89475 "https://bp.gov.tm/laws/211/show" "Mozilla/5.0 (Windows NT 10.0; Win64; x64) AppleWebKit/537.36 (KHTML, like Gecko) Chrome/109.0.0.0 Safari/537.36"
119.235.123.125 - - [10/Feb/2024:01:43:08 +0500] "GET /assets/js/slick.js HTTP/1.1" 200 88955 "https://bp.gov.tm/laws/211/show" "Mozilla/5.0 (Windows NT 10.0; Win64; x64) AppleWebKit/537.36 (KHTML, like Gecko) Chrome/109.0.0.0 Safari/537.36"
119.235.123.125 - - [10/Feb/2024:01:43:08 +0500] "GET /assets/js/customSelect.js HTTP/1.1" 200 4108 "https://bp.gov.tm/laws/211/show" "Mozilla/5.0 (Windows NT 10.0; Win64; x64) AppleWebKit/537.36 (KHTML, like Gecko) Chrome/109.0.0.0 Safari/537.36"
119.235.123.125 - - [10/Feb/2024:01:43:08 +0500] "GET /assets/js/slider.js HTTP/1.1" 200 2115 "https://bp.gov.tm/laws/211/show" "Mozilla/5.0 (Windows NT 10.0; Win64; x64) AppleWebKit/537.36 (KHTML, like Gecko) Chrome/109.0.0.0 Safari/537.36"
119.235.123.125 - - [10/Feb/2024:01:43:08 +0500] "GET /assets/images/main-logo.png HTTP/1.1" 200 136518 "https://bp.gov.tm/laws/211/show" "Mozilla/5.0 (Windows NT 10.0; Win64; x64) AppleWebKit/537.36 (KHTML, like Gecko) Chrome/109.0.0.0 Safari/537.36"
119.235.123.125 - - [10/Feb/2024:01:43:08 +0500] "GET /assets/js/custom-file-input.js HTTP/1.1" 200 898 "https://bp.gov.tm/laws/211/show" "Mozilla/5.0 (Windows NT 10.0; Win64; x64) AppleWebKit/537.36 (KHTML, like Gecko) Chrome/109.0.0.0 Safari/537.36"
119.235.123.125 - - [10/Feb/2024:01:43:08 +0500] "GET /assets/js/modal-close.js HTTP/1.1" 200 2202 "https://bp.gov.tm/laws/211/show" "Mozilla/5.0 (Windows NT 10.0; Win64; x64) AppleWebKit/537.36 (KHTML, like Gecko) Chrome/109.0.0.0 Safari/537.36"
119.235.123.125 - - [10/Feb/2024:01:43:08 +0500] "GET /assets/fonts/Roboto-Bold.woff2 HTTP/1.1" 200 66004 "https://bp.gov.tm/assets/fonts/stylesheet.css" "Mozilla/5.0 (Windows NT 10.0; Win64; x64) AppleWebKit/537.36 (KHTML, like Gecko) Chrome/109.0.0.0 Safari/537.36"
119.235.123.125 - - [10/Feb/2024:01:43:08 +0500] "GET /assets/fonts/Roboto-Regular.woff2 HTTP/1.1" 200 65764 "https://bp.gov.tm/assets/fonts/stylesheet.css" "Mozilla/5.0 (Windows NT 10.0; Win64; x64) AppleWebKit/537.36 (KHTML, like Gecko) Chrome/109.0.0.0 Safari/537.36"
119.235.123.125 - - [10/Feb/2024:01:43:08 +0500] "GET /assets/js/tabs.js HTTP/1.1" 200 1331 "https://bp.gov.tm/laws/211/show" "Mozilla/5.0 (Windows NT 10.0; Win64; x64) AppleWebKit/537.36 (KHTML, like Gecko) Chrome/109.0.0.0 Safari/537.36"
119.235.123.125 - - [10/Feb/2024:01:43:08 +0500] "GET /assets/js/main.js HTTP/1.1" 200 7016 "https://bp.gov.tm/laws/211/show" "Mozilla/5.0 (Windows NT 10.0; Win64; x64) AppleWebKit/537.36 (KHTML, like Gecko) Chrome/109.0.0.0 Safari/537.36"
119.235.123.125 - - [10/Feb/2024:01:43:08 +0500] "GET /assets/js/simpleTab.js HTTP/1.1" 200 1379 "https://bp.gov.tm/laws/211/show" "Mozilla/5.0 (Windows NT 10.0; Win64; x64) AppleWebKit/537.36 (KHTML, like Gecko) Chrome/109.0.0.0 Safari/537.36"
119.235.123.125 - - [10/Feb/2024:01:43:08 +0500] "GET /assets/images/header_tm.jpg HTTP/1.1" 200 868244 "https://bp.gov.tm/laws/211/show" "Mozilla/5.0 (Windows NT 10.0; Win64; x64) AppleWebKit/537.36 (KHTML, like Gecko) Chrome/109.0.0.0 Safari/537.36"
119.235.123.125 - - [10/Feb/2024:01:43:11 +0500] "GET /favicon.ico HTTP/1.1" 200 99981 "https://bp.gov.tm/laws/211/show" "Mozilla/5.0 (Windows NT 10.0; Win64; x64) AppleWebKit/537.36 (KHTML, like Gecko) Chrome/109.0.0.0 Safari/537.36"
217.174.238.111 - - [10/Feb/2024:01:43:20 +0500] "GET / HTTP/1.1" 200 151406 "-" "Uptime-Kuma/1.23.3"
93.171.223.12 - - [10/Feb/2024:01:43:27 +0500] "GET / HTTP/1.1" 200 151406 "-" "Uptime-Kuma/1.23.3"
217.174.238.111 - - [10/Feb/2024:01:43:40 +0500] "GET / HTTP/1.1" 200 151406 "-" "Uptime-Kuma/1.23.3"
95.85.112.5 - - [10/Feb/2024:01:43:43 +0500] "GET / HTTP/1.1" 200 151374 "-" "Uptime-Kuma/1.23.1"
93.171.223.12 - - [10/Feb/2024:01:43:48 +0500] "GET / HTTP/1.1" 200 151406 "-" "Uptime-Kuma/1.23.3"
217.174.238.111 - - [10/Feb/2024:01:44:01 +0500] "GET / HTTP/1.1" 200 151406 "-" "Uptime-Kuma/1.23.3"
93.171.223.12 - - [10/Feb/2024:01:44:10 +0500] "GET / HTTP/1.1" 200 151406 "-" "Uptime-Kuma/1.23.3"
198.235.24.126 - - [10/Feb/2024:01:44:10 +0500] "GET / HTTP/1.0" 200 612 "-" "Expanse, a Palo Alto Networks company, searches across the global IPv4 space multiple times per day to identify customers&#39; presences on the Internet. If you would like to be excluded from our scans, please send IP addresses/domains to: scaninfo@paloaltonetworks.com"
217.174.238.111 - - [10/Feb/2024:01:44:21 +0500] "GET / HTTP/1.1" 200 151406 "-" "Uptime-Kuma/1.23.3"
93.171.223.12 - - [10/Feb/2024:01:44:31 +0500] "GET / HTTP/1.1" 200 151406 "-" "Uptime-Kuma/1.23.3"
217.174.238.111 - - [10/Feb/2024:01:44:42 +0500] "GET / HTTP/1.1" 200 151406 "-" "Uptime-Kuma/1.23.3"
95.85.112.5 - - [10/Feb/2024:01:44:45 +0500] "GET / HTTP/1.1" 200 151374 "-" "Uptime-Kuma/1.23.1"
93.171.223.12 - - [10/Feb/2024:01:44:52 +0500] "GET / HTTP/1.1" 200 151406 "-" "Uptime-Kuma/1.23.3"
85.192.11.2 - - [10/Feb/2024:01:45:01 +0500] "GET / HTTP/1.1" 200 151374 "https://bp.gov.tm/" "Mozilla/5.9 (Windows; U; Windows NT 7.2; en-us) like Gecko Safari/594.69"
85.192.11.2 - - [10/Feb/2024:01:45:02 +0500] "GET /news/1243/show HTTP/1.1" 200 108340 "https://bp.gov.tm/" "Opera/5.0 (Linux (Wine); Windows NT 6.5; en-us) like Gecko Firefox/6.4"
157.90.212.187 - - [10/Feb/2024:01:45:02 +0500] "GET / HTTP/1.1" 200 29873 "-" "python-requests/2.23.0"
217.174.238.111 - - [10/Feb/2024:01:45:03 +0500] "GET / HTTP/1.1" 200 151437 "-" "Uptime-Kuma/1.23.3"
69.162.124.237 - - [10/Feb/2024:01:45:04 +0500] "HEAD / HTTP/1.1" 200 0 "https://bp.gov.tm" "Mozilla/5.0+(compatible; UptimeRobot/2.0; http://www.uptimerobot.com/)"
85.192.11.2 - - [10/Feb/2024:01:45:05 +0500] "GET /news/1237/show HTTP/1.1" 200 112859 "https://bp.gov.tm/" "Mozilla/5.0 (compatible; Linux; ru-ru) like Gecko Safari/549.4"
85.192.11.2 - - [10/Feb/2024:01:45:05 +0500] "GET /news/1236/show HTTP/1.1" 200 115662 "https://bp.gov.tm/" "Opera/5.0 (Windows; Linux; WOW64; en-US) KHTML/4.3.5 (like Gecko)"
85.192.11.2 - - [10/Feb/2024:01:45:06 +0500] "GET /news/1228/show HTTP/1.1" 200 116621 "https://bp.gov.tm/" "Mozilla/5.0 (compatible; Linux i686(x86_64); Trident/ 6.9 ; en-us) Gecko/20110529 Chrome/32.4.322.306 Safari/606.03"
85.192.11.2 - - [10/Feb/2024:01:45:07 +0500] "GET /news/1220/show HTTP/1.1" 200 113239 "https://bp.gov.tm/" "Opera/5.0 (compatible; Windows NT 7.1; WOW64; en-US) Gecko/20220809 Chrome/40.1.273.03"
85.192.11.2 - - [10/Feb/2024:01:45:08 +0500] "GET /news/1216/show HTTP/1.1" 200 112076 "https://bp.gov.tm/" "Opera/5.0 (Windows; Windows NT 7; en-US) Gecko/20231103 Chrome/39.2.393.666 Firefox/7.5"
85.192.11.2 - - [10/Feb/2024:01:45:09 +0500] "GET /news/1212/show HTTP/1.1" 200 117637 "https://bp.gov.tm/" "Opera/5.0 (Windows; U; Linux i686; en-us) like Gecko Chrome/31.5.143.405 Safari/540.48"
85.192.11.2 - - [10/Feb/2024:01:45:10 +0500] "GET /news/1208/show HTTP/1.1" 200 116944 "https://bp.gov.tm/" "Mozilla/5.0 (compatible; N; Windows NT 7; Trident/ 8.1 ; en-us) Chrome/32.1.342.833 Safari/605.9"
85.192.11.2 - - [10/Feb/2024:01:45:11 +0500] "GET /news/1200/show HTTP/1.1" 200 119809 "https://bp.gov.tm/" "Mozilla/5.0 (Windows; N; Windows NT 6.2; WOW64; en-us) Chrome/30.5.163.113"
85.192.11.2 - - [10/Feb/2024:01:45:12 +0500] "GET /news/1191/show HTTP/1.1" 200 114227 "https://bp.gov.tm/" "Mozilla/5.0 (Linux (Wine); U; Windows NT 6.7; WOW64; en-US) Gecko/20101208 Chrome/39.9.106.079 Firefox/7.5"
85.192.11.2 - - [10/Feb/2024:01:45:13 +0500] "GET /news/1185/show HTTP/1.1" 200 114579 "https://bp.gov.tm/" "Opera/5.8 (compatible; Windows NT 6.8; x64; en-US) Gecko/20120704"
85.192.11.2 - - [10/Feb/2024:01:45:14 +0500] "GET /news/1183/show HTTP/1.1" 200 111469 "https://bp.gov.tm/" "Mozilla/5.0 (Windows; Linux i686; en-us) Safari/609.44"
85.192.11.2 - - [10/Feb/2024:01:45:15 +0500] "GET /news/1244/show HTTP/1.1" 200 114531 "https://bp.gov.tm/" "Mozilla/5.0 (compatible; I; Linux; en-US) Gecko/20220413 Chrome/40.147.51"
93.171.223.12 - - [10/Feb/2024:01:45:16 +0500] "GET / HTTP/1.1" 200 151406 "-" "Uptime-Kuma/1.23.3"
85.192.11.2 - - [10/Feb/2024:01:45:16 +0500] "GET /news/1242/show HTTP/1.1" 200 136515 "https://bp.gov.tm/" "Mozilla/5.6 (compatible; U; Windows NT 6.2; en-us) Chrome/40.5.86.732 Safari/568.57"
85.192.11.2 - - [10/Feb/2024:01:45:17 +0500] "GET /news/1241/show HTTP/1.1" 200 153921 "https://bp.gov.tm/" "Mozilla/5.0 (Windows; Windows NT 7.2; en-us) like Gecko Chrome/34.8.367.789 Safari/514.99"
217.174.238.111 - - [10/Feb/2024:01:45:23 +0500] "GET / HTTP/1.1" 200 151406 "-" "Uptime-Kuma/1.23.3"
93.171.223.12 - - [10/Feb/2024:01:45:38 +0500] "GET / HTTP/1.1" 200 151406 "-" "Uptime-Kuma/1.23.3"
217.174.238.111 - - [10/Feb/2024:01:45:44 +0500] "GET / HTTP/1.1" 200 151406 "-" "Uptime-Kuma/1.23.3"
95.85.112.5 - - [10/Feb/2024:01:45:48 +0500] "GET / HTTP/1.1" 200 151374 "-" "Uptime-Kuma/1.23.1"
85.90.246.159 - - [10/Feb/2024:01:45:50 +0500] "POST /vpnsvc/connect.cgi HTTP/1.1" 403 162 "-" "-"
93.171.223.12 - - [10/Feb/2024:01:46:03 +0500] "GET / HTTP/1.1" 200 151374 "-" "Uptime-Kuma/1.23.3"
217.174.238.111 - - [10/Feb/2024:01:46:05 +0500] "GET / HTTP/1.1" 200 151406 "-" "Uptime-Kuma/1.23.3"
93.171.223.12 - - [10/Feb/2024:01:46:26 +0500] "GET / HTTP/1.1" 200 151406 "-" "Uptime-Kuma/1.23.3"
217.174.238.111 - - [10/Feb/2024:01:46:26 +0500] "GET / HTTP/1.1" 200 151406 "-" "Uptime-Kuma/1.23.3"
95.85.110.228 - - [10/Feb/2024:01:46:26 +0500] "GET / HTTP/1.1" 200 151430 "-" "Uptime-Kuma/1.20.1"
10.140.72.169 - - [10/Feb/2024:01:46:47 +0500] "GET /laws/38/show HTTP/1.1" 200 323110 "https://www.google.com/" "Mozilla/5.0 (Linux; Android 10; K) AppleWebKit/537.36 (KHTML, like Gecko) Chrome/121.0.0.0 Mobile Safari/537.36"
217.174.238.111 - - [10/Feb/2024:01:46:47 +0500] "GET / HTTP/1.1" 200 151406 "-" "Uptime-Kuma/1.23.3"
93.171.223.12 - - [10/Feb/2024:01:46:47 +0500] "GET / HTTP/1.1" 200 151406 "-" "Uptime-Kuma/1.23.3"
95.85.112.5 - - [10/Feb/2024:01:46:50 +0500] "GET / HTTP/1.1" 200 151374 "-" "Uptime-Kuma/1.23.1"
217.174.238.111 - - [10/Feb/2024:01:47:08 +0500] "GET / HTTP/1.1" 200 151406 "-" "Uptime-Kuma/1.23.3"
93.171.223.12 - - [10/Feb/2024:01:47:08 +0500] "GET / HTTP/1.1" 200 151406 "-" "Uptime-Kuma/1.23.3"
101.42.5.47 - - [10/Feb/2024:01:47:12 +0500] "GET /storage/websites/April2021/x607UzsEI0GG1blSbnrz.png HTTP/1.1" 200 7234 "-" "Mozilla/5.0 (X11; Ubuntu; Linux x86_64; rv:72.0) Gecko/20100101 Firefox/72.0"
217.174.238.111 - - [10/Feb/2024:01:47:28 +0500] "GET / HTTP/1.1" 200 151406 "-" "Uptime-Kuma/1.23.3"
93.171.223.12 - - [10/Feb/2024:01:47:30 +0500] "GET / HTTP/1.1" 200 151406 "-" "Uptime-Kuma/1.23.3"
217.174.238.111 - - [10/Feb/2024:01:47:48 +0500] "GET / HTTP/1.1" 200 151406 "-" "Uptime-Kuma/1.23.3"
93.171.223.12 - - [10/Feb/2024:01:47:51 +0500] "GET / HTTP/1.1" 200 151406 "-" "Uptime-Kuma/1.23.3"
93.171.222.12 - - [10/Feb/2024:01:47:53 +0500] "GET /contact/guide/electronical HTTP/1.1" 200 24676 "https://bp.gov.tm/news/article/articles" "Mozilla/5.0 (Linux; Android 10; K) AppleWebKit/537.36 (KHTML, like Gecko) Chrome/121.0.0.0 Mobile Safari/537.36"
95.85.112.5 - - [10/Feb/2024:01:47:53 +0500] "GET / HTTP/1.1" 200 151374 "-" "Uptime-Kuma/1.23.1"
93.171.222.12 - - [10/Feb/2024:01:47:56 +0500] "GET /news/article/articles HTTP/1.1" 200 31775 "https://bp.gov.tm/contact/guide/electronical" "Mozilla/5.0 (Linux; Android 10; K) AppleWebKit/537.36 (KHTML, like Gecko) Chrome/121.0.0.0 Mobile Safari/537.36"
93.171.222.12 - - [10/Feb/2024:01:47:58 +0500] "GET /news/article/news HTTP/1.1" 200 30372 "https://bp.gov.tm/news/article/articles" "Mozilla/5.0 (Linux; Android 10; K) AppleWebKit/537.36 (KHTML, like Gecko) Chrome/121.0.0.0 Mobile Safari/537.36"
217.174.238.111 - - [10/Feb/2024:01:48:10 +0500] "GET / HTTP/1.1" 200 151406 "-" "Uptime-Kuma/1.23.3"
93.171.222.12 - - [10/Feb/2024:01:48:11 +0500] "GET /prosecutors HTTP/1.1" 200 88039 "https://bp.gov.tm/news/article/news" "Mozilla/5.0 (Linux; Android 10; K) AppleWebKit/537.36 (KHTML, like Gecko) Chrome/121.0.0.0 Mobile Safari/537.36"
93.171.223.12 - - [10/Feb/2024:01:48:12 +0500] "GET / HTTP/1.1" 200 151406 "-" "Uptime-Kuma/1.23.3"
93.171.222.12 - - [10/Feb/2024:01:48:16 +0500] "GET / HTTP/1.1" 200 29873 "https://bp.gov.tm/prosecutors" "Mozilla/5.0 (Linux; Android 10; K) AppleWebKit/537.36 (KHTML, like Gecko) Chrome/121.0.0.0 Mobile Safari/537.36"
93.171.222.12 - - [10/Feb/2024:01:48:16 +0500] "GET /storage/websites/April2022/ZXhbaRNDDeplbN7NQzXz.png HTTP/1.1" 206 1 "https://bp.gov.tm/" "Mozilla/5.0 (Linux; Android 10; K) AppleWebKit/537.36 (KHTML, like Gecko) Chrome/121.0.0.0 Mobile Safari/537.36"
93.171.222.12 - - [10/Feb/2024:01:48:17 +0500] "GET /storage/websites/April2022/4JaxbevwwPjzvh2vPtN8.png HTTP/1.1" 206 1 "https://bp.gov.tm/" "Mozilla/5.0 (Linux; Android 10; K) AppleWebKit/537.36 (KHTML, like Gecko) Chrome/121.0.0.0 Mobile Safari/537.36"
93.171.222.12 - - [10/Feb/2024:01:48:17 +0500] "GET /storage/websites/April2022/zn8ES93ktrbC8Nlx7FgC.png HTTP/1.1" 206 1 "https://bp.gov.tm/" "Mozilla/5.0 (Linux; Android 10; K) AppleWebKit/537.36 (KHTML, like Gecko) Chrome/121.0.0.0 Mobile Safari/537.36"
93.171.222.12 - - [10/Feb/2024:01:48:17 +0500] "GET /storage/websites/April2021/WDmrjvomuYRD5goGDJdm.jpg HTTP/1.1" 206 1 "https://bp.gov.tm/" "Mozilla/5.0 (Linux; Android 10; K) AppleWebKit/537.36 (KHTML, like Gecko) Chrome/121.0.0.0 Mobile Safari/537.36"
93.171.222.12 - - [10/Feb/2024:01:48:17 +0500] "GET /storage/websites/April2022/V7sc1MRFr5POrPHN7EVR.png HTTP/1.1" 206 1 "https://bp.gov.tm/" "Mozilla/5.0 (Linux; Android 10; K) AppleWebKit/537.36 (KHTML, like Gecko) Chrome/121.0.0.0 Mobile Safari/537.36"
93.171.222.12 - - [10/Feb/2024:01:48:17 +0500] "GET /storage/websites/April2022/oNFCGQuSbhLh13wEHYeg.png HTTP/1.1" 206 1 "https://bp.gov.tm/" "Mozilla/5.0 (Linux; Android 10; K) AppleWebKit/537.36 (KHTML, like Gecko) Chrome/121.0.0.0 Mobile Safari/537.36"
93.171.222.12 - - [10/Feb/2024:01:48:17 +0500] "GET /storage/websites/April2021/WDmrjvomuYRD5goGDJdm.jpg HTTP/1.1" 206 50685 "https://bp.gov.tm/" "Mozilla/5.0 (Linux; Android 10; K) AppleWebKit/537.36 (KHTML, like Gecko) Chrome/121.0.0.0 Mobile Safari/537.36"
93.171.222.12 - - [10/Feb/2024:01:48:17 +0500] "GET /storage/websites/April2022/zn8ES93ktrbC8Nlx7FgC.png HTTP/1.1" 206 96868 "https://bp.gov.tm/" "Mozilla/5.0 (Linux; Android 10; K) AppleWebKit/537.36 (KHTML, like Gecko) Chrome/121.0.0.0 Mobile Safari/537.36"
93.171.222.12 - - [10/Feb/2024:01:48:17 +0500] "GET /storage/websites/April2022/ZXhbaRNDDeplbN7NQzXz.png HTTP/1.1" 206 182390 "https://bp.gov.tm/" "Mozilla/5.0 (Linux; Android 10; K) AppleWebKit/537.36 (KHTML, like Gecko) Chrome/121.0.0.0 Mobile Safari/537.36"
93.171.222.12 - - [10/Feb/2024:01:48:17 +0500] "GET /storage/websites/April2022/4JaxbevwwPjzvh2vPtN8.png HTTP/1.1" 206 267534 "https://bp.gov.tm/" "Mozilla/5.0 (Linux; Android 10; K) AppleWebKit/537.36 (KHTML, like Gecko) Chrome/121.0.0.0 Mobile Safari/537.36"
93.171.222.12 - - [10/Feb/2024:01:48:17 +0500] "GET /storage/websites/April2021/qbUxPpaFVhQhj8ZPSKqV.png HTTP/1.1" 200 29226 "https://bp.gov.tm/" "Mozilla/5.0 (Linux; Android 10; K) AppleWebKit/537.36 (KHTML, like Gecko) Chrome/121.0.0.0 Mobile Safari/537.36"
93.171.222.12 - - [10/Feb/2024:01:48:17 +0500] "GET /storage/websites/April2021/UclTZZ5P0Psw4wspme9Y.jpg HTTP/1.1" 200 38970 "https://bp.gov.tm/" "Mozilla/5.0 (Linux; Android 10; K) AppleWebKit/537.36 (KHTML, like Gecko) Chrome/121.0.0.0 Mobile Safari/537.36"
93.171.222.12 - - [10/Feb/2024:01:48:20 +0500] "GET /storage/websites/April2021/kAtD98J0YCM4YCHhBxOp.png HTTP/1.1" 200 90774 "https://bp.gov.tm/" "Mozilla/5.0 (Linux; Android 10; K) AppleWebKit/537.36 (KHTML, like Gecko) Chrome/121.0.0.0 Mobile Safari/537.36"
93.171.222.12 - - [10/Feb/2024:01:48:26 +0500] "GET /storage/websites/April2022/8oRG8UHB0jKDtamVkBON.png HTTP/1.1" 200 637926 "https://bp.gov.tm/" "Mozilla/5.0 (Linux; Android 10; K) AppleWebKit/537.36 (KHTML, like Gecko) Chrome/121.0.0.0 Mobile Safari/537.36"
93.171.222.12 - - [10/Feb/2024:01:48:27 +0500] "GET /storage/websites/April2022/h0GIzFgXWfioZduf6nY7.png HTTP/1.1" 200 874450 "https://bp.gov.tm/" "Mozilla/5.0 (Linux; Android 10; K) AppleWebKit/537.36 (KHTML, like Gecko) Chrome/121.0.0.0 Mobile Safari/537.36"
93.171.222.12 - - [10/Feb/2024:01:48:30 +0500] "GET /storage/websites/May2023/TCoxiekWpLedESarPUHF.png HTTP/1.1" 200 670760 "https://bp.gov.tm/" "Mozilla/5.0 (Linux; Android 10; K) AppleWebKit/537.36 (KHTML, like Gecko) Chrome/121.0.0.0 Mobile Safari/537.36"
93.171.222.12 - - [10/Feb/2024:01:48:30 +0500] "GET /storage/websites/May2023/fJnFXOCJJGA9JVrb2Etv.png HTTP/1.1" 200 252689 "https://bp.gov.tm/" "Mozilla/5.0 (Linux; Android 10; K) AppleWebKit/537.36 (KHTML, like Gecko) Chrome/121.0.0.0 Mobile Safari/537.36"
217.174.238.111 - - [10/Feb/2024:01:48:30 +0500] "GET / HTTP/1.1" 200 151406 "-" "Uptime-Kuma/1.23.3"
93.171.222.12 - - [10/Feb/2024:01:48:33 +0500] "GET /storage/websites/April2021/hvmpKxj1eUTkucWhLmTF.jpeg HTTP/1.1" 200 13641 "https://bp.gov.tm/" "Mozilla/5.0 (Linux; Android 10; K) AppleWebKit/537.36 (KHTML, like Gecko) Chrome/121.0.0.0 Mobile Safari/537.36"
93.171.222.12 - - [10/Feb/2024:01:48:35 +0500] "GET /storage/websites/April2021/ooSNPl0y6lexMHnm3qyQ.png HTTP/1.1" 200 3613 "https://bp.gov.tm/" "Mozilla/5.0 (Linux; Android 10; K) AppleWebKit/537.36 (KHTML, like Gecko) Chrome/121.0.0.0 Mobile Safari/537.36"
93.171.222.12 - - [10/Feb/2024:01:48:35 +0500] "GET /storage/websites/April2022/V7sc1MRFr5POrPHN7EVR.png HTTP/1.1" 206 1488265 "https://bp.gov.tm/" "Mozilla/5.0 (Linux; Android 10; K) AppleWebKit/537.36 (KHTML, like Gecko) Chrome/121.0.0.0 Mobile Safari/537.36"
93.171.223.12 - - [10/Feb/2024:01:48:36 +0500] "GET / HTTP/1.1" 200 151374 "-" "Uptime-Kuma/1.23.3"
93.171.222.12 - - [10/Feb/2024:01:48:38 +0500] "GET /storage/websites/April2022/oNFCGQuSbhLh13wEHYeg.png HTTP/1.1" 206 1187858 "https://bp.gov.tm/" "Mozilla/5.0 (Linux; Android 10; K) AppleWebKit/537.36 (KHTML, like Gecko) Chrome/121.0.0.0 Mobile Safari/537.36"
93.171.222.12 - - [10/Feb/2024:01:48:40 +0500] "GET /storage/websites/April2021/MfMExzki3ZBv9OYl5dxm.jpg HTTP/1.1" 200 8105 "https://bp.gov.tm/" "Mozilla/5.0 (Linux; Android 10; K) AppleWebKit/537.36 (KHTML, like Gecko) Chrome/121.0.0.0 Mobile Safari/537.36"
93.171.222.12 - - [10/Feb/2024:01:48:40 +0500] "GET /storage/websites/April2021/H5375J98N88hdKAP6dUh.png HTTP/1.1" 200 29226 "https://bp.gov.tm/" "Mozilla/5.0 (Linux; Android 10; K) AppleWebKit/537.36 (KHTML, like Gecko) Chrome/121.0.0.0 Mobile Safari/537.36"
93.171.222.12 - - [10/Feb/2024:01:48:42 +0500] "GET /storage/websites/April2022/IhxPR37pxxnIiVjnxLsD.png HTTP/1.1" 200 620015 "https://bp.gov.tm/" "Mozilla/5.0 (Linux; Android 10; K) AppleWebKit/537.36 (KHTML, like Gecko) Chrome/121.0.0.0 Mobile Safari/537.36"
93.171.222.12 - - [10/Feb/2024:01:48:46 +0500] "GET /storage/websites/April2022/4LPbcxe032AlX0op9T3I.png HTTP/1.1" 200 1636885 "https://bp.gov.tm/" "Mozilla/5.0 (Linux; Android 10; K) AppleWebKit/537.36 (KHTML, like Gecko) Chrome/121.0.0.0 Mobile Safari/537.36"
93.171.222.12 - - [10/Feb/2024:01:48:48 +0500] "GET /storage/websites/April2022/yILFKRIVtbEguMR2taV7.png HTTP/1.1" 200 704258 "https://bp.gov.tm/" "Mozilla/5.0 (Linux; Android 10; K) AppleWebKit/537.36 (KHTML, like Gecko) Chrome/121.0.0.0 Mobile Safari/537.36"
93.171.222.12 - - [10/Feb/2024:01:48:48 +0500] "GET /storage/websites/April2022/v2qKUetJwTRzk4DaUKmL.png HTTP/1.1" 200 540420 "https://bp.gov.tm/" "Mozilla/5.0 (Linux; Android 10; K) AppleWebKit/537.36 (KHTML, like Gecko) Chrome/121.0.0.0 Mobile Safari/537.36"
93.171.222.12 - - [10/Feb/2024:01:48:48 +0500] "GET /storage/websites/April2022/4iyxVwqbrKYghAg3m7VQ.png HTTP/1.1" 200 704260 "https://bp.gov.tm/" "Mozilla/5.0 (Linux; Android 10; K) AppleWebKit/537.36 (KHTML, like Gecko) Chrome/121.0.0.0 Mobile Safari/537.36"
93.171.222.12 - - [10/Feb/2024:01:48:49 +0500] "GET /storage/websites/April2022/OkhkIgowxecDKr1yMoG0.png HTTP/1.1" 200 900866 "https://bp.gov.tm/" "Mozilla/5.0 (Linux; Android 10; K) AppleWebKit/537.36 (KHTML, like Gecko) Chrome/121.0.0.0 Mobile Safari/537.36"
157.55.39.48 - - [10/Feb/2024:01:48:50 +0500] "GET /news/search?q=2013 HTTP/1.1" 200 25122 "-" "Mozilla/5.0 AppleWebKit/537.36 (KHTML, like Gecko; compatible; bingbot/2.0; +http://www.bing.com/bingbot.htm) Chrome/116.0.1938.76 Safari/537.36"
217.174.238.111 - - [10/Feb/2024:01:48:51 +0500] "GET / HTTP/1.1" 200 151437 "-" "Uptime-Kuma/1.23.3"
95.85.112.5 - - [10/Feb/2024:01:48:55 +0500] "GET / HTTP/1.1" 200 151374 "-" "Uptime-Kuma/1.23.1"
93.171.223.12 - - [10/Feb/2024:01:48:59 +0500] "GET / HTTP/1.1" 200 151374 "-" "Uptime-Kuma/1.23.3"
217.174.238.111 - - [10/Feb/2024:01:49:12 +0500] "GET / HTTP/1.1" 200 151406 "-" "Uptime-Kuma/1.23.3"
93.171.223.12 - - [10/Feb/2024:01:49:20 +0500] "GET / HTTP/1.1" 200 151374 "-" "Uptime-Kuma/1.23.3"
217.174.238.111 - - [10/Feb/2024:01:49:33 +0500] "GET / HTTP/1.1" 200 151406 "-" "Uptime-Kuma/1.23.3"
93.171.223.12 - - [10/Feb/2024:01:49:41 +0500] "GET / HTTP/1.1" 200 151374 "-" "Uptime-Kuma/1.23.3"
217.174.238.111 - - [10/Feb/2024:01:49:53 +0500] "GET / HTTP/1.1" 200 151406 "-" "Uptime-Kuma/1.23.3"
95.85.112.5 - - [10/Feb/2024:01:49:56 +0500] "GET / HTTP/1.1" 200 151374 "-" "Uptime-Kuma/1.23.1"
69.162.124.237 - - [10/Feb/2024:01:50:04 +0500] "HEAD / HTTP/1.1" 200 0 "https://bp.gov.tm" "Mozilla/5.0+(compatible; UptimeRobot/2.0; http://www.uptimerobot.com/)"
93.171.223.12 - - [10/Feb/2024:01:50:05 +0500] "GET / HTTP/1.1" 200 151406 "-" "Uptime-Kuma/1.23.3"
148.251.189.36 - - [10/Feb/2024:01:50:08 +0500] "GET / HTTP/1.1" 200 29873 "-" "python-requests/2.23.0"
217.174.238.111 - - [10/Feb/2024:01:50:14 +0500] "GET / HTTP/1.1" 200 151430 "-" "Uptime-Kuma/1.23.3"
93.171.223.12 - - [10/Feb/2024:01:50:31 +0500] "GET / HTTP/1.1" 200 151406 "-" "Uptime-Kuma/1.23.3"
217.174.238.111 - - [10/Feb/2024:01:50:38 +0500] "GET / HTTP/1.1" 200 151406 "-" "Uptime-Kuma/1.23.3"
93.171.223.12 - - [10/Feb/2024:01:50:55 +0500] "GET / HTTP/1.1" 200 151406 "-" "Uptime-Kuma/1.23.3"
217.174.238.111 - - [10/Feb/2024:01:50:58 +0500] "GET / HTTP/1.1" 200 151406 "-" "Uptime-Kuma/1.23.3"
95.85.112.5 - - [10/Feb/2024:01:50:59 +0500] "GET / HTTP/1.1" 200 151374 "-" "Uptime-Kuma/1.23.1"
93.171.223.12 - - [10/Feb/2024:01:51:17 +0500] "GET / HTTP/1.1" 200 151406 "-" "Uptime-Kuma/1.23.3"
217.174.238.111 - - [10/Feb/2024:01:51:20 +0500] "GET / HTTP/1.1" 200 151406 "-" "Uptime-Kuma/1.23.3"
95.85.110.228 - - [10/Feb/2024:01:51:27 +0500] "GET / HTTP/1.1" 200 151430 "-" "Uptime-Kuma/1.20.1"
93.171.223.12 - - [10/Feb/2024:01:51:40 +0500] "GET / HTTP/1.1" 200 151406 "-" "Uptime-Kuma/1.23.3"
217.174.238.111 - - [10/Feb/2024:01:51:40 +0500] "GET / HTTP/1.1" 200 151406 "-" "Uptime-Kuma/1.23.3"
217.174.238.111 - - [10/Feb/2024:01:52:01 +0500] "GET / HTTP/1.1" 200 151406 "-" "Uptime-Kuma/1.23.3"
93.171.223.12 - - [10/Feb/2024:01:52:01 +0500] "GET / HTTP/1.1" 200 151406 "-" "Uptime-Kuma/1.23.3"
95.85.112.5 - - [10/Feb/2024:01:52:02 +0500] "GET / HTTP/1.1" 200 151374 "-" "Uptime-Kuma/1.23.1"
217.174.238.111 - - [10/Feb/2024:01:52:23 +0500] "GET / HTTP/1.1" 200 151406 "-" "Uptime-Kuma/1.23.3"
93.171.223.12 - - [10/Feb/2024:01:52:24 +0500] "GET / HTTP/1.1" 200 151406 "-" "Uptime-Kuma/1.23.3"
217.174.238.111 - - [10/Feb/2024:01:52:44 +0500] "GET / HTTP/1.1" 200 151406 "-" "Uptime-Kuma/1.23.3"
93.171.223.12 - - [10/Feb/2024:01:52:47 +0500] "GET / HTTP/1.1" 200 151406 "-" "Uptime-Kuma/1.23.3"
45.77.235.246 - - [10/Feb/2024:01:52:47 +0500] "GET / HTTP/1.1" 200 29874 "-" "Mozilla/5.0 (Windows NT 6.2; WOW64) AppleWebKit/537.4 (KHTML, like Gecko) Chrome/98 Safari/537.4 (StatusCake)"
217.174.238.111 - - [10/Feb/2024:01:53:04 +0500] "GET / HTTP/1.1" 200 151406 "-" "Uptime-Kuma/1.23.3"
95.85.112.5 - - [10/Feb/2024:01:53:05 +0500] "GET / HTTP/1.1" 200 151374 "-" "Uptime-Kuma/1.23.1"
93.171.223.12 - - [10/Feb/2024:01:53:09 +0500] "GET / HTTP/1.1" 200 151406 "-" "Uptime-Kuma/1.23.3"
217.174.238.111 - - [10/Feb/2024:01:53:25 +0500] "GET / HTTP/1.1" 200 151430 "-" "Uptime-Kuma/1.23.3"
93.171.223.12 - - [10/Feb/2024:01:53:30 +0500] "GET / HTTP/1.1" 200 151406 "-" "Uptime-Kuma/1.23.3"
217.174.238.111 - - [10/Feb/2024:01:53:46 +0500] "GET / HTTP/1.1" 200 151406 "-" "Uptime-Kuma/1.23.3"
93.171.223.12 - - [10/Feb/2024:01:53:51 +0500] "GET / HTTP/1.1" 200 151406 "-" "Uptime-Kuma/1.23.3"
95.85.112.5 - - [10/Feb/2024:01:54:07 +0500] "GET / HTTP/1.1" 200 151374 "-" "Uptime-Kuma/1.23.1"
217.174.238.111 - - [10/Feb/2024:01:54:07 +0500] "GET / HTTP/1.1" 200 151406 "-" "Uptime-Kuma/1.23.3"
93.171.223.12 - - [10/Feb/2024:01:54:11 +0500] "GET / HTTP/1.1" 200 151406 "-" "Uptime-Kuma/1.23.3"
54.36.148.28 - - [10/Feb/2024:01:54:22 +0500] "GET /news/1094/show HTTP/1.1" 200 25026 "-" "Mozilla/5.0 (compatible; AhrefsBot/7.0; +http://ahrefs.com/robot/)"
217.174.238.111 - - [10/Feb/2024:01:54:28 +0500] "GET / HTTP/1.1" 200 151406 "-" "Uptime-Kuma/1.23.3"
93.171.223.12 - - [10/Feb/2024:01:54:31 +0500] "GET / HTTP/1.1" 200 151406 "-" "Uptime-Kuma/1.23.3"
54.188.244.54 - - [10/Feb/2024:01:54:36 +0500] "GET / HTTP/1.1" 200 29873 "-" "Mozilla/5.0 (Macintosh; Intel Mac OS X 10_15_7) AppleWebKit/537.36 (KHTML, like Gecko) Chrome/113.0.0.0 Safari/537.36"
54.188.244.54 - - [10/Feb/2024:01:54:37 +0500] "GET /assets/css/main.css HTTP/1.1" 200 86481 "https://bp.gov.tm/" "Mozilla/5.0 (Macintosh; Intel Mac OS X 10_15_7) AppleWebKit/537.36 (KHTML, like Gecko) Chrome/113.0.0.0 Safari/537.36"
54.188.244.54 - - [10/Feb/2024:01:54:37 +0500] "GET /assets/fonts/stylesheet.css HTTP/1.1" 200 4581 "https://bp.gov.tm/" "Mozilla/5.0 (Macintosh; Intel Mac OS X 10_15_7) AppleWebKit/537.36 (KHTML, like Gecko) Chrome/113.0.0.0 Safari/537.36"
54.188.244.54 - - [10/Feb/2024:01:54:37 +0500] "GET /assets/js/slick.js HTTP/1.1" 200 88955 "https://bp.gov.tm/" "Mozilla/5.0 (Macintosh; Intel Mac OS X 10_15_7) AppleWebKit/537.36 (KHTML, like Gecko) Chrome/113.0.0.0 Safari/537.36"
54.188.244.54 - - [10/Feb/2024:01:54:37 +0500] "GET /assets/js/jquery.js HTTP/1.1" 200 89475 "https://bp.gov.tm/" "Mozilla/5.0 (Macintosh; Intel Mac OS X 10_15_7) AppleWebKit/537.36 (KHTML, like Gecko) Chrome/113.0.0.0 Safari/537.36"
54.188.244.54 - - [10/Feb/2024:01:54:37 +0500] "GET /assets/js/simpleTab.js HTTP/1.1" 200 1379 "https://bp.gov.tm/" "Mozilla/5.0 (Macintosh; Intel Mac OS X 10_15_7) AppleWebKit/537.36 (KHTML, like Gecko) Chrome/113.0.0.0 Safari/537.36"
54.188.244.54 - - [10/Feb/2024:01:54:37 +0500] "GET /assets/js/modal-close.js HTTP/1.1" 200 2202 "https://bp.gov.tm/" "Mozilla/5.0 (Macintosh; Intel Mac OS X 10_15_7) AppleWebKit/537.36 (KHTML, like Gecko) Chrome/113.0.0.0 Safari/537.36"
54.188.244.54 - - [10/Feb/2024:01:54:38 +0500] "GET /assets/js/custom-file-input.js HTTP/1.1" 200 898 "https://bp.gov.tm/" "Mozilla/5.0 (Macintosh; Intel Mac OS X 10_15_7) AppleWebKit/537.36 (KHTML, like Gecko) Chrome/113.0.0.0 Safari/537.36"
54.188.244.54 - - [10/Feb/2024:01:54:38 +0500] "GET /assets/fonts/Roboto-Regular.woff2 HTTP/1.1" 200 65764 "https://bp.gov.tm/assets/fonts/stylesheet.css" "Mozilla/5.0 (Macintosh; Intel Mac OS X 10_15_7) AppleWebKit/537.36 (KHTML, like Gecko) Chrome/113.0.0.0 Safari/537.36"
54.188.244.54 - - [10/Feb/2024:01:54:38 +0500] "GET /assets/fonts/Roboto-Bold.woff2 HTTP/1.1" 200 66004 "https://bp.gov.tm/assets/fonts/stylesheet.css" "Mozilla/5.0 (Macintosh; Intel Mac OS X 10_15_7) AppleWebKit/537.36 (KHTML, like Gecko) Chrome/113.0.0.0 Safari/537.36"
54.188.244.54 - - [10/Feb/2024:01:54:38 +0500] "GET /assets/fonts/Roboto-Medium.woff2 HTTP/1.1" 200 66708 "https://bp.gov.tm/assets/fonts/stylesheet.css" "Mozilla/5.0 (Macintosh; Intel Mac OS X 10_15_7) AppleWebKit/537.36 (KHTML, like Gecko) Chrome/113.0.0.0 Safari/537.36"
54.188.244.54 - - [10/Feb/2024:01:54:38 +0500] "GET /assets/images/svg/lang.svg HTTP/1.1" 200 2469 "https://bp.gov.tm/" "Mozilla/5.0 (Macintosh; Intel Mac OS X 10_15_7) AppleWebKit/537.36 (KHTML, like Gecko) Chrome/113.0.0.0 Safari/537.36"
54.188.244.54 - - [10/Feb/2024:01:54:38 +0500] "GET /assets/images/svg/search-icon.svg HTTP/1.1" 200 506 "https://bp.gov.tm/" "Mozilla/5.0 (Macintosh; Intel Mac OS X 10_15_7) AppleWebKit/537.36 (KHTML, like Gecko) Chrome/113.0.0.0 Safari/537.36"
54.188.244.54 - - [10/Feb/2024:01:54:38 +0500] "GET /assets/images/svg/date.svg HTTP/1.1" 200 1708 "https://bp.gov.tm/assets/css/main.css" "Mozilla/5.0 (Macintosh; Intel Mac OS X 10_15_7) AppleWebKit/537.36 (KHTML, like Gecko) Chrome/113.0.0.0 Safari/537.36"
54.188.244.54 - - [10/Feb/2024:01:54:38 +0500] "GET /storage/articles/February2024/JwCB9EpBhES8NsGywpH1.jpg HTTP/1.1" 200 87991 "https://bp.gov.tm/" "Mozilla/5.0 (Macintosh; Intel Mac OS X 10_15_7) AppleWebKit/537.36 (KHTML, like Gecko) Chrome/113.0.0.0 Safari/537.36"
54.188.244.54 - - [10/Feb/2024:01:54:38 +0500] "GET /assets/js/slider.js HTTP/1.1" 200 2115 "https://bp.gov.tm/" "Mozilla/5.0 (Macintosh; Intel Mac OS X 10_15_7) AppleWebKit/537.36 (KHTML, like Gecko) Chrome/113.0.0.0 Safari/537.36"
54.188.244.54 - - [10/Feb/2024:01:54:39 +0500] "GET /assets/js/tabs.js HTTP/1.1" 200 1331 "https://bp.gov.tm/" "Mozilla/5.0 (Macintosh; Intel Mac OS X 10_15_7) AppleWebKit/537.36 (KHTML, like Gecko) Chrome/113.0.0.0 Safari/537.36"
54.188.244.54 - - [10/Feb/2024:01:54:39 +0500] "GET /assets/js/customSelect.js HTTP/1.1" 200 4108 "https://bp.gov.tm/" "Mozilla/5.0 (Macintosh; Intel Mac OS X 10_15_7) AppleWebKit/537.36 (KHTML, like Gecko) Chrome/113.0.0.0 Safari/537.36"
54.188.244.54 - - [10/Feb/2024:01:54:39 +0500] "GET /assets/js/main.js HTTP/1.1" 200 7016 "https://bp.gov.tm/" "Mozilla/5.0 (Macintosh; Intel Mac OS X 10_15_7) AppleWebKit/537.36 (KHTML, like Gecko) Chrome/113.0.0.0 Safari/537.36"
54.188.244.54 - - [10/Feb/2024:01:54:39 +0500] "GET /assets/images/main-logo.png HTTP/1.1" 200 136518 "https://bp.gov.tm/" "Mozilla/5.0 (Macintosh; Intel Mac OS X 10_15_7) AppleWebKit/537.36 (KHTML, like Gecko) Chrome/113.0.0.0 Safari/537.36"
54.188.244.54 - - [10/Feb/2024:01:54:39 +0500] "GET /storage/websites/April2022/ZXhbaRNDDeplbN7NQzXz.png HTTP/1.1" 200 1312632 "https://bp.gov.tm/" "Mozilla/5.0 (Macintosh; Intel Mac OS X 10_15_7) AppleWebKit/537.36 (KHTML, like Gecko) Chrome/113.0.0.0 Safari/537.36"
54.188.244.54 - - [10/Feb/2024:01:54:39 +0500] "GET /assets/images/slogan.png HTTP/1.1" 200 127592 "https://bp.gov.tm/" "Mozilla/5.0 (Macintosh; Intel Mac OS X 10_15_7) AppleWebKit/537.36 (KHTML, like Gecko) Chrome/113.0.0.0 Safari/537.36"
54.188.244.54 - - [10/Feb/2024:01:54:39 +0500] "GET /assets/images/svg/close.svg HTTP/1.1" 200 930 "https://bp.gov.tm/" "Mozilla/5.0 (Macintosh; Intel Mac OS X 10_15_7) AppleWebKit/537.36 (KHTML, like Gecko) Chrome/113.0.0.0 Safari/537.36"
54.188.244.54 - - [10/Feb/2024:01:54:39 +0500] "GET /assets/images/svg/back-2.svg HTTP/1.1" 200 648 "https://bp.gov.tm/" "Mozilla/5.0 (Macintosh; Intel Mac OS X 10_15_7) AppleWebKit/537.36 (KHTML, like Gecko) Chrome/113.0.0.0 Safari/537.36"
54.188.244.54 - - [10/Feb/2024:01:54:39 +0500] "GET /storage/websites/April2022/4JaxbevwwPjzvh2vPtN8.png HTTP/1.1" 200 1430544 "https://bp.gov.tm/" "Mozilla/5.0 (Macintosh; Intel Mac OS X 10_15_7) AppleWebKit/537.36 (KHTML, like Gecko) Chrome/113.0.0.0 Safari/537.36"
54.188.244.54 - - [10/Feb/2024:01:54:39 +0500] "GET /assets/images/header_tm.jpg HTTP/1.1" 200 868244 "https://bp.gov.tm/" "Mozilla/5.0 (Macintosh; Intel Mac OS X 10_15_7) AppleWebKit/537.36 (KHTML, like Gecko) Chrome/113.0.0.0 Safari/537.36"
54.188.244.54 - - [10/Feb/2024:01:54:39 +0500] "GET /storage/websites/April2021/OoLwuNz8sCqh8pujP6yn.png HTTP/1.1" 200 48670 "https://bp.gov.tm/" "Mozilla/5.0 (Macintosh; Intel Mac OS X 10_15_7) AppleWebKit/537.36 (KHTML, like Gecko) Chrome/113.0.0.0 Safari/537.36"
54.188.244.54 - - [10/Feb/2024:01:54:39 +0500] "GET /storage/websites/April2021/VaPn2P3DNLyXbuQuwpmf.png HTTP/1.1" 200 29226 "https://bp.gov.tm/" "Mozilla/5.0 (Macintosh; Intel Mac OS X 10_15_7) AppleWebKit/537.36 (KHTML, like Gecko) Chrome/113.0.0.0 Safari/537.36"
54.188.244.54 - - [10/Feb/2024:01:54:40 +0500] "GET /storage/websites/April2021/ooUS2uRQPVdU7Ncqt0GT.jpeg HTTP/1.1" 200 5274 "https://bp.gov.tm/" "Mozilla/5.0 (Macintosh; Intel Mac OS X 10_15_7) AppleWebKit/537.36 (KHTML, like Gecko) Chrome/113.0.0.0 Safari/537.36"
54.188.244.54 - - [10/Feb/2024:01:54:40 +0500] "GET /storage/websites/April2021/iSmqrC24NznXMIiN1dZM.png HTTP/1.1" 200 41647 "https://bp.gov.tm/" "Mozilla/5.0 (Macintosh; Intel Mac OS X 10_15_7) AppleWebKit/537.36 (KHTML, like Gecko) Chrome/113.0.0.0 Safari/537.36"
54.188.244.54 - - [10/Feb/2024:01:54:40 +0500] "GET /storage/websites/April2022/Hrr706H2TruIkvC1rCOI.png HTTP/1.1" 200 1157805 "https://bp.gov.tm/" "Mozilla/5.0 (Macintosh; Intel Mac OS X 10_15_7) AppleWebKit/537.36 (KHTML, like Gecko) Chrome/113.0.0.0 Safari/537.36"
54.188.244.54 - - [10/Feb/2024:01:54:40 +0500] "GET /storage/websites/April2022/rIoixJ0QOweW3AHFrgbg.png HTTP/1.1" 200 1139429 "https://bp.gov.tm/" "Mozilla/5.0 (Macintosh; Intel Mac OS X 10_15_7) AppleWebKit/537.36 (KHTML, like Gecko) Chrome/113.0.0.0 Safari/537.36"
54.188.244.54 - - [10/Feb/2024:01:54:40 +0500] "GET /storage/websites/April2022/SzAZcwpZJfgNcMRUivOm.png HTTP/1.1" 200 795533 "https://bp.gov.tm/" "Mozilla/5.0 (Macintosh; Intel Mac OS X 10_15_7) AppleWebKit/537.36 (KHTML, like Gecko) Chrome/113.0.0.0 Safari/537.36"
54.188.244.54 - - [10/Feb/2024:01:54:40 +0500] "GET /storage/websites/April2021/jgoRV5eJVUHPfLDecQHm.png HTTP/1.1" 200 58427 "https://bp.gov.tm/" "Mozilla/5.0 (Macintosh; Intel Mac OS X 10_15_7) AppleWebKit/537.36 (KHTML, like Gecko) Chrome/113.0.0.0 Safari/537.36"
54.188.244.54 - - [10/Feb/2024:01:54:40 +0500] "GET /storage/websites/April2021/KyVM7uuOz9Y9kYrEb8Aw.png HTTP/1.1" 200 17700 "https://bp.gov.tm/" "Mozilla/5.0 (Macintosh; Intel Mac OS X 10_15_7) AppleWebKit/537.36 (KHTML, like Gecko) Chrome/113.0.0.0 Safari/537.36"
54.188.244.54 - - [10/Feb/2024:01:54:40 +0500] "GET /storage/websites/April2022/zn8ES93ktrbC8Nlx7FgC.png HTTP/1.1" 200 1227110 "https://bp.gov.tm/" "Mozilla/5.0 (Macintosh; Intel Mac OS X 10_15_7) AppleWebKit/537.36 (KHTML, like Gecko) Chrome/113.0.0.0 Safari/537.36"
54.188.244.54 - - [10/Feb/2024:01:54:40 +0500] "GET /storage/websites/April2022/V7sc1MRFr5POrPHN7EVR.png HTTP/1.1" 200 1635467 "https://bp.gov.tm/" "Mozilla/5.0 (Macintosh; Intel Mac OS X 10_15_7) AppleWebKit/537.36 (KHTML, like Gecko) Chrome/113.0.0.0 Safari/537.36"
54.188.244.54 - - [10/Feb/2024:01:54:40 +0500] "GET /storage/websites/April2021/GytfLXnsFUsp1LMjwETQ.png HTTP/1.1" 200 29226 "https://bp.gov.tm/" "Mozilla/5.0 (Macintosh; Intel Mac OS X 10_15_7) AppleWebKit/537.36 (KHTML, like Gecko) Chrome/113.0.0.0 Safari/537.36"
54.188.244.54 - - [10/Feb/2024:01:54:40 +0500] "GET /storage/websites/April2021/qbUxPpaFVhQhj8ZPSKqV.png HTTP/1.1" 200 29226 "https://bp.gov.tm/" "Mozilla/5.0 (Macintosh; Intel Mac OS X 10_15_7) AppleWebKit/537.36 (KHTML, like Gecko) Chrome/113.0.0.0 Safari/537.36"
54.188.244.54 - - [10/Feb/2024:01:54:40 +0500] "GET /storage/websites/April2021/WDmrjvomuYRD5goGDJdm.jpg HTTP/1.1" 200 66817 "https://bp.gov.tm/" "Mozilla/5.0 (Macintosh; Intel Mac OS X 10_15_7) AppleWebKit/537.36 (KHTML, like Gecko) Chrome/113.0.0.0 Safari/537.36"
54.188.244.54 - - [10/Feb/2024:01:54:40 +0500] "GET /storage/websites/April2022/h0GIzFgXWfioZduf6nY7.png HTTP/1.1" 200 874450 "https://bp.gov.tm/" "Mozilla/5.0 (Macintosh; Intel Mac OS X 10_15_7) AppleWebKit/537.36 (KHTML, like Gecko) Chrome/113.0.0.0 Safari/537.36"
54.188.244.54 - - [10/Feb/2024:01:54:40 +0500] "GET /storage/websites/April2021/UclTZZ5P0Psw4wspme9Y.jpg HTTP/1.1" 200 38970 "https://bp.gov.tm/" "Mozilla/5.0 (Macintosh; Intel Mac OS X 10_15_7) AppleWebKit/537.36 (KHTML, like Gecko) Chrome/113.0.0.0 Safari/537.36"
54.188.244.54 - - [10/Feb/2024:01:54:40 +0500] "GET /storage/websites/April2022/4LPbcxe032AlX0op9T3I.png HTTP/1.1" 200 1636885 "https://bp.gov.tm/" "Mozilla/5.0 (Macintosh; Intel Mac OS X 10_15_7) AppleWebKit/537.36 (KHTML, like Gecko) Chrome/113.0.0.0 Safari/537.36"
54.188.244.54 - - [10/Feb/2024:01:54:41 +0500] "GET /storage/websites/April2021/kAtD98J0YCM4YCHhBxOp.png HTTP/1.1" 200 90774 "https://bp.gov.tm/" "Mozilla/5.0 (Macintosh; Intel Mac OS X 10_15_7) AppleWebKit/537.36 (KHTML, like Gecko) Chrome/113.0.0.0 Safari/537.36"
54.188.244.54 - - [10/Feb/2024:01:54:41 +0500] "GET /storage/websites/April2021/MfMExzki3ZBv9OYl5dxm.jpg HTTP/1.1" 200 8105 "https://bp.gov.tm/" "Mozilla/5.0 (Macintosh; Intel Mac OS X 10_15_7) AppleWebKit/537.36 (KHTML, like Gecko) Chrome/113.0.0.0 Safari/537.36"
54.188.244.54 - - [10/Feb/2024:01:54:41 +0500] "GET /storage/websites/April2022/OkhkIgowxecDKr1yMoG0.png HTTP/1.1" 200 1183777 "https://bp.gov.tm/" "Mozilla/5.0 (Macintosh; Intel Mac OS X 10_15_7) AppleWebKit/537.36 (KHTML, like Gecko) Chrome/113.0.0.0 Safari/537.36"
54.188.244.54 - - [10/Feb/2024:01:54:41 +0500] "GET /storage/websites/April2022/oNFCGQuSbhLh13wEHYeg.png HTTP/1.1" 200 1220372 "https://bp.gov.tm/" "Mozilla/5.0 (Macintosh; Intel Mac OS X 10_15_7) AppleWebKit/537.36 (KHTML, like Gecko) Chrome/113.0.0.0 Safari/537.36"
54.188.244.54 - - [10/Feb/2024:01:54:41 +0500] "GET /storage/websites/April2021/hvmpKxj1eUTkucWhLmTF.jpeg HTTP/1.1" 200 13641 "https://bp.gov.tm/" "Mozilla/5.0 (Macintosh; Intel Mac OS X 10_15_7) AppleWebKit/537.36 (KHTML, like Gecko) Chrome/113.0.0.0 Safari/537.36"
54.188.244.54 - - [10/Feb/2024:01:54:41 +0500] "GET /storage/websites/April2021/ooSNPl0y6lexMHnm3qyQ.png HTTP/1.1" 200 3613 "https://bp.gov.tm/" "Mozilla/5.0 (Macintosh; Intel Mac OS X 10_15_7) AppleWebKit/537.36 (KHTML, like Gecko) Chrome/113.0.0.0 Safari/537.36"
54.188.244.54 - - [10/Feb/2024:01:54:41 +0500] "GET /storage/websites/April2022/8oRG8UHB0jKDtamVkBON.png HTTP/1.1" 200 637926 "https://bp.gov.tm/" "Mozilla/5.0 (Macintosh; Intel Mac OS X 10_15_7) AppleWebKit/537.36 (KHTML, like Gecko) Chrome/113.0.0.0 Safari/537.36"
54.188.244.54 - - [10/Feb/2024:01:54:41 +0500] "GET /storage/websites/April2022/4iyxVwqbrKYghAg3m7VQ.png HTTP/1.1" 200 974502 "https://bp.gov.tm/" "Mozilla/5.0 (Macintosh; Intel Mac OS X 10_15_7) AppleWebKit/537.36 (KHTML, like Gecko) Chrome/113.0.0.0 Safari/537.36"
54.188.244.54 - - [10/Feb/2024:01:54:41 +0500] "GET /storage/websites/April2022/yILFKRIVtbEguMR2taV7.png HTTP/1.1" 200 1711086 "https://bp.gov.tm/" "Mozilla/5.0 (Macintosh; Intel Mac OS X 10_15_7) AppleWebKit/537.36 (KHTML, like Gecko) Chrome/113.0.0.0 Safari/537.36"
54.188.244.54 - - [10/Feb/2024:01:54:41 +0500] "GET /storage/websites/April2022/IhxPR37pxxnIiVjnxLsD.png HTTP/1.1" 200 620015 "https://bp.gov.tm/" "Mozilla/5.0 (Macintosh; Intel Mac OS X 10_15_7) AppleWebKit/537.36 (KHTML, like Gecko) Chrome/113.0.0.0 Safari/537.36"
54.188.244.54 - - [10/Feb/2024:01:54:41 +0500] "GET /storage/websites/April2021/H5375J98N88hdKAP6dUh.png HTTP/1.1" 200 29226 "https://bp.gov.tm/" "Mozilla/5.0 (Macintosh; Intel Mac OS X 10_15_7) AppleWebKit/537.36 (KHTML, like Gecko) Chrome/113.0.0.0 Safari/537.36"
54.188.244.54 - - [10/Feb/2024:01:54:41 +0500] "GET /storage/websites/April2022/v2qKUetJwTRzk4DaUKmL.png HTTP/1.1" 200 793725 "https://bp.gov.tm/" "Mozilla/5.0 (Macintosh; Intel Mac OS X 10_15_7) AppleWebKit/537.36 (KHTML, like Gecko) Chrome/113.0.0.0 Safari/537.36"
54.188.244.54 - - [10/Feb/2024:01:54:41 +0500] "GET /storage/websites/April2021/YYHfUtzui3ZTJZipVXqB.jpg HTTP/1.1" 200 32912 "https://bp.gov.tm/" "Mozilla/5.0 (Macintosh; Intel Mac OS X 10_15_7) AppleWebKit/537.36 (KHTML, like Gecko) Chrome/113.0.0.0 Safari/537.36"
54.188.244.54 - - [10/Feb/2024:01:54:41 +0500] "GET /storage/websites/April2022/GnVEjvnydKcRKE7gRuzw.png HTTP/1.1" 200 1317243 "https://bp.gov.tm/" "Mozilla/5.0 (Macintosh; Intel Mac OS X 10_15_7) AppleWebKit/537.36 (KHTML, like Gecko) Chrome/113.0.0.0 Safari/537.36"
54.188.244.54 - - [10/Feb/2024:01:54:41 +0500] "GET /storage/websites/April2021/brqHXjprgy3L8t0r40kV.png HTTP/1.1" 200 29226 "https://bp.gov.tm/" "Mozilla/5.0 (Macintosh; Intel Mac OS X 10_15_7) AppleWebKit/537.36 (KHTML, like Gecko) Chrome/113.0.0.0 Safari/537.36"
54.188.244.54 - - [10/Feb/2024:01:54:41 +0500] "GET /storage/websites/April2022/OoRefWxSNe0lpYPiPRNe.png HTTP/1.1" 200 1034053 "https://bp.gov.tm/" "Mozilla/5.0 (Macintosh; Intel Mac OS X 10_15_7) AppleWebKit/537.36 (KHTML, like Gecko) Chrome/113.0.0.0 Safari/537.36"
54.188.244.54 - - [10/Feb/2024:01:54:41 +0500] "GET /storage/websites/April2021/Ru6LX3V9dpjqiOm9cQxH.png HTTP/1.1" 200 29226 "https://bp.gov.tm/" "Mozilla/5.0 (Macintosh; Intel Mac OS X 10_15_7) AppleWebKit/537.36 (KHTML, like Gecko) Chrome/113.0.0.0 Safari/537.36"
54.188.244.54 - - [10/Feb/2024:01:54:42 +0500] "GET /storage/websites/April2022/Eergmp9p0lgN006Hok6Z.png HTTP/1.1" 200 820116 "https://bp.gov.tm/" "Mozilla/5.0 (Macintosh; Intel Mac OS X 10_15_7) AppleWebKit/537.36 (KHTML, like Gecko) Chrome/113.0.0.0 Safari/537.36"
