10.152.126.172 - - [10/Feb/2024:00:15:08 +0500] "GET /favicon.ico HTTP/1.1" 200 99981 "https://bp.gov.tm/laws/253/show" "Mozilla/5.0 (Linux; Android 10; K) AppleWebKit/537.36 (KHTML, like Gecko) Chrome/113.0.0.0 Mobile Safari/537.36"
10.120.18.114 - - [10/Feb/2024:00:15:09 +0500] "GET /laws/275/show HTTP/1.1" 200 34423 "https://www.google.com/" "Mozilla/5.0 (Linux; Android 10; K) AppleWebKit/537.36 (KHTML, like Gecko) Chrome/120.0.0.0 Mobile Safari/537.36"
10.120.18.114 - - [10/Feb/2024:00:15:10 +0500] "GET /assets/fonts/stylesheet.css HTTP/1.1" 200 4581 "https://bp.gov.tm/laws/275/show" "Mozilla/5.0 (Linux; Android 10; K) AppleWebKit/537.36 (KHTML, like Gecko) Chrome/120.0.0.0 Mobile Safari/537.36"
10.120.18.114 - - [10/Feb/2024:00:15:10 +0500] "GET /assets/css/main.css HTTP/1.1" 200 86481 "https://bp.gov.tm/laws/275/show" "Mozilla/5.0 (Linux; Android 10; K) AppleWebKit/537.36 (KHTML, like Gecko) Chrome/120.0.0.0 Mobile Safari/537.36"
10.120.18.114 - - [10/Feb/2024:00:15:10 +0500] "GET /assets/images/svg/back-2.svg HTTP/1.1" 200 648 "https://bp.gov.tm/laws/275/show" "Mozilla/5.0 (Linux; Android 10; K) AppleWebKit/537.36 (KHTML, like Gecko) Chrome/120.0.0.0 Mobile Safari/537.36"
10.120.18.114 - - [10/Feb/2024:00:15:10 +0500] "GET /assets/images/svg/lang.svg HTTP/1.1" 200 2469 "https://bp.gov.tm/laws/275/show" "Mozilla/5.0 (Linux; Android 10; K) AppleWebKit/537.36 (KHTML, like Gecko) Chrome/120.0.0.0 Mobile Safari/537.36"
10.120.18.114 - - [10/Feb/2024:00:15:10 +0500] "GET /assets/images/svg/close.svg HTTP/1.1" 200 930 "https://bp.gov.tm/laws/275/show" "Mozilla/5.0 (Linux; Android 10; K) AppleWebKit/537.36 (KHTML, like Gecko) Chrome/120.0.0.0 Mobile Safari/537.36"
10.120.18.114 - - [10/Feb/2024:00:15:10 +0500] "GET /assets/images/svg/search-icon.svg HTTP/1.1" 200 506 "https://bp.gov.tm/laws/275/show" "Mozilla/5.0 (Linux; Android 10; K) AppleWebKit/537.36 (KHTML, like Gecko) Chrome/120.0.0.0 Mobile Safari/537.36"
10.120.18.114 - - [10/Feb/2024:00:15:10 +0500] "GET /assets/js/jquery.js HTTP/1.1" 200 89475 "https://bp.gov.tm/laws/275/show" "Mozilla/5.0 (Linux; Android 10; K) AppleWebKit/537.36 (KHTML, like Gecko) Chrome/120.0.0.0 Mobile Safari/537.36"
10.120.18.114 - - [10/Feb/2024:00:15:10 +0500] "GET /assets/js/slick.js HTTP/1.1" 200 88955 "https://bp.gov.tm/laws/275/show" "Mozilla/5.0 (Linux; Android 10; K) AppleWebKit/537.36 (KHTML, like Gecko) Chrome/120.0.0.0 Mobile Safari/537.36"
10.120.18.114 - - [10/Feb/2024:00:15:10 +0500] "GET /assets/js/customSelect.js HTTP/1.1" 200 4108 "https://bp.gov.tm/laws/275/show" "Mozilla/5.0 (Linux; Android 10; K) AppleWebKit/537.36 (KHTML, like Gecko) Chrome/120.0.0.0 Mobile Safari/537.36"
10.120.18.114 - - [10/Feb/2024:00:15:10 +0500] "GET /assets/js/slider.js HTTP/1.1" 200 2115 "https://bp.gov.tm/laws/275/show" "Mozilla/5.0 (Linux; Android 10; K) AppleWebKit/537.36 (KHTML, like Gecko) Chrome/120.0.0.0 Mobile Safari/537.36"
10.120.18.114 - - [10/Feb/2024:00:15:10 +0500] "GET /assets/js/custom-file-input.js HTTP/1.1" 200 898 "https://bp.gov.tm/laws/275/show" "Mozilla/5.0 (Linux; Android 10; K) AppleWebKit/537.36 (KHTML, like Gecko) Chrome/120.0.0.0 Mobile Safari/537.36"
10.120.18.114 - - [10/Feb/2024:00:15:10 +0500] "GET /assets/js/modal-close.js HTTP/1.1" 200 2202 "https://bp.gov.tm/laws/275/show" "Mozilla/5.0 (Linux; Android 10; K) AppleWebKit/537.36 (KHTML, like Gecko) Chrome/120.0.0.0 Mobile Safari/537.36"
10.120.18.114 - - [10/Feb/2024:00:15:10 +0500] "GET /assets/js/tabs.js HTTP/1.1" 200 1331 "https://bp.gov.tm/laws/275/show" "Mozilla/5.0 (Linux; Android 10; K) AppleWebKit/537.36 (KHTML, like Gecko) Chrome/120.0.0.0 Mobile Safari/537.36"
10.120.18.114 - - [10/Feb/2024:00:15:10 +0500] "GET /assets/fonts/Roboto-Regular.woff2 HTTP/1.1" 200 65764 "https://bp.gov.tm/assets/fonts/stylesheet.css" "Mozilla/5.0 (Linux; Android 10; K) AppleWebKit/537.36 (KHTML, like Gecko) Chrome/120.0.0.0 Mobile Safari/537.36"
10.120.18.114 - - [10/Feb/2024:00:15:10 +0500] "GET /assets/fonts/Roboto-Bold.woff2 HTTP/1.1" 200 66004 "https://bp.gov.tm/assets/fonts/stylesheet.css" "Mozilla/5.0 (Linux; Android 10; K) AppleWebKit/537.36 (KHTML, like Gecko) Chrome/120.0.0.0 Mobile Safari/537.36"
10.120.18.114 - - [10/Feb/2024:00:15:10 +0500] "GET /assets/js/main.js HTTP/1.1" 200 7016 "https://bp.gov.tm/laws/275/show" "Mozilla/5.0 (Linux; Android 10; K) AppleWebKit/537.36 (KHTML, like Gecko) Chrome/120.0.0.0 Mobile Safari/537.36"
10.120.18.114 - - [10/Feb/2024:00:15:10 +0500] "GET /assets/js/simpleTab.js HTTP/1.1" 200 1379 "https://bp.gov.tm/laws/275/show" "Mozilla/5.0 (Linux; Android 10; K) AppleWebKit/537.36 (KHTML, like Gecko) Chrome/120.0.0.0 Mobile Safari/537.36"
10.120.18.114 - - [10/Feb/2024:00:15:10 +0500] "GET /assets/images/main-logo.png HTTP/1.1" 200 136518 "https://bp.gov.tm/laws/275/show" "Mozilla/5.0 (Linux; Android 10; K) AppleWebKit/537.36 (KHTML, like Gecko) Chrome/120.0.0.0 Mobile Safari/537.36"
119.235.123.124 - - [10/Feb/2024:00:15:20 +0500] "GET /news/230/show HTTP/1.1" 200 26839 "https://www.google.com/" "Mozilla/5.0 (Linux; Android 10; K) AppleWebKit/537.36 (KHTML, like Gecko) Chrome/121.0.0.0 Mobile Safari/537.36"
217.174.238.111 - - [10/Feb/2024:00:15:20 +0500] "GET / HTTP/1.1" 200 151406 "-" "Uptime-Kuma/1.23.3"
119.235.123.124 - - [10/Feb/2024:00:15:22 +0500] "GET /assets/fonts/stylesheet.css HTTP/1.1" 200 4581 "https://bp.gov.tm/news/230/show" "Mozilla/5.0 (Linux; Android 10; K) AppleWebKit/537.36 (KHTML, like Gecko) Chrome/121.0.0.0 Mobile Safari/537.36"
119.235.123.124 - - [10/Feb/2024:00:15:22 +0500] "GET /assets/css/main.css HTTP/1.1" 200 86481 "https://bp.gov.tm/news/230/show" "Mozilla/5.0 (Linux; Android 10; K) AppleWebKit/537.36 (KHTML, like Gecko) Chrome/121.0.0.0 Mobile Safari/537.36"
119.235.123.124 - - [10/Feb/2024:00:15:22 +0500] "GET /assets/js/jquery.js HTTP/1.1" 200 89475 "https://bp.gov.tm/news/230/show" "Mozilla/5.0 (Linux; Android 10; K) AppleWebKit/537.36 (KHTML, like Gecko) Chrome/121.0.0.0 Mobile Safari/537.36"
119.235.123.124 - - [10/Feb/2024:00:15:22 +0500] "GET /assets/images/svg/search-icon.svg HTTP/1.1" 200 506 "https://bp.gov.tm/news/230/show" "Mozilla/5.0 (Linux; Android 10; K) AppleWebKit/537.36 (KHTML, like Gecko) Chrome/121.0.0.0 Mobile Safari/537.36"
119.235.123.124 - - [10/Feb/2024:00:15:22 +0500] "GET /assets/images/svg/back-2.svg HTTP/1.1" 200 648 "https://bp.gov.tm/news/230/show" "Mozilla/5.0 (Linux; Android 10; K) AppleWebKit/537.36 (KHTML, like Gecko) Chrome/121.0.0.0 Mobile Safari/537.36"
119.235.123.124 - - [10/Feb/2024:00:15:22 +0500] "GET /assets/images/svg/lang.svg HTTP/1.1" 200 2469 "https://bp.gov.tm/news/230/show" "Mozilla/5.0 (Linux; Android 10; K) AppleWebKit/537.36 (KHTML, like Gecko) Chrome/121.0.0.0 Mobile Safari/537.36"
119.235.123.124 - - [10/Feb/2024:00:15:23 +0500] "GET /assets/js/slick.js HTTP/1.1" 200 88955 "https://bp.gov.tm/news/230/show" "Mozilla/5.0 (Linux; Android 10; K) AppleWebKit/537.36 (KHTML, like Gecko) Chrome/121.0.0.0 Mobile Safari/537.36"
119.235.123.124 - - [10/Feb/2024:00:15:23 +0500] "GET /assets/js/slider.js HTTP/1.1" 200 2115 "https://bp.gov.tm/news/230/show" "Mozilla/5.0 (Linux; Android 10; K) AppleWebKit/537.36 (KHTML, like Gecko) Chrome/121.0.0.0 Mobile Safari/537.36"
119.235.123.124 - - [10/Feb/2024:00:15:23 +0500] "GET /assets/js/customSelect.js HTTP/1.1" 200 4108 "https://bp.gov.tm/news/230/show" "Mozilla/5.0 (Linux; Android 10; K) AppleWebKit/537.36 (KHTML, like Gecko) Chrome/121.0.0.0 Mobile Safari/537.36"
119.235.123.124 - - [10/Feb/2024:00:15:23 +0500] "GET /assets/js/custom-file-input.js HTTP/1.1" 200 898 "https://bp.gov.tm/news/230/show" "Mozilla/5.0 (Linux; Android 10; K) AppleWebKit/537.36 (KHTML, like Gecko) Chrome/121.0.0.0 Mobile Safari/537.36"
119.235.123.124 - - [10/Feb/2024:00:15:24 +0500] "GET /assets/fonts/Roboto-Regular.woff2 HTTP/1.1" 200 65764 "https://bp.gov.tm/assets/fonts/stylesheet.css" "Mozilla/5.0 (Linux; Android 10; K) AppleWebKit/537.36 (KHTML, like Gecko) Chrome/121.0.0.0 Mobile Safari/537.36"
119.235.123.124 - - [10/Feb/2024:00:15:24 +0500] "GET /assets/fonts/Roboto-Bold.woff2 HTTP/1.1" 200 66004 "https://bp.gov.tm/assets/fonts/stylesheet.css" "Mozilla/5.0 (Linux; Android 10; K) AppleWebKit/537.36 (KHTML, like Gecko) Chrome/121.0.0.0 Mobile Safari/537.36"
119.235.123.124 - - [10/Feb/2024:00:15:24 +0500] "GET /assets/images/svg/date.svg HTTP/1.1" 200 1708 "https://bp.gov.tm/assets/css/main.css" "Mozilla/5.0 (Linux; Android 10; K) AppleWebKit/537.36 (KHTML, like Gecko) Chrome/121.0.0.0 Mobile Safari/537.36"
119.235.123.124 - - [10/Feb/2024:00:15:24 +0500] "GET /assets/js/modal-close.js HTTP/1.1" 200 2202 "https://bp.gov.tm/news/230/show" "Mozilla/5.0 (Linux; Android 10; K) AppleWebKit/537.36 (KHTML, like Gecko) Chrome/121.0.0.0 Mobile Safari/537.36"
119.235.123.124 - - [10/Feb/2024:00:15:25 +0500] "GET /assets/js/tabs.js HTTP/1.1" 200 1331 "https://bp.gov.tm/news/230/show" "Mozilla/5.0 (Linux; Android 10; K) AppleWebKit/537.36 (KHTML, like Gecko) Chrome/121.0.0.0 Mobile Safari/537.36"
119.235.123.124 - - [10/Feb/2024:00:15:25 +0500] "GET /assets/js/main.js HTTP/1.1" 200 7016 "https://bp.gov.tm/news/230/show" "Mozilla/5.0 (Linux; Android 10; K) AppleWebKit/537.36 (KHTML, like Gecko) Chrome/121.0.0.0 Mobile Safari/537.36"
119.235.123.124 - - [10/Feb/2024:00:15:25 +0500] "GET /assets/js/simpleTab.js HTTP/1.1" 200 1379 "https://bp.gov.tm/news/230/show" "Mozilla/5.0 (Linux; Android 10; K) AppleWebKit/537.36 (KHTML, like Gecko) Chrome/121.0.0.0 Mobile Safari/537.36"
119.235.123.124 - - [10/Feb/2024:00:15:25 +0500] "GET /assets/images/svg/close.svg HTTP/1.1" 200 930 "https://bp.gov.tm/news/230/show" "Mozilla/5.0 (Linux; Android 10; K) AppleWebKit/537.36 (KHTML, like Gecko) Chrome/121.0.0.0 Mobile Safari/537.36"
119.235.123.124 - - [10/Feb/2024:00:15:25 +0500] "GET /assets/images/main-logo.png HTTP/1.1" 200 136518 "https://bp.gov.tm/news/230/show" "Mozilla/5.0 (Linux; Android 10; K) AppleWebKit/537.36 (KHTML, like Gecko) Chrome/121.0.0.0 Mobile Safari/537.36"
93.171.223.12 - - [10/Feb/2024:00:15:27 +0500] "GET / HTTP/1.1" 200 151406 "-" "Uptime-Kuma/1.23.3"
119.235.123.124 - - [10/Feb/2024:00:15:33 +0500] "GET /assets/images/header_tm.jpg HTTP/1.1" 200 868244 "https://bp.gov.tm/news/230/show" "Mozilla/5.0 (Linux; Android 10; K) AppleWebKit/537.36 (KHTML, like Gecko) Chrome/121.0.0.0 Mobile Safari/537.36"
119.235.123.124 - - [10/Feb/2024:00:15:34 +0500] "GET /favicon.ico HTTP/1.1" 200 99981 "https://bp.gov.tm/news/230/show" "Mozilla/5.0 (Linux; Android 10; K) AppleWebKit/537.36 (KHTML, like Gecko) Chrome/121.0.0.0 Mobile Safari/537.36"
217.174.238.111 - - [10/Feb/2024:00:15:42 +0500] "GET / HTTP/1.1" 200 151406 "-" "Uptime-Kuma/1.23.3"
93.171.223.12 - - [10/Feb/2024:00:15:47 +0500] "GET / HTTP/1.1" 200 151406 "-" "Uptime-Kuma/1.23.3"
95.85.112.5 - - [10/Feb/2024:00:15:55 +0500] "GET / HTTP/1.1" 200 151374 "-" "Uptime-Kuma/1.23.1"
217.174.238.111 - - [10/Feb/2024:00:16:03 +0500] "GET / HTTP/1.1" 200 151406 "-" "Uptime-Kuma/1.23.3"
10.120.18.114 - - [10/Feb/2024:00:16:12 +0500] "GET /assets/images/header_tm.jpg HTTP/1.1" 200 556803 "https://bp.gov.tm/laws/275/show" "Mozilla/5.0 (Linux; Android 10; K) AppleWebKit/537.36 (KHTML, like Gecko) Chrome/120.0.0.0 Mobile Safari/537.36"
93.171.223.12 - - [10/Feb/2024:00:16:13 +0500] "GET / HTTP/1.1" 200 151374 "-" "Uptime-Kuma/1.23.3"
95.85.110.228 - - [10/Feb/2024:00:16:18 +0500] "GET / HTTP/1.1" 200 151430 "-" "Uptime-Kuma/1.20.1"
217.174.238.111 - - [10/Feb/2024:00:16:24 +0500] "GET / HTTP/1.1" 200 151406 "-" "Uptime-Kuma/1.23.3"
93.171.223.12 - - [10/Feb/2024:00:16:39 +0500] "GET / HTTP/1.1" 200 151406 "-" "Uptime-Kuma/1.23.3"
217.174.238.111 - - [10/Feb/2024:00:16:45 +0500] "GET / HTTP/1.1" 200 151406 "-" "Uptime-Kuma/1.23.3"
95.85.112.5 - - [10/Feb/2024:00:16:55 +0500] "GET / HTTP/1.1" 200 151374 "-" "Uptime-Kuma/1.23.1"
119.235.123.124 - - [10/Feb/2024:00:16:58 +0500] "GET /assets/images/svg/search-icon.svg HTTP/1.1" 200 506 "-" "Dalvik/2.1.0 (Linux; U; Android 8.0.0; SM-A750FN Build/R16NW)"
217.174.238.111 - - [10/Feb/2024:00:17:05 +0500] "GET / HTTP/1.1" 200 151406 "-" "Uptime-Kuma/1.23.3"
93.171.223.12 - - [10/Feb/2024:00:17:06 +0500] "GET / HTTP/1.1" 200 151406 "-" "Uptime-Kuma/1.23.3"
217.174.238.111 - - [10/Feb/2024:00:17:26 +0500] "GET / HTTP/1.1" 200 151406 "-" "Uptime-Kuma/1.23.3"
119.235.123.124 - - [10/Feb/2024:00:17:32 +0500] "GET /assets/images/svg/search-icon.svg HTTP/1.1" 200 506 "-" "Microsoft Office/16.0 (OMDroid 8.0.0; Microsoft Office Word 16.0.15128; Pro)"
93.171.223.12 - - [10/Feb/2024:00:17:35 +0500] "GET / HTTP/1.1" 200 151406 "-" "Uptime-Kuma/1.23.3"
217.174.238.111 - - [10/Feb/2024:00:17:46 +0500] "GET / HTTP/1.1" 200 151437 "-" "Uptime-Kuma/1.23.3"
95.85.112.5 - - [10/Feb/2024:00:17:57 +0500] "GET / HTTP/1.1" 200 151374 "-" "Uptime-Kuma/1.23.1"
93.171.223.12 - - [10/Feb/2024:00:17:57 +0500] "GET / HTTP/1.1" 200 151406 "-" "Uptime-Kuma/1.23.3"
217.174.238.111 - - [10/Feb/2024:00:18:12 +0500] "GET / HTTP/1.1" 200 151406 "-" "Uptime-Kuma/1.23.3"
93.171.223.12 - - [10/Feb/2024:00:18:21 +0500] "GET / HTTP/1.1" 200 151406 "-" "Uptime-Kuma/1.23.3"
217.174.238.111 - - [10/Feb/2024:00:18:33 +0500] "GET / HTTP/1.1" 200 151406 "-" "Uptime-Kuma/1.23.3"
192.241.195.28 - - [10/Feb/2024:00:18:39 +0500] "MGLNDD_216.250.9.164_443" 400 166 "-" "-"
93.171.223.12 - - [10/Feb/2024:00:18:41 +0500] "GET / HTTP/1.1" 200 151406 "-" "Uptime-Kuma/1.23.3"
217.174.238.111 - - [10/Feb/2024:00:18:53 +0500] "GET / HTTP/1.1" 200 151421 "-" "Uptime-Kuma/1.23.3"
95.85.112.5 - - [10/Feb/2024:00:18:59 +0500] "GET / HTTP/1.1" 200 151374 "-" "Uptime-Kuma/1.23.1"
66.249.70.71 - - [10/Feb/2024:00:19:02 +0500] "GET /news/1042/show HTTP/1.1" 200 28267 "-" "Mozilla/5.0 (Linux; Android 6.0.1; Nexus 5X Build/MMB29P) AppleWebKit/537.36 (KHTML, like Gecko) Chrome/121.0.6167.85 Mobile Safari/537.36 (compatible; Googlebot/2.1; +http://www.google.com/bot.html)"
93.171.223.12 - - [10/Feb/2024:00:19:03 +0500] "GET / HTTP/1.1" 200 151406 "-" "Uptime-Kuma/1.23.3"
66.249.70.65 - - [10/Feb/2024:00:19:07 +0500] "GET /news/1041/show HTTP/1.1" 200 25638 "-" "Mozilla/5.0 (Linux; Android 6.0.1; Nexus 5X Build/MMB29P) AppleWebKit/537.36 (KHTML, like Gecko) Chrome/121.0.6167.85 Mobile Safari/537.36 (compatible; Googlebot/2.1; +http://www.google.com/bot.html)"
66.249.70.71 - - [10/Feb/2024:00:19:11 +0500] "GET /news/337/show HTTP/1.1" 200 28285 "-" "Mozilla/5.0 (Linux; Android 6.0.1; Nexus 5X Build/MMB29P) AppleWebKit/537.36 (KHTML, like Gecko) Chrome/121.0.6167.85 Mobile Safari/537.36 (compatible; Googlebot/2.1; +http://www.google.com/bot.html)"
217.174.238.111 - - [10/Feb/2024:00:19:14 +0500] "GET / HTTP/1.1" 200 151437 "-" "Uptime-Kuma/1.23.3"
93.171.223.12 - - [10/Feb/2024:00:19:23 +0500] "GET / HTTP/1.1" 200 151406 "-" "Uptime-Kuma/1.23.3"
217.174.238.111 - - [10/Feb/2024:00:19:35 +0500] "GET / HTTP/1.1" 200 151437 "-" "Uptime-Kuma/1.23.3"
93.171.223.12 - - [10/Feb/2024:00:19:53 +0500] "GET / HTTP/1.1" 200 151406 "-" "Uptime-Kuma/1.23.3"
217.174.238.111 - - [10/Feb/2024:00:19:56 +0500] "GET / HTTP/1.1" 200 151430 "-" "Uptime-Kuma/1.23.3"
95.85.112.5 - - [10/Feb/2024:00:20:01 +0500] "GET / HTTP/1.1" 200 151374 "-" "Uptime-Kuma/1.23.1"
148.251.189.36 - - [10/Feb/2024:00:20:04 +0500] "GET / HTTP/1.1" 200 29874 "-" "python-requests/2.23.0"
69.162.124.237 - - [10/Feb/2024:00:20:04 +0500] "HEAD / HTTP/1.1" 200 0 "https://bp.gov.tm" "Mozilla/5.0+(compatible; UptimeRobot/2.0; http://www.uptimerobot.com/)"
93.171.222.74 - - [10/Feb/2024:00:20:09 +0500] "GET /laws/136/show HTTP/1.1" 200 35429 "-" "Mozilla/5.0 (Linux; Android 8.1.0; Redmi 6 Pro Build/OPM1.171019.019) AppleWebKit/537.36 (KHTML, like Gecko) Version/4.0 Chrome/121.0.6167.144 Mobile Safari/537.36"
93.171.222.74 - - [10/Feb/2024:00:20:09 +0500] "GET /assets/fonts/stylesheet.css HTTP/1.1" 200 4581 "https://bp.gov.tm/laws/136/show" "Mozilla/5.0 (Linux; Android 8.1.0; Redmi 6 Pro Build/OPM1.171019.019) AppleWebKit/537.36 (KHTML, like Gecko) Version/4.0 Chrome/121.0.6167.144 Mobile Safari/537.36"
93.171.222.74 - - [10/Feb/2024:00:20:09 +0500] "GET /assets/css/main.css HTTP/1.1" 200 86481 "https://bp.gov.tm/laws/136/show" "Mozilla/5.0 (Linux; Android 8.1.0; Redmi 6 Pro Build/OPM1.171019.019) AppleWebKit/537.36 (KHTML, like Gecko) Version/4.0 Chrome/121.0.6167.144 Mobile Safari/537.36"
93.171.222.74 - - [10/Feb/2024:00:20:10 +0500] "GET /assets/images/svg/back-2.svg HTTP/1.1" 200 648 "https://bp.gov.tm/laws/136/show" "Mozilla/5.0 (Linux; Android 8.1.0; Redmi 6 Pro Build/OPM1.171019.019) AppleWebKit/537.36 (KHTML, like Gecko) Version/4.0 Chrome/121.0.6167.144 Mobile Safari/537.36"
93.171.222.74 - - [10/Feb/2024:00:20:10 +0500] "GET /assets/images/svg/lang.svg HTTP/1.1" 200 2469 "https://bp.gov.tm/laws/136/show" "Mozilla/5.0 (Linux; Android 8.1.0; Redmi 6 Pro Build/OPM1.171019.019) AppleWebKit/537.36 (KHTML, like Gecko) Version/4.0 Chrome/121.0.6167.144 Mobile Safari/537.36"
93.171.222.74 - - [10/Feb/2024:00:20:10 +0500] "GET /assets/images/svg/search-icon.svg HTTP/1.1" 200 506 "https://bp.gov.tm/laws/136/show" "Mozilla/5.0 (Linux; Android 8.1.0; Redmi 6 Pro Build/OPM1.171019.019) AppleWebKit/537.36 (KHTML, like Gecko) Version/4.0 Chrome/121.0.6167.144 Mobile Safari/537.36"
93.171.222.74 - - [10/Feb/2024:00:20:11 +0500] "GET /assets/images/svg/close.svg HTTP/1.1" 200 930 "https://bp.gov.tm/laws/136/show" "Mozilla/5.0 (Linux; Android 8.1.0; Redmi 6 Pro Build/OPM1.171019.019) AppleWebKit/537.36 (KHTML, like Gecko) Version/4.0 Chrome/121.0.6167.144 Mobile Safari/537.36"
93.171.222.74 - - [10/Feb/2024:00:20:11 +0500] "GET /assets/js/jquery.js HTTP/1.1" 200 89475 "https://bp.gov.tm/laws/136/show" "Mozilla/5.0 (Linux; Android 8.1.0; Redmi 6 Pro Build/OPM1.171019.019) AppleWebKit/537.36 (KHTML, like Gecko) Version/4.0 Chrome/121.0.6167.144 Mobile Safari/537.36"
93.171.223.12 - - [10/Feb/2024:00:20:15 +0500] "GET / HTTP/1.1" 200 151406 "-" "Uptime-Kuma/1.23.3"
217.174.238.111 - - [10/Feb/2024:00:20:18 +0500] "GET / HTTP/1.1" 200 151406 "-" "Uptime-Kuma/1.23.3"
93.171.222.74 - - [10/Feb/2024:00:20:24 +0500] "GET /assets/images/main-logo.png HTTP/1.1" 200 136518 "https://bp.gov.tm/laws/136/show" "Mozilla/5.0 (Linux; Android 8.1.0; Redmi 6 Pro Build/OPM1.171019.019) AppleWebKit/537.36 (KHTML, like Gecko) Version/4.0 Chrome/121.0.6167.144 Mobile Safari/537.36"
93.171.222.74 - - [10/Feb/2024:00:20:30 +0500] "GET /assets/js/slick.js HTTP/1.1" 200 88955 "https://bp.gov.tm/laws/136/show" "Mozilla/5.0 (Linux; Android 8.1.0; Redmi 6 Pro Build/OPM1.171019.019) AppleWebKit/537.36 (KHTML, like Gecko) Version/4.0 Chrome/121.0.6167.144 Mobile Safari/537.36"
93.171.222.74 - - [10/Feb/2024:00:20:30 +0500] "GET /assets/js/slider.js HTTP/1.1" 200 2115 "https://bp.gov.tm/laws/136/show" "Mozilla/5.0 (Linux; Android 8.1.0; Redmi 6 Pro Build/OPM1.171019.019) AppleWebKit/537.36 (KHTML, like Gecko) Version/4.0 Chrome/121.0.6167.144 Mobile Safari/537.36"
93.171.222.74 - - [10/Feb/2024:00:20:30 +0500] "GET /assets/js/customSelect.js HTTP/1.1" 200 4108 "https://bp.gov.tm/laws/136/show" "Mozilla/5.0 (Linux; Android 8.1.0; Redmi 6 Pro Build/OPM1.171019.019) AppleWebKit/537.36 (KHTML, like Gecko) Version/4.0 Chrome/121.0.6167.144 Mobile Safari/537.36"
93.171.222.74 - - [10/Feb/2024:00:20:30 +0500] "GET /assets/js/custom-file-input.js HTTP/1.1" 200 898 "https://bp.gov.tm/laws/136/show" "Mozilla/5.0 (Linux; Android 8.1.0; Redmi 6 Pro Build/OPM1.171019.019) AppleWebKit/537.36 (KHTML, like Gecko) Version/4.0 Chrome/121.0.6167.144 Mobile Safari/537.36"
93.171.222.74 - - [10/Feb/2024:00:20:30 +0500] "GET /assets/js/modal-close.js HTTP/1.1" 200 2202 "https://bp.gov.tm/laws/136/show" "Mozilla/5.0 (Linux; Android 8.1.0; Redmi 6 Pro Build/OPM1.171019.019) AppleWebKit/537.36 (KHTML, like Gecko) Version/4.0 Chrome/121.0.6167.144 Mobile Safari/537.36"
93.171.222.74 - - [10/Feb/2024:00:20:31 +0500] "GET /assets/images/header_tm.jpg HTTP/1.1" 200 245507 "https://bp.gov.tm/laws/136/show" "Mozilla/5.0 (Linux; Android 8.1.0; Redmi 6 Pro Build/OPM1.171019.019) AppleWebKit/537.36 (KHTML, like Gecko) Version/4.0 Chrome/121.0.6167.144 Mobile Safari/537.36"
93.171.223.12 - - [10/Feb/2024:00:20:36 +0500] "GET / HTTP/1.1" 200 151406 "-" "Uptime-Kuma/1.23.3"
93.171.222.74 - - [10/Feb/2024:00:20:37 +0500] "GET /favicon.ico HTTP/1.1" 200 99981 "https://bp.gov.tm/laws/136/show" "Mozilla/5.0 (Linux; Android 8.1.0; Redmi 6 Pro Build/OPM1.171019.019) AppleWebKit/537.36 (KHTML, like Gecko) Version/4.0 Chrome/121.0.6167.144 Mobile Safari/537.36"
217.174.238.111 - - [10/Feb/2024:00:20:40 +0500] "GET / HTTP/1.1" 200 151437 "-" "Uptime-Kuma/1.23.3"
93.171.223.12 - - [10/Feb/2024:00:20:57 +0500] "GET / HTTP/1.1" 200 151406 "-" "Uptime-Kuma/1.23.3"
217.174.238.111 - - [10/Feb/2024:00:21:02 +0500] "GET / HTTP/1.1" 200 151406 "-" "Uptime-Kuma/1.23.3"
95.85.112.5 - - [10/Feb/2024:00:21:04 +0500] "GET / HTTP/1.1" 200 151374 "-" "Uptime-Kuma/1.23.1"
95.85.110.228 - - [10/Feb/2024:00:21:18 +0500] "GET / HTTP/1.1" 200 151430 "-" "Uptime-Kuma/1.20.1"
217.174.238.111 - - [10/Feb/2024:00:21:25 +0500] "GET / HTTP/1.1" 200 151406 "-" "Uptime-Kuma/1.23.3"
93.171.223.12 - - [10/Feb/2024:00:21:26 +0500] "GET / HTTP/1.1" 200 151406 "-" "Uptime-Kuma/1.23.3"
217.174.238.111 - - [10/Feb/2024:00:21:47 +0500] "GET / HTTP/1.1" 200 151430 "-" "Uptime-Kuma/1.23.3"
93.171.223.12 - - [10/Feb/2024:00:21:49 +0500] "GET / HTTP/1.1" 200 151406 "-" "Uptime-Kuma/1.23.3"
68.183.39.102 - - [10/Feb/2024:00:21:52 +0500] "GET / HTTP/1.1" 200 29872 "-" "Mozilla/5.0 (Windows NT 6.2; WOW64) AppleWebKit/537.4 (KHTML, like Gecko) Chrome/98 Safari/537.4 (StatusCake)"
95.85.112.5 - - [10/Feb/2024:00:22:07 +0500] "GET / HTTP/1.1" 200 151374 "-" "Uptime-Kuma/1.23.1"
217.174.238.111 - - [10/Feb/2024:00:22:11 +0500] "GET / HTTP/1.1" 200 151406 "-" "Uptime-Kuma/1.23.3"
93.171.223.12 - - [10/Feb/2024:00:22:14 +0500] "GET / HTTP/1.1" 200 151406 "-" "Uptime-Kuma/1.23.3"
207.46.13.107 - - [10/Feb/2024:00:22:29 +0500] "GET /news/119/show HTTP/1.1" 200 26949 "-" "Mozilla/5.0 AppleWebKit/537.36 (KHTML, like Gecko; compatible; bingbot/2.0; +http://www.bing.com/bingbot.htm) Chrome/116.0.1938.76 Safari/537.36"
217.174.238.111 - - [10/Feb/2024:00:22:32 +0500] "GET / HTTP/1.1" 200 151406 "-" "Uptime-Kuma/1.23.3"
157.90.182.23 - - [10/Feb/2024:00:22:34 +0500] "GET /robots.txt HTTP/1.1" 301 178 "-" "Mozilla/5.0 (compatible; BLEXBot/1.0; +http://webmeup-crawler.com/)"
157.90.182.23 - - [10/Feb/2024:00:22:34 +0500] "GET /robots.txt HTTP/1.1" 403 134 "-" "Mozilla/5.0 (compatible; BLEXBot/1.0; +http://webmeup-crawler.com/)"
157.90.182.23 - - [10/Feb/2024:00:22:34 +0500] "GET /robots.txt HTTP/1.1" 403 134 "-" "Mozilla/5.0 (compatible; BLEXBot/1.0; +http://webmeup-crawler.com/)"
157.90.182.23 - - [10/Feb/2024:00:22:35 +0500] "GET /sitemap.ashx HTTP/1.1" 301 178 "-" "Mozilla/5.0 (compatible; BLEXBot/1.0; +http://webmeup-crawler.com/)"
157.90.182.23 - - [10/Feb/2024:00:22:35 +0500] "GET /news/1201/show HTTP/1.1" 200 24681 "-" "Mozilla/5.0 (compatible; BLEXBot/1.0; +http://webmeup-crawler.com/)"
157.90.182.23 - - [10/Feb/2024:00:22:36 +0500] "GET /sitemap.ashx HTTP/1.1" 403 134 "-" "Mozilla/5.0 (compatible; BLEXBot/1.0; +http://webmeup-crawler.com/)"
93.171.223.12 - - [10/Feb/2024:00:22:36 +0500] "GET / HTTP/1.1" 200 151406 "-" "Uptime-Kuma/1.23.3"
157.90.182.23 - - [10/Feb/2024:00:22:41 +0500] "GET /sitemap.ashx HTTP/1.1" 403 134 "-" "Mozilla/5.0 (compatible; BLEXBot/1.0; +http://webmeup-crawler.com/)"
157.90.182.23 - - [10/Feb/2024:00:22:41 +0500] "GET /news/1202/show HTTP/1.1" 200 24642 "-" "Mozilla/5.0 (compatible; BLEXBot/1.0; +http://webmeup-crawler.com/)"
157.90.182.23 - - [10/Feb/2024:00:22:43 +0500] "GET /sitemap.xml HTTP/1.1" 301 178 "-" "Mozilla/5.0 (compatible; BLEXBot/1.0; +http://webmeup-crawler.com/)"
157.90.182.23 - - [10/Feb/2024:00:22:44 +0500] "GET /sitemap.xml HTTP/1.1" 403 134 "-" "Mozilla/5.0 (compatible; BLEXBot/1.0; +http://webmeup-crawler.com/)"
157.90.182.23 - - [10/Feb/2024:00:22:51 +0500] "GET /news/1203/show HTTP/1.1" 200 26703 "-" "Mozilla/5.0 (compatible; BLEXBot/1.0; +http://webmeup-crawler.com/)"
157.90.182.23 - - [10/Feb/2024:00:22:51 +0500] "GET /sitemap.xml HTTP/1.1" 403 134 "-" "Mozilla/5.0 (compatible; BLEXBot/1.0; +http://webmeup-crawler.com/)"
217.174.238.111 - - [10/Feb/2024:00:22:52 +0500] "GET / HTTP/1.1" 200 151406 "-" "Uptime-Kuma/1.23.3"
157.90.182.23 - - [10/Feb/2024:00:22:54 +0500] "GET /sitemap.xml.gz HTTP/1.1" 301 178 "-" "Mozilla/5.0 (compatible; BLEXBot/1.0; +http://webmeup-crawler.com/)"
157.90.182.23 - - [10/Feb/2024:00:22:54 +0500] "GET /sitemap.xml.gz HTTP/1.1" 403 134 "-" "Mozilla/5.0 (compatible; BLEXBot/1.0; +http://webmeup-crawler.com/)"
157.90.182.23 - - [10/Feb/2024:00:22:57 +0500] "GET /news/1204/show HTTP/1.1" 200 31688 "-" "Mozilla/5.0 (compatible; BLEXBot/1.0; +http://webmeup-crawler.com/)"
93.171.223.12 - - [10/Feb/2024:00:22:57 +0500] "GET / HTTP/1.1" 200 151406 "-" "Uptime-Kuma/1.23.3"
157.90.182.23 - - [10/Feb/2024:00:23:07 +0500] "GET /sitemap.xml.gz HTTP/1.1" 403 134 "-" "Mozilla/5.0 (compatible; BLEXBot/1.0; +http://webmeup-crawler.com/)"
95.85.112.5 - - [10/Feb/2024:00:23:08 +0500] "GET / HTTP/1.1" 200 151374 "-" "Uptime-Kuma/1.23.1"
157.90.182.23 - - [10/Feb/2024:00:23:11 +0500] "GET /sitemap_index.xml HTTP/1.1" 301 178 "-" "Mozilla/5.0 (compatible; BLEXBot/1.0; +http://webmeup-crawler.com/)"
157.90.182.23 - - [10/Feb/2024:00:23:12 +0500] "GET /sitemap_index.xml HTTP/1.1" 403 134 "-" "Mozilla/5.0 (compatible; BLEXBot/1.0; +http://webmeup-crawler.com/)"
157.90.182.23 - - [10/Feb/2024:00:23:14 +0500] "GET /news/1205/show HTTP/1.1" 200 24866 "-" "Mozilla/5.0 (compatible; BLEXBot/1.0; +http://webmeup-crawler.com/)"
217.174.238.111 - - [10/Feb/2024:00:23:14 +0500] "GET / HTTP/1.1" 200 151406 "-" "Uptime-Kuma/1.23.3"
157.90.182.23 - - [10/Feb/2024:00:23:16 +0500] "GET /sitemap_index.xml HTTP/1.1" 403 134 "-" "Mozilla/5.0 (compatible; BLEXBot/1.0; +http://webmeup-crawler.com/)"
157.90.182.23 - - [10/Feb/2024:00:23:17 +0500] "GET /sitemap_index.xml.gz HTTP/1.1" 301 178 "-" "Mozilla/5.0 (compatible; BLEXBot/1.0; +http://webmeup-crawler.com/)"
93.171.223.12 - - [10/Feb/2024:00:23:17 +0500] "GET / HTTP/1.1" 200 151406 "-" "Uptime-Kuma/1.23.3"
93.171.222.199 - - [10/Feb/2024:00:23:18 +0500] "GET / HTTP/1.1" 200 29874 "https://www.google.com/" "Mozilla/5.0 (Linux; Android 10; K) AppleWebKit/537.36 (KHTML, like Gecko) Chrome/121.0.0.0 Mobile Safari/537.36"
157.90.182.23 - - [10/Feb/2024:00:23:18 +0500] "GET /sitemap_index.xml.gz HTTP/1.1" 403 134 "-" "Mozilla/5.0 (compatible; BLEXBot/1.0; +http://webmeup-crawler.com/)"
93.171.222.199 - - [10/Feb/2024:00:23:19 +0500] "GET /assets/css/main.css HTTP/1.1" 304 0 "https://bp.gov.tm/" "Mozilla/5.0 (Linux; Android 10; K) AppleWebKit/537.36 (KHTML, like Gecko) Chrome/121.0.0.0 Mobile Safari/537.36"
93.171.222.199 - - [10/Feb/2024:00:23:20 +0500] "GET /storage/articles/February2024/JwCB9EpBhES8NsGywpH1.jpg HTTP/1.1" 200 87991 "https://bp.gov.tm/" "Mozilla/5.0 (Linux; Android 10; K) AppleWebKit/537.36 (KHTML, like Gecko) Chrome/121.0.0.0 Mobile Safari/537.36"
93.171.222.199 - - [10/Feb/2024:00:23:21 +0500] "GET /assets/images/slogan.png HTTP/1.1" 304 0 "https://bp.gov.tm/" "Mozilla/5.0 (Linux; Android 10; K) AppleWebKit/537.36 (KHTML, like Gecko) Chrome/121.0.0.0 Mobile Safari/537.36"
93.171.222.199 - - [10/Feb/2024:00:23:22 +0500] "GET /assets/images/main-logo.png HTTP/1.1" 200 136518 "https://bp.gov.tm/" "Mozilla/5.0 (Linux; Android 10; K) AppleWebKit/537.36 (KHTML, like Gecko) Chrome/121.0.0.0 Mobile Safari/537.36"
93.171.222.199 - - [10/Feb/2024:00:23:26 +0500] "GET /storage/websites/April2021/iSmqrC24NznXMIiN1dZM.png HTTP/1.1" 200 41647 "https://bp.gov.tm/" "Mozilla/5.0 (Linux; Android 10; K) AppleWebKit/537.36 (KHTML, like Gecko) Chrome/121.0.0.0 Mobile Safari/537.36"
93.171.222.199 - - [10/Feb/2024:00:23:26 +0500] "GET /storage/websites/April2022/Hrr706H2TruIkvC1rCOI.png HTTP/1.1" 206 1 "https://bp.gov.tm/" "Mozilla/5.0 (Linux; Android 10; K) AppleWebKit/537.36 (KHTML, like Gecko) Chrome/121.0.0.0 Mobile Safari/537.36"
93.171.222.199 - - [10/Feb/2024:00:23:28 +0500] "GET /storage/websites/April2021/VaPn2P3DNLyXbuQuwpmf.png HTTP/1.1" 200 29226 "https://bp.gov.tm/" "Mozilla/5.0 (Linux; Android 10; K) AppleWebKit/537.36 (KHTML, like Gecko) Chrome/121.0.0.0 Mobile Safari/537.36"
157.90.182.23 - - [10/Feb/2024:00:23:34 +0500] "GET /news/1206/show HTTP/1.1" 200 29717 "-" "Mozilla/5.0 (compatible; BLEXBot/1.0; +http://webmeup-crawler.com/)"
93.171.222.199 - - [10/Feb/2024:00:23:34 +0500] "GET /storage/websites/April2022/4JaxbevwwPjzvh2vPtN8.png HTTP/1.1" 200 1430544 "https://bp.gov.tm/" "Mozilla/5.0 (Linux; Android 10; K) AppleWebKit/537.36 (KHTML, like Gecko) Chrome/121.0.0.0 Mobile Safari/537.36"
93.171.222.199 - - [10/Feb/2024:00:23:37 +0500] "GET /assets/images/header_tm.jpg HTTP/1.1" 200 868244 "https://bp.gov.tm/" "Mozilla/5.0 (Linux; Android 10; K) AppleWebKit/537.36 (KHTML, like Gecko) Chrome/121.0.0.0 Mobile Safari/537.36"
217.174.238.111 - - [10/Feb/2024:00:23:38 +0500] "GET / HTTP/1.1" 200 151406 "-" "Uptime-Kuma/1.23.3"
93.171.222.199 - - [10/Feb/2024:00:23:38 +0500] "GET /storage/websites/April2022/rIoixJ0QOweW3AHFrgbg.png HTTP/1.1" 200 1139429 "https://bp.gov.tm/" "Mozilla/5.0 (Linux; Android 10; K) AppleWebKit/537.36 (KHTML, like Gecko) Chrome/121.0.0.0 Mobile Safari/537.36"
93.171.222.199 - - [10/Feb/2024:00:23:40 +0500] "GET /storage/websites/April2022/SzAZcwpZJfgNcMRUivOm.png HTTP/1.1" 200 795533 "https://bp.gov.tm/" "Mozilla/5.0 (Linux; Android 10; K) AppleWebKit/537.36 (KHTML, like Gecko) Chrome/121.0.0.0 Mobile Safari/537.36"
93.171.223.12 - - [10/Feb/2024:00:23:42 +0500] "GET / HTTP/1.1" 200 151406 "-" "Uptime-Kuma/1.23.3"
93.171.222.199 - - [10/Feb/2024:00:23:44 +0500] "GET /storage/websites/May2023/fJnFXOCJJGA9JVrb2Etv.png HTTP/1.1" 200 252689 "https://bp.gov.tm/" "Mozilla/5.0 (Linux; Android 10; K) AppleWebKit/537.36 (KHTML, like Gecko) Chrome/121.0.0.0 Mobile Safari/537.36"
54.36.148.67 - - [10/Feb/2024:00:23:44 +0500] "GET /news/174/show HTTP/1.1" 200 27641 "-" "Mozilla/5.0 (compatible; AhrefsBot/7.0; +http://ahrefs.com/robot/)"
157.90.182.23 - - [10/Feb/2024:00:23:45 +0500] "GET /news/1207/show HTTP/1.1" 200 25943 "-" "Mozilla/5.0 (compatible; BLEXBot/1.0; +http://webmeup-crawler.com/)"
93.171.222.199 - - [10/Feb/2024:00:23:45 +0500] "GET /storage/websites/May2023/TCoxiekWpLedESarPUHF.png HTTP/1.1" 200 670760 "https://bp.gov.tm/" "Mozilla/5.0 (Linux; Android 10; K) AppleWebKit/537.36 (KHTML, like Gecko) Chrome/121.0.0.0 Mobile Safari/537.36"
157.90.182.23 - - [10/Feb/2024:00:23:47 +0500] "GET /sitemap_index.xml.gz HTTP/1.1" 403 134 "-" "Mozilla/5.0 (compatible; BLEXBot/1.0; +http://webmeup-crawler.com/)"
93.171.222.199 - - [10/Feb/2024:00:23:49 +0500] "GET /storage/websites/April2022/Hrr706H2TruIkvC1rCOI.png HTTP/1.1" 206 1125291 "https://bp.gov.tm/" "Mozilla/5.0 (Linux; Android 10; K) AppleWebKit/537.36 (KHTML, like Gecko) Chrome/121.0.0.0 Mobile Safari/537.36"
93.171.222.199 - - [10/Feb/2024:00:23:49 +0500] "GET /storage/websites/April2021/jgoRV5eJVUHPfLDecQHm.png HTTP/1.1" 200 58427 "https://bp.gov.tm/" "Mozilla/5.0 (Linux; Android 10; K) AppleWebKit/537.36 (KHTML, like Gecko) Chrome/121.0.0.0 Mobile Safari/537.36"
93.171.222.199 - - [10/Feb/2024:00:23:51 +0500] "GET /storage/websites/April2021/KyVM7uuOz9Y9kYrEb8Aw.png HTTP/1.1" 200 17700 "https://bp.gov.tm/" "Mozilla/5.0 (Linux; Android 10; K) AppleWebKit/537.36 (KHTML, like Gecko) Chrome/121.0.0.0 Mobile Safari/537.36"
157.90.182.23 - - [10/Feb/2024:00:23:55 +0500] "GET /robots.txt HTTP/1.1" 404 134 "-" "Mozilla/5.0 (compatible; BLEXBot/1.0; +http://webmeup-crawler.com/)"
93.171.222.199 - - [10/Feb/2024:00:23:55 +0500] "GET /storage/websites/April2021/GytfLXnsFUsp1LMjwETQ.png HTTP/1.1" 200 29226 "https://bp.gov.tm/" "Mozilla/5.0 (Linux; Android 10; K) AppleWebKit/537.36 (KHTML, like Gecko) Chrome/121.0.0.0 Mobile Safari/537.36"
157.90.182.23 - - [10/Feb/2024:00:23:55 +0500] "GET / HTTP/1.1" 200 396 "-" "Mozilla/5.0 (compatible; BLEXBot/1.0; +http://webmeup-crawler.com/)"
93.171.222.199 - - [10/Feb/2024:00:23:56 +0500] "GET /prosecutors HTTP/1.1" 200 88039 "https://bp.gov.tm/" "Mozilla/5.0 (Linux; Android 10; K) AppleWebKit/537.36 (KHTML, like Gecko) Chrome/121.0.0.0 Mobile Safari/537.36"
93.171.222.199 - - [10/Feb/2024:00:23:57 +0500] "GET /storage/websites/April2021/WDmrjvomuYRD5goGDJdm.jpg HTTP/1.1" 200 66817 "https://bp.gov.tm/" "Mozilla/5.0 (Linux; Android 10; K) AppleWebKit/537.36 (KHTML, like Gecko) Chrome/121.0.0.0 Mobile Safari/537.36"
93.171.222.199 - - [10/Feb/2024:00:23:57 +0500] "GET /storage/websites/April2022/zn8ES93ktrbC8Nlx7FgC.png HTTP/1.1" 200 1227110 "https://bp.gov.tm/" "Mozilla/5.0 (Linux; Android 10; K) AppleWebKit/537.36 (KHTML, like Gecko) Chrome/121.0.0.0 Mobile Safari/537.36"
157.90.182.23 - - [10/Feb/2024:00:23:57 +0500] "GET /news/1209/show HTTP/1.1" 200 31886 "-" "Mozilla/5.0 (compatible; BLEXBot/1.0; +http://webmeup-crawler.com/)"
93.171.222.199 - - [10/Feb/2024:00:23:58 +0500] "GET /storage/websites/April2021/qbUxPpaFVhQhj8ZPSKqV.png HTTP/1.1" 200 29226 "https://bp.gov.tm/" "Mozilla/5.0 (Linux; Android 10; K) AppleWebKit/537.36 (KHTML, like Gecko) Chrome/121.0.0.0 Mobile Safari/537.36"
157.90.182.23 - - [10/Feb/2024:00:24:00 +0500] "GET /news/1210/show HTTP/1.1" 200 33995 "-" "Mozilla/5.0 (compatible; BLEXBot/1.0; +http://webmeup-crawler.com/)"
93.171.222.199 - - [10/Feb/2024:00:24:00 +0500] "GET /storage/websites/April2022/h0GIzFgXWfioZduf6nY7.png HTTP/1.1" 200 874450 "https://bp.gov.tm/" "Mozilla/5.0 (Linux; Android 10; K) AppleWebKit/537.36 (KHTML, like Gecko) Chrome/121.0.0.0 Mobile Safari/537.36"
217.174.238.111 - - [10/Feb/2024:00:24:01 +0500] "GET / HTTP/1.1" 200 151406 "-" "Uptime-Kuma/1.23.3"
93.171.222.199 - - [10/Feb/2024:00:24:01 +0500] "GET /storage/websites/April2022/V7sc1MRFr5POrPHN7EVR.png HTTP/1.1" 200 851714 "https://bp.gov.tm/" "Mozilla/5.0 (Linux; Android 10; K) AppleWebKit/537.36 (KHTML, like Gecko) Chrome/121.0.0.0 Mobile Safari/537.36"
93.171.222.199 - - [10/Feb/2024:00:24:01 +0500] "GET /storage/websites/April2022/ZXhbaRNDDeplbN7NQzXz.png HTTP/1.1" 200 1261314 "https://bp.gov.tm/" "Mozilla/5.0 (Linux; Android 10; K) AppleWebKit/537.36 (KHTML, like Gecko) Chrome/121.0.0.0 Mobile Safari/537.36"
93.171.222.199 - - [10/Feb/2024:00:24:01 +0500] "GET /storage/websites/April2022/oNFCGQuSbhLh13wEHYeg.png HTTP/1.1" 200 638722 "https://bp.gov.tm/" "Mozilla/5.0 (Linux; Android 10; K) AppleWebKit/537.36 (KHTML, like Gecko) Chrome/121.0.0.0 Mobile Safari/537.36"
93.171.222.199 - - [10/Feb/2024:00:24:01 +0500] "GET /storage/websites/April2022/4LPbcxe032AlX0op9T3I.png HTTP/1.1" 200 540418 "https://bp.gov.tm/" "Mozilla/5.0 (Linux; Android 10; K) AppleWebKit/537.36 (KHTML, like Gecko) Chrome/121.0.0.0 Mobile Safari/537.36"
157.90.182.23 - - [10/Feb/2024:00:24:01 +0500] "GET /news/1211/show HTTP/1.1" 200 25096 "-" "Mozilla/5.0 (compatible; BLEXBot/1.0; +http://webmeup-crawler.com/)"
93.171.222.199 - - [10/Feb/2024:00:24:05 +0500] "GET /storage/prosecutors/May2021/kX8OrM6wC9o9dV710wiA.jpg HTTP/1.1" 200 122450 "https://bp.gov.tm/prosecutors" "Mozilla/5.0 (Linux; Android 10; K) AppleWebKit/537.36 (KHTML, like Gecko) Chrome/121.0.0.0 Mobile Safari/537.36"
157.90.182.23 - - [10/Feb/2024:00:24:06 +0500] "GET /news/1213/show HTTP/1.1" 200 28364 "-" "Mozilla/5.0 (compatible; BLEXBot/1.0; +http://webmeup-crawler.com/)"
93.171.222.199 - - [10/Feb/2024:00:24:08 +0500] "GET /storage/prosecutors/May2021/OX42KkKxujNu0gAaX7fA.jpg HTTP/1.1" 200 105002 "https://bp.gov.tm/prosecutors" "Mozilla/5.0 (Linux; Android 10; K) AppleWebKit/537.36 (KHTML, like Gecko) Chrome/121.0.0.0 Mobile Safari/537.36"
93.171.222.199 - - [10/Feb/2024:00:24:09 +0500] "GET /favicon.ico HTTP/1.1" 200 99981 "https://bp.gov.tm/prosecutors" "Mozilla/5.0 (Linux; Android 10; K) AppleWebKit/537.36 (KHTML, like Gecko) Chrome/121.0.0.0 Mobile Safari/537.36"
93.171.223.12 - - [10/Feb/2024:00:24:09 +0500] "GET / HTTP/1.1" 200 151406 "-" "Uptime-Kuma/1.23.3"
93.171.222.199 - - [10/Feb/2024:00:24:09 +0500] "GET /storage/prosecutors/June2021/Vso15HA2kEMCUv8Qa18c.jpg HTTP/1.1" 200 68900 "https://bp.gov.tm/prosecutors" "Mozilla/5.0 (Linux; Android 10; K) AppleWebKit/537.36 (KHTML, like Gecko) Chrome/121.0.0.0 Mobile Safari/537.36"
95.85.112.5 - - [10/Feb/2024:00:24:11 +0500] "GET / HTTP/1.1" 200 151374 "-" "Uptime-Kuma/1.23.1"
157.90.182.23 - - [10/Feb/2024:00:24:11 +0500] "GET /news/1214/show HTTP/1.1" 200 30815 "-" "Mozilla/5.0 (compatible; BLEXBot/1.0; +http://webmeup-crawler.com/)"
157.90.182.23 - - [10/Feb/2024:00:24:17 +0500] "GET /news/1215/show HTTP/1.1" 200 27099 "-" "Mozilla/5.0 (compatible; BLEXBot/1.0; +http://webmeup-crawler.com/)"
217.174.238.111 - - [10/Feb/2024:00:24:23 +0500] "GET / HTTP/1.1" 200 151406 "-" "Uptime-Kuma/1.23.3"
93.171.222.199 - - [10/Feb/2024:00:24:25 +0500] "GET /storage/prosecutors/May2021/HehmXDCNhQJQwDzqww91.jpg HTTP/1.1" 200 104056 "https://bp.gov.tm/prosecutors" "Mozilla/5.0 (Linux; Android 10; K) AppleWebKit/537.36 (KHTML, like Gecko) Chrome/121.0.0.0 Mobile Safari/537.36"
93.171.223.12 - - [10/Feb/2024:00:24:31 +0500] "GET / HTTP/1.1" 200 151406 "-" "Uptime-Kuma/1.23.3"
93.171.222.199 - - [10/Feb/2024:00:24:32 +0500] "GET /storage/prosecutors/May2021/gEfPXVvyGpKB6mlsVDB8.jpg HTTP/1.1" 200 111904 "https://bp.gov.tm/prosecutors" "Mozilla/5.0 (Linux; Android 10; K) AppleWebKit/537.36 (KHTML, like Gecko) Chrome/121.0.0.0 Mobile Safari/537.36"
157.90.182.23 - - [10/Feb/2024:00:24:33 +0500] "GET /news/1217/show HTTP/1.1" 200 24553 "-" "Mozilla/5.0 (compatible; BLEXBot/1.0; +http://webmeup-crawler.com/)"
157.90.182.23 - - [10/Feb/2024:00:24:36 +0500] "GET /news/1218/show HTTP/1.1" 200 31955 "-" "Mozilla/5.0 (compatible; BLEXBot/1.0; +http://webmeup-crawler.com/)"
157.90.182.23 - - [10/Feb/2024:00:24:41 +0500] "GET /news/1219/show HTTP/1.1" 200 28829 "-" "Mozilla/5.0 (compatible; BLEXBot/1.0; +http://webmeup-crawler.com/)"
157.90.182.23 - - [10/Feb/2024:00:24:44 +0500] "GET /news/1221/show HTTP/1.1" 200 30056 "-" "Mozilla/5.0 (compatible; BLEXBot/1.0; +http://webmeup-crawler.com/)"
217.174.238.111 - - [10/Feb/2024:00:24:44 +0500] "GET / HTTP/1.1" 200 151406 "-" "Uptime-Kuma/1.23.3"
157.90.182.23 - - [10/Feb/2024:00:24:48 +0500] "GET /news/1222/show HTTP/1.1" 200 24485 "-" "Mozilla/5.0 (compatible; BLEXBot/1.0; +http://webmeup-crawler.com/)"
93.171.222.199 - - [10/Feb/2024:00:24:48 +0500] "GET /storage/websites/April2022/ZXhbaRNDDeplbN7NQzXz.png HTTP/1.1" 206 1 "https://bp.gov.tm/" "Mozilla/5.0 (Linux; Android 10; K) AppleWebKit/537.36 (KHTML, like Gecko) Chrome/121.0.0.0 Mobile Safari/537.36"
93.171.222.199 - - [10/Feb/2024:00:24:48 +0500] "GET /storage/websites/April2022/zn8ES93ktrbC8Nlx7FgC.png HTTP/1.1" 206 1 "https://bp.gov.tm/" "Mozilla/5.0 (Linux; Android 10; K) AppleWebKit/537.36 (KHTML, like Gecko) Chrome/121.0.0.0 Mobile Safari/537.36"
93.171.222.199 - - [10/Feb/2024:00:24:48 +0500] "GET /storage/websites/April2022/V7sc1MRFr5POrPHN7EVR.png HTTP/1.1" 206 1 "https://bp.gov.tm/" "Mozilla/5.0 (Linux; Android 10; K) AppleWebKit/537.36 (KHTML, like Gecko) Chrome/121.0.0.0 Mobile Safari/537.36"
93.171.222.199 - - [10/Feb/2024:00:24:48 +0500] "GET /storage/websites/April2022/oNFCGQuSbhLh13wEHYeg.png HTTP/1.1" 206 1 "https://bp.gov.tm/" "Mozilla/5.0 (Linux; Android 10; K) AppleWebKit/537.36 (KHTML, like Gecko) Chrome/121.0.0.0 Mobile Safari/537.36"
93.171.222.199 - - [10/Feb/2024:00:24:48 +0500] "GET /storage/websites/April2022/h0GIzFgXWfioZduf6nY7.png HTTP/1.1" 206 1 "https://bp.gov.tm/" "Mozilla/5.0 (Linux; Android 10; K) AppleWebKit/537.36 (KHTML, like Gecko) Chrome/121.0.0.0 Mobile Safari/537.36"
93.171.222.199 - - [10/Feb/2024:00:24:48 +0500] "GET /storage/websites/April2022/4LPbcxe032AlX0op9T3I.png HTTP/1.1" 206 1 "https://bp.gov.tm/" "Mozilla/5.0 (Linux; Android 10; K) AppleWebKit/537.36 (KHTML, like Gecko) Chrome/121.0.0.0 Mobile Safari/537.36"
93.171.222.199 - - [10/Feb/2024:00:24:49 +0500] "GET /storage/websites/April2022/ZXhbaRNDDeplbN7NQzXz.png HTTP/1.1" 206 411766 "https://bp.gov.tm/" "Mozilla/5.0 (Linux; Android 10; K) AppleWebKit/537.36 (KHTML, like Gecko) Chrome/121.0.0.0 Mobile Safari/537.36"
157.90.182.23 - - [10/Feb/2024:00:24:52 +0500] "GET /news/10/show HTTP/1.1" 200 26411 "-" "Mozilla/5.0 (compatible; BLEXBot/1.0; +http://webmeup-crawler.com/)"
93.171.222.199 - - [10/Feb/2024:00:24:53 +0500] "GET /storage/websites/April2022/zn8ES93ktrbC8Nlx7FgC.png HTTP/1.1" 206 522852 "https://bp.gov.tm/" "Mozilla/5.0 (Linux; Android 10; K) AppleWebKit/537.36 (KHTML, like Gecko) Chrome/121.0.0.0 Mobile Safari/537.36"
93.171.222.199 - - [10/Feb/2024:00:24:54 +0500] "GET /storage/websites/April2022/oNFCGQuSbhLh13wEHYeg.png HTTP/1.1" 206 876562 "https://bp.gov.tm/" "Mozilla/5.0 (Linux; Android 10; K) AppleWebKit/537.36 (KHTML, like Gecko) Chrome/121.0.0.0 Mobile Safari/537.36"
93.171.222.199 - - [10/Feb/2024:00:24:54 +0500] "GET /storage/websites/April2022/h0GIzFgXWfioZduf6nY7.png HTTP/1.1" 206 514254 "https://bp.gov.tm/" "Mozilla/5.0 (Linux; Android 10; K) AppleWebKit/537.36 (KHTML, like Gecko) Chrome/121.0.0.0 Mobile Safari/537.36"
93.171.222.199 - - [10/Feb/2024:00:24:54 +0500] "GET /storage/websites/April2021/UclTZZ5P0Psw4wspme9Y.jpg HTTP/1.1" 200 38970 "https://bp.gov.tm/" "Mozilla/5.0 (Linux; Android 10; K) AppleWebKit/537.36 (KHTML, like Gecko) Chrome/121.0.0.0 Mobile Safari/537.36"
93.171.223.12 - - [10/Feb/2024:00:24:57 +0500] "GET / HTTP/1.1" 200 151406 "-" "Uptime-Kuma/1.23.3"
157.90.182.23 - - [10/Feb/2024:00:24:58 +0500] "GET /news/1223/show HTTP/1.1" 200 24491 "-" "Mozilla/5.0 (compatible; BLEXBot/1.0; +http://webmeup-crawler.com/)"
85.192.11.242 - - [10/Feb/2024:00:24:59 +0500] "GET / HTTP/1.1" 200 151406 "https://bp.gov.tm/" "Mozilla/5.3 (Windows; Windows NT 6.4; x64; en-us) Gecko/20221010 Chrome/33.8.266.805 Safari/504.23"
85.192.11.242 - - [10/Feb/2024:00:24:59 +0500] "GET /news/1243/show HTTP/1.1" 200 108301 "https://bp.gov.tm/" "Opera/5.0 (compatible; U; Windows NT 6.1; en-us) Chrome/38.5.191.87 Safari/535.95"
93.171.222.199 - - [10/Feb/2024:00:25:00 +0500] "GET /storage/websites/April2021/kAtD98J0YCM4YCHhBxOp.png HTTP/1.1" 200 90774 "https://bp.gov.tm/" "Mozilla/5.0 (Linux; Android 10; K) AppleWebKit/537.36 (KHTML, like Gecko) Chrome/121.0.0.0 Mobile Safari/537.36"
93.171.222.199 - - [10/Feb/2024:00:25:00 +0500] "GET /storage/websites/April2022/V7sc1MRFr5POrPHN7EVR.png HTTP/1.1" 206 1291657 "https://bp.gov.tm/" "Mozilla/5.0 (Linux; Android 10; K) AppleWebKit/537.36 (KHTML, like Gecko) Chrome/121.0.0.0 Mobile Safari/537.36"
85.192.11.242 - - [10/Feb/2024:00:25:00 +0500] "GET /news/1237/show HTTP/1.1" 200 112828 "https://bp.gov.tm/" "Mozilla/5.0 (Windows; Linux i686; en-us) Gecko/20070619 Chrome/30.2.351.143 Firefox/6.6"
93.171.222.199 - - [10/Feb/2024:00:25:01 +0500] "GET /storage/websites/April2022/8oRG8UHB0jKDtamVkBON.png HTTP/1.1" 200 637926 "https://bp.gov.tm/" "Mozilla/5.0 (Linux; Android 10; K) AppleWebKit/537.36 (KHTML, like Gecko) Chrome/121.0.0.0 Mobile Safari/537.36"
85.192.11.242 - - [10/Feb/2024:00:25:01 +0500] "GET /news/1236/show HTTP/1.1" 200 115631 "https://bp.gov.tm/" "Mozilla/5.0 (Windows; Windows NT 7.1; WOW64; en-us) Gecko/20140809 Chrome/41.1.374.709 Safari/540.17"
93.171.222.199 - - [10/Feb/2024:00:25:01 +0500] "GET /storage/websites/April2021/hvmpKxj1eUTkucWhLmTF.jpeg HTTP/1.1" 200 13641 "https://bp.gov.tm/" "Mozilla/5.0 (Linux; Android 10; K) AppleWebKit/537.36 (KHTML, like Gecko) Chrome/121.0.0.0 Mobile Safari/537.36"
85.192.11.242 - - [10/Feb/2024:00:25:02 +0500] "GET /news/1228/show HTTP/1.1" 200 116614 "https://bp.gov.tm/" "Opera/5.0 (Linux (Wine); I; Windows NT 6.2; ARM; en-US) like Gecko Chrome/40.2.141.169 Safari/528.37"
93.171.222.199 - - [10/Feb/2024:00:25:02 +0500] "GET /news/article/news HTTP/1.1" 200 30374 "https://bp.gov.tm/" "Mozilla/5.0 (Linux; Android 10; K) AppleWebKit/537.36 (KHTML, like Gecko) Chrome/121.0.0.0 Mobile Safari/537.36"
85.192.11.242 - - [10/Feb/2024:00:25:02 +0500] "GET /news/1220/show HTTP/1.1" 200 113208 "https://bp.gov.tm/" "Mozilla/5.0 (compatible; U; Linux; AMD64; en-us) like Gecko Chrome/39.4.154"
93.171.222.199 - - [10/Feb/2024:00:25:03 +0500] "GET /storage/websites/April2021/ooSNPl0y6lexMHnm3qyQ.png HTTP/1.1" 200 3613 "https://bp.gov.tm/" "Mozilla/5.0 (Linux; Android 10; K) AppleWebKit/537.36 (KHTML, like Gecko) Chrome/121.0.0.0 Mobile Safari/537.36"
85.192.11.242 - - [10/Feb/2024:00:25:03 +0500] "GET /news/1216/show HTTP/1.1" 200 112045 "https://bp.gov.tm/" "Opera/5.0 (compatible; U; Windows NT 6.1; WOW64; en-us) Chrome/41.2.279.77 Safari/579.81"
157.90.182.23 - - [10/Feb/2024:00:25:03 +0500] "GET /news/1242/show HTTP/1.1" 200 28943 "-" "Mozilla/5.0 (compatible; BLEXBot/1.0; +http://webmeup-crawler.com/)"
85.192.11.242 - - [10/Feb/2024:00:25:03 +0500] "GET /news/1212/show HTTP/1.1" 200 117613 "https://bp.gov.tm/" "Mozilla/5.0 (compatible; Linux i686; WOW64; en-US) like Gecko Chrome/36.1.110.504 Safari/512.92"
93.171.222.199 - - [10/Feb/2024:00:25:04 +0500] "GET /storage/websites/April2021/MfMExzki3ZBv9OYl5dxm.jpg HTTP/1.1" 200 8105 "https://bp.gov.tm/" "Mozilla/5.0 (Linux; Android 10; K) AppleWebKit/537.36 (KHTML, like Gecko) Chrome/121.0.0.0 Mobile Safari/537.36"
85.192.11.242 - - [10/Feb/2024:00:25:04 +0500] "GET /news/1208/show HTTP/1.1" 200 116968 "https://bp.gov.tm/" "Opera/5.0 (Windows; Linux; Trident/ 7.9 ; en-US) Chrome/41.7.372.37 Safari/637.88"
148.251.189.36 - - [10/Feb/2024:00:25:04 +0500] "GET / HTTP/1.1" 200 29872 "-" "python-requests/2.23.0"
85.192.11.242 - - [10/Feb/2024:00:25:05 +0500] "GET /news/1200/show HTTP/1.1" 200 119816 "https://bp.gov.tm/" "Mozilla/5.0 (compatible; U; Windows NT 7.1; en-us) like Gecko Chrome/38.2.243.044 Safari/643.84"
93.171.222.199 - - [10/Feb/2024:00:25:05 +0500] "GET /storage/websites/April2022/IhxPR37pxxnIiVjnxLsD.png HTTP/1.1" 200 620015 "https://bp.gov.tm/" "Mozilla/5.0 (Linux; Android 10; K) AppleWebKit/537.36 (KHTML, like Gecko) Chrome/121.0.0.0 Mobile Safari/537.36"
85.192.11.242 - - [10/Feb/2024:00:25:05 +0500] "GET /news/1191/show HTTP/1.1" 200 114258 "https://bp.gov.tm/" "Mozilla/5.0 (compatible; I; Windows NT 6.2; x64; en-US) like Gecko Firefox/6.5"
93.171.222.199 - - [10/Feb/2024:00:25:05 +0500] "GET /storage/websites/April2021/H5375J98N88hdKAP6dUh.png HTTP/1.1" 200 29226 "https://bp.gov.tm/" "Mozilla/5.0 (Linux; Android 10; K) AppleWebKit/537.36 (KHTML, like Gecko) Chrome/121.0.0.0 Mobile Safari/537.36"
69.162.124.237 - - [10/Feb/2024:00:25:06 +0500] "HEAD / HTTP/1.1" 200 0 "https://bp.gov.tm" "Mozilla/5.0+(compatible; UptimeRobot/2.0; http://www.uptimerobot.com/)"
85.192.11.242 - - [10/Feb/2024:00:25:06 +0500] "GET /news/1185/show HTTP/1.1" 200 114586 "https://bp.gov.tm/" "Mozilla/5.3 (compatible; I; Linux; en-US) Gecko/20100114 Chrome/37.183.452 Safari/566.16"
85.192.11.242 - - [10/Feb/2024:00:25:06 +0500] "GET /news/1183/show HTTP/1.1" 200 111469 "https://bp.gov.tm/" "Mozilla/5.0 (Linux (Wine); Windows NT 7.2; WOW64; en-US) like Gecko Chrome/39.4.89.295"
157.90.182.23 - - [10/Feb/2024:00:25:07 +0500] "GET /news/1243/show HTTP/1.1" 200 24135 "-" "Mozilla/5.0 (compatible; BLEXBot/1.0; +http://webmeup-crawler.com/)"
85.192.11.242 - - [10/Feb/2024:00:25:07 +0500] "GET /news/1244/show HTTP/1.1" 200 114531 "https://bp.gov.tm/" "Mozilla/5.0 (compatible; I; Windows NT 6.1; WOW64; en-US) like Gecko Chrome/36.1.164.443 Safari/598.25"
85.192.11.242 - - [10/Feb/2024:00:25:08 +0500] "GET /news/1242/show HTTP/1.1" 200 136515 "https://bp.gov.tm/" "Mozilla/5.0 (compatible; Linux; en-US) KHTML/4.3.5 (like Gecko) Chrome/37.4.236.185"
93.171.222.199 - - [10/Feb/2024:00:25:08 +0500] "GET /storage/websites/April2022/v2qKUetJwTRzk4DaUKmL.png HTTP/1.1" 200 524036 "https://bp.gov.tm/" "Mozilla/5.0 (Linux; Android 10; K) AppleWebKit/537.36 (KHTML, like Gecko) Chrome/121.0.0.0 Mobile Safari/537.36"
93.171.222.199 - - [10/Feb/2024:00:25:08 +0500] "GET /storage/websites/April2022/4iyxVwqbrKYghAg3m7VQ.png HTTP/1.1" 200 589572 "https://bp.gov.tm/" "Mozilla/5.0 (Linux; Android 10; K) AppleWebKit/537.36 (KHTML, like Gecko) Chrome/121.0.0.0 Mobile Safari/537.36"
93.171.222.199 - - [10/Feb/2024:00:25:08 +0500] "GET /storage/websites/April2022/yILFKRIVtbEguMR2taV7.png HTTP/1.1" 200 917250 "https://bp.gov.tm/" "Mozilla/5.0 (Linux; Android 10; K) AppleWebKit/537.36 (KHTML, like Gecko) Chrome/121.0.0.0 Mobile Safari/537.36"
93.171.222.199 - - [10/Feb/2024:00:25:08 +0500] "GET /storage/websites/April2022/OkhkIgowxecDKr1yMoG0.png HTTP/1.1" 200 458498 "https://bp.gov.tm/" "Mozilla/5.0 (Linux; Android 10; K) AppleWebKit/537.36 (KHTML, like Gecko) Chrome/121.0.0.0 Mobile Safari/537.36"
93.171.222.199 - - [10/Feb/2024:00:25:08 +0500] "GET /storage/websites/April2022/4LPbcxe032AlX0op9T3I.png HTTP/1.1" 206 638687 "https://bp.gov.tm/" "Mozilla/5.0 (Linux; Android 10; K) AppleWebKit/537.36 (KHTML, like Gecko) Chrome/121.0.0.0 Mobile Safari/537.36"
85.192.11.242 - - [10/Feb/2024:00:25:08 +0500] "GET /news/1241/show HTTP/1.1" 200 153953 "https://bp.gov.tm/" "Opera/5.0 (compatible; I; Linux; en-us) like Gecko Safari/633.45"
93.171.222.199 - - [10/Feb/2024:00:25:09 +0500] "GET /assets/images/svg/acc-arrow.svg HTTP/1.1" 200 251 "https://bp.gov.tm/news/article/news" "Mozilla/5.0 (Linux; Android 10; K) AppleWebKit/537.36 (KHTML, like Gecko) Chrome/121.0.0.0 Mobile Safari/537.36"
95.85.112.5 - - [10/Feb/2024:00:25:13 +0500] "GET / HTTP/1.1" 200 151374 "-" "Uptime-Kuma/1.23.1"
157.90.182.23 - - [10/Feb/2024:00:25:17 +0500] "GET /news/25/show HTTP/1.1" 200 25425 "-" "Mozilla/5.0 (compatible; BLEXBot/1.0; +http://webmeup-crawler.com/)"
93.171.223.12 - - [10/Feb/2024:00:25:18 +0500] "GET / HTTP/1.1" 200 151406 "-" "Uptime-Kuma/1.23.3"
217.174.238.111 - - [10/Feb/2024:00:25:20 +0500] "GET / HTTP/1.1" 200 151406 "-" "Uptime-Kuma/1.23.3"
157.90.182.23 - - [10/Feb/2024:00:25:23 +0500] "GET /news/1002/show HTTP/1.1" 200 25789 "-" "Mozilla/5.0 (compatible; BLEXBot/1.0; +http://webmeup-crawler.com/)"
